Archive member included to satisfy reference by file (symbol)

c:/program files (x86)/gnu arm aarch64/bin/../lib/gcc/aarch64-elf/8.2.1\libc.a(lib_a-locale.o)
                              C:\Users\isheik\AppData\Local\Temp\ccizDc4v.o (__locale_ctype_ptr)
c:/program files (x86)/gnu arm aarch64/bin/../lib/gcc/aarch64-elf/8.2.1\libc.a(lib_a-malloc.o)
                              C:\Users\isheik\AppData\Local\Temp\ccqqo7CJ.o (malloc)
c:/program files (x86)/gnu arm aarch64/bin/../lib/gcc/aarch64-elf/8.2.1\libc.a(lib_a-mallocr.o)
                              c:/program files (x86)/gnu arm aarch64/bin/../lib/gcc/aarch64-elf/8.2.1\libc.a(lib_a-malloc.o) (_malloc_r)
c:/program files (x86)/gnu arm aarch64/bin/../lib/gcc/aarch64-elf/8.2.1\libc.a(lib_a-mbtowc_r.o)
                              c:/program files (x86)/gnu arm aarch64/bin/../lib/gcc/aarch64-elf/8.2.1\libc.a(lib_a-locale.o) (__ascii_mbtowc)
c:/program files (x86)/gnu arm aarch64/bin/../lib/gcc/aarch64-elf/8.2.1\libc.a(lib_a-memcpy.o)
                              C:\Users\isheik\AppData\Local\Temp\ccqqo7CJ.o (memcpy)
c:/program files (x86)/gnu arm aarch64/bin/../lib/gcc/aarch64-elf/8.2.1\libc.a(lib_a-mlock.o)
                              c:/program files (x86)/gnu arm aarch64/bin/../lib/gcc/aarch64-elf/8.2.1\libc.a(lib_a-mallocr.o) (__malloc_lock)
c:/program files (x86)/gnu arm aarch64/bin/../lib/gcc/aarch64-elf/8.2.1\libc.a(lib_a-reent.o)
                              C:\Users\isheik\AppData\Local\Temp\ccvES9Ep.o (errno)
c:/program files (x86)/gnu arm aarch64/bin/../lib/gcc/aarch64-elf/8.2.1\libc.a(lib_a-sbrkr.o)
                              c:/program files (x86)/gnu arm aarch64/bin/../lib/gcc/aarch64-elf/8.2.1\libc.a(lib_a-mallocr.o) (_sbrk_r)
c:/program files (x86)/gnu arm aarch64/bin/../lib/gcc/aarch64-elf/8.2.1\libc.a(lib_a-strcasecmp.o)
                              c:/program files (x86)/gnu arm aarch64/bin/../lib/gcc/aarch64-elf/8.2.1\libc.a(lib_a-locale.o) (strcasecmp)
c:/program files (x86)/gnu arm aarch64/bin/../lib/gcc/aarch64-elf/8.2.1\libc.a(lib_a-strcat.o)
                              c:/program files (x86)/gnu arm aarch64/bin/../lib/gcc/aarch64-elf/8.2.1\libc.a(lib_a-locale.o) (strcat)
c:/program files (x86)/gnu arm aarch64/bin/../lib/gcc/aarch64-elf/8.2.1\libc.a(lib_a-strchr.o)
                              C:\Users\isheik\AppData\Local\Temp\ccYBY81B.o (strchr)
c:/program files (x86)/gnu arm aarch64/bin/../lib/gcc/aarch64-elf/8.2.1\libc.a(lib_a-strcmp.o)
                              c:/program files (x86)/gnu arm aarch64/bin/../lib/gcc/aarch64-elf/8.2.1\libc.a(lib_a-locale.o) (strcmp)
c:/program files (x86)/gnu arm aarch64/bin/../lib/gcc/aarch64-elf/8.2.1\libc.a(lib_a-strcpy.o)
                              c:/program files (x86)/gnu arm aarch64/bin/../lib/gcc/aarch64-elf/8.2.1\libc.a(lib_a-locale.o) (strcpy)
c:/program files (x86)/gnu arm aarch64/bin/../lib/gcc/aarch64-elf/8.2.1\libc.a(lib_a-strlcpy.o)
                              c:/program files (x86)/gnu arm aarch64/bin/../lib/gcc/aarch64-elf/8.2.1\libc.a(lib_a-locale.o) (strlcpy)
c:/program files (x86)/gnu arm aarch64/bin/../lib/gcc/aarch64-elf/8.2.1\libc.a(lib_a-strlen.o)
                              C:\Users\isheik\AppData\Local\Temp\ccvES9Ep.o (strlen)
c:/program files (x86)/gnu arm aarch64/bin/../lib/gcc/aarch64-elf/8.2.1\libc.a(lib_a-strncasecmp.o)
                              c:/program files (x86)/gnu arm aarch64/bin/../lib/gcc/aarch64-elf/8.2.1\libc.a(lib_a-locale.o) (strncasecmp)
c:/program files (x86)/gnu arm aarch64/bin/../lib/gcc/aarch64-elf/8.2.1\libc.a(lib_a-strncmp.o)
                              c:/program files (x86)/gnu arm aarch64/bin/../lib/gcc/aarch64-elf/8.2.1\libc.a(lib_a-locale.o) (strncmp)
c:/program files (x86)/gnu arm aarch64/bin/../lib/gcc/aarch64-elf/8.2.1\libc.a(lib_a-strncpy.o)
                              c:/program files (x86)/gnu arm aarch64/bin/../lib/gcc/aarch64-elf/8.2.1\libc.a(lib_a-locale.o) (strncpy)
c:/program files (x86)/gnu arm aarch64/bin/../lib/gcc/aarch64-elf/8.2.1\libc.a(lib_a-strnlen.o)
                              C:\Users\isheik\AppData\Local\Temp\ccizDc4v.o (strnlen)
c:/program files (x86)/gnu arm aarch64/bin/../lib/gcc/aarch64-elf/8.2.1\libc.a(lib_a-strtol.o)
                              c:/program files (x86)/gnu arm aarch64/bin/../lib/gcc/aarch64-elf/8.2.1\libc.a(lib_a-locale.o) (strtol)
c:/program files (x86)/gnu arm aarch64/bin/../lib/gcc/aarch64-elf/8.2.1\libc.a(lib_a-wctob.o)
                              C:\Users\isheik\AppData\Local\Temp\ccYBY81B.o (wctob)
c:/program files (x86)/gnu arm aarch64/bin/../lib/gcc/aarch64-elf/8.2.1\libc.a(lib_a-wctomb_r.o)
                              c:/program files (x86)/gnu arm aarch64/bin/../lib/gcc/aarch64-elf/8.2.1\libc.a(lib_a-locale.o) (__ascii_wctomb)
c:/program files (x86)/gnu arm aarch64/bin/../lib/gcc/aarch64-elf/8.2.1\libc.a(lib_a-ctype_.o)
                              c:/program files (x86)/gnu arm aarch64/bin/../lib/gcc/aarch64-elf/8.2.1\libc.a(lib_a-locale.o) (__set_ctype)
c:/program files (x86)/gnu arm aarch64/bin/../lib/gcc/aarch64-elf/8.2.1\libc.a(lib_a-freer.o)
                              c:/program files (x86)/gnu arm aarch64/bin/../lib/gcc/aarch64-elf/8.2.1\libc.a(lib_a-malloc.o) (_free_r)
c:/program files (x86)/gnu arm aarch64/bin/../lib/gcc/aarch64-elf/8.2.1\libc.a(lib_a-getenv_r.o)
                              c:/program files (x86)/gnu arm aarch64/bin/../lib/gcc/aarch64-elf/8.2.1\libc.a(lib_a-locale.o) (_getenv_r)
c:/program files (x86)/gnu arm aarch64/bin/../lib/gcc/aarch64-elf/8.2.1\libc.a(lib_a-impure.o)
                              c:/program files (x86)/gnu arm aarch64/bin/../lib/gcc/aarch64-elf/8.2.1\libc.a(lib_a-locale.o) (_impure_ptr)
c:/program files (x86)/gnu arm aarch64/bin/../lib/gcc/aarch64-elf/8.2.1\libc.a(lib_a-memset.o)
                              c:/program files (x86)/gnu arm aarch64/bin/../lib/gcc/aarch64-elf/8.2.1\libc.a(lib_a-wctob.o) (memset)
c:/program files (x86)/gnu arm aarch64/bin/../lib/gcc/aarch64-elf/8.2.1\libc.a(lib_a-environ.o)
                              c:/program files (x86)/gnu arm aarch64/bin/../lib/gcc/aarch64-elf/8.2.1\libc.a(lib_a-getenv_r.o) (environ)
c:/program files (x86)/gnu arm aarch64/bin/../lib/gcc/aarch64-elf/8.2.1\libc.a(lib_a-envlock.o)
                              c:/program files (x86)/gnu arm aarch64/bin/../lib/gcc/aarch64-elf/8.2.1\libc.a(lib_a-getenv_r.o) (__env_lock)

Allocating common symbols
Common symbol       size              file

errno               0x4               c:/program files (x86)/gnu arm aarch64/bin/../lib/gcc/aarch64-elf/8.2.1\libc.a(lib_a-reent.o)
buffer              0x1f4             C:\Users\isheik\AppData\Local\Temp\ccqqo7CJ.o

Discarded input sections

 .data          0x0000000000000000        0x0 C:\Users\isheik\AppData\Local\Temp\ccqqo7CJ.o
 .bss           0x0000000000000000        0x0 C:\Users\isheik\AppData\Local\Temp\ccqqo7CJ.o
 .comment       0x0000000000000000       0x5f C:\Users\isheik\AppData\Local\Temp\ccqqo7CJ.o
 COMMON         0x0000000000000000      0x1f4 C:\Users\isheik\AppData\Local\Temp\ccqqo7CJ.o
 .text          0x0000000000000000        0x0 C:\Users\isheik\AppData\Local\Temp\ccqy0DsG.o
 .data          0x0000000000000000        0x0 C:\Users\isheik\AppData\Local\Temp\ccqy0DsG.o
 .bss           0x0000000000000000        0x0 C:\Users\isheik\AppData\Local\Temp\ccqy0DsG.o
 .comment       0x0000000000000000       0x5f C:\Users\isheik\AppData\Local\Temp\ccvES9Ep.o
 .data          0x0000000000000000        0x0 C:\Users\isheik\AppData\Local\Temp\ccizDc4v.o
 .bss           0x0000000000000000        0x0 C:\Users\isheik\AppData\Local\Temp\ccizDc4v.o
 .comment       0x0000000000000000       0x5f C:\Users\isheik\AppData\Local\Temp\ccizDc4v.o
 .comment       0x0000000000000000       0x5f C:\Users\isheik\AppData\Local\Temp\ccYBY81B.o
 .data          0x0000000000000000        0x0 C:\Users\isheik\AppData\Local\Temp\ccHLIeN3.o
 .comment       0x0000000000000000       0x5f C:\Users\isheik\AppData\Local\Temp\ccHLIeN3.o
 .bss           0x0000000000000000        0x0 C:\Users\isheik\AppData\Local\Temp\ccu3ZVrS.o
 .comment       0x0000000000000000       0x5f C:\Users\isheik\AppData\Local\Temp\ccu3ZVrS.o
 .text          0x0000000000000000        0x0 c:/program files (x86)/gnu arm aarch64/bin/../lib/gcc/aarch64-elf/8.2.1\libc.a(lib_a-locale.o)
 .data          0x0000000000000000        0x0 c:/program files (x86)/gnu arm aarch64/bin/../lib/gcc/aarch64-elf/8.2.1\libc.a(lib_a-locale.o)
 .bss           0x0000000000000000        0x0 c:/program files (x86)/gnu arm aarch64/bin/../lib/gcc/aarch64-elf/8.2.1\libc.a(lib_a-locale.o)
 .text.currentlocale
                0x0000000000000000       0xb8 c:/program files (x86)/gnu arm aarch64/bin/../lib/gcc/aarch64-elf/8.2.1\libc.a(lib_a-locale.o)
 .text.__loadlocale
                0x0000000000000000      0x79c c:/program files (x86)/gnu arm aarch64/bin/../lib/gcc/aarch64-elf/8.2.1\libc.a(lib_a-locale.o)
 .rodata.__loadlocale
                0x0000000000000000       0x6a c:/program files (x86)/gnu arm aarch64/bin/../lib/gcc/aarch64-elf/8.2.1\libc.a(lib_a-locale.o)
 .text.__get_locale_env
                0x0000000000000000       0x88 c:/program files (x86)/gnu arm aarch64/bin/../lib/gcc/aarch64-elf/8.2.1\libc.a(lib_a-locale.o)
 .text._setlocale_r
                0x0000000000000000      0x39c c:/program files (x86)/gnu arm aarch64/bin/../lib/gcc/aarch64-elf/8.2.1\libc.a(lib_a-locale.o)
 .text.__locale_mb_cur_max
                0x0000000000000000       0x24 c:/program files (x86)/gnu arm aarch64/bin/../lib/gcc/aarch64-elf/8.2.1\libc.a(lib_a-locale.o)
 .text.__locale_ctype_ptr_l
                0x0000000000000000        0x8 c:/program files (x86)/gnu arm aarch64/bin/../lib/gcc/aarch64-elf/8.2.1\libc.a(lib_a-locale.o)
 .text.setlocale
                0x0000000000000000       0x14 c:/program files (x86)/gnu arm aarch64/bin/../lib/gcc/aarch64-elf/8.2.1\libc.a(lib_a-locale.o)
 .bss._PathLocale
                0x0000000000000000        0x8 c:/program files (x86)/gnu arm aarch64/bin/../lib/gcc/aarch64-elf/8.2.1\libc.a(lib_a-locale.o)
 .bss.global_locale_string
                0x0000000000000000       0xe7 c:/program files (x86)/gnu arm aarch64/bin/../lib/gcc/aarch64-elf/8.2.1\libc.a(lib_a-locale.o)
 .bss.new_categories.4508
                0x0000000000000000       0xe0 c:/program files (x86)/gnu arm aarch64/bin/../lib/gcc/aarch64-elf/8.2.1\libc.a(lib_a-locale.o)
 .bss.saved_categories.4509
                0x0000000000000000       0xe0 c:/program files (x86)/gnu arm aarch64/bin/../lib/gcc/aarch64-elf/8.2.1\libc.a(lib_a-locale.o)
 .data.__default_locale
                0x0000000000000000       0x20 c:/program files (x86)/gnu arm aarch64/bin/../lib/gcc/aarch64-elf/8.2.1\libc.a(lib_a-locale.o)
 .rodata.__C_locale
                0x0000000000000000      0x1a8 c:/program files (x86)/gnu arm aarch64/bin/../lib/gcc/aarch64-elf/8.2.1\libc.a(lib_a-locale.o)
 .rodata.__get_locale_env.str1.8
                0x0000000000000000        0xd c:/program files (x86)/gnu arm aarch64/bin/../lib/gcc/aarch64-elf/8.2.1\libc.a(lib_a-locale.o)
 .rodata.__loadlocale.str1.8
                0x0000000000000000      0x10b c:/program files (x86)/gnu arm aarch64/bin/../lib/gcc/aarch64-elf/8.2.1\libc.a(lib_a-locale.o)
 .rodata.categories
                0x0000000000000000       0x38 c:/program files (x86)/gnu arm aarch64/bin/../lib/gcc/aarch64-elf/8.2.1\libc.a(lib_a-locale.o)
 .rodata.currentlocale.str1.8
                0x0000000000000000        0x2 c:/program files (x86)/gnu arm aarch64/bin/../lib/gcc/aarch64-elf/8.2.1\libc.a(lib_a-locale.o)
 .comment       0x0000000000000000       0x5f c:/program files (x86)/gnu arm aarch64/bin/../lib/gcc/aarch64-elf/8.2.1\libc.a(lib_a-locale.o)
 .debug_frame   0x0000000000000000      0x250 c:/program files (x86)/gnu arm aarch64/bin/../lib/gcc/aarch64-elf/8.2.1\libc.a(lib_a-locale.o)
 .text          0x0000000000000000        0x0 c:/program files (x86)/gnu arm aarch64/bin/../lib/gcc/aarch64-elf/8.2.1\libc.a(lib_a-malloc.o)
 .data          0x0000000000000000        0x0 c:/program files (x86)/gnu arm aarch64/bin/../lib/gcc/aarch64-elf/8.2.1\libc.a(lib_a-malloc.o)
 .bss           0x0000000000000000        0x0 c:/program files (x86)/gnu arm aarch64/bin/../lib/gcc/aarch64-elf/8.2.1\libc.a(lib_a-malloc.o)
 .text.free     0x0000000000000000       0x10 c:/program files (x86)/gnu arm aarch64/bin/../lib/gcc/aarch64-elf/8.2.1\libc.a(lib_a-malloc.o)
 .comment       0x0000000000000000       0x5f c:/program files (x86)/gnu arm aarch64/bin/../lib/gcc/aarch64-elf/8.2.1\libc.a(lib_a-malloc.o)
 .debug_frame   0x0000000000000000       0x40 c:/program files (x86)/gnu arm aarch64/bin/../lib/gcc/aarch64-elf/8.2.1\libc.a(lib_a-malloc.o)
 .text          0x0000000000000000        0x0 c:/program files (x86)/gnu arm aarch64/bin/../lib/gcc/aarch64-elf/8.2.1\libc.a(lib_a-mallocr.o)
 .data          0x0000000000000000        0x0 c:/program files (x86)/gnu arm aarch64/bin/../lib/gcc/aarch64-elf/8.2.1\libc.a(lib_a-mallocr.o)
 .bss           0x0000000000000000        0x0 c:/program files (x86)/gnu arm aarch64/bin/../lib/gcc/aarch64-elf/8.2.1\libc.a(lib_a-mallocr.o)
 .comment       0x0000000000000000       0x5f c:/program files (x86)/gnu arm aarch64/bin/../lib/gcc/aarch64-elf/8.2.1\libc.a(lib_a-mallocr.o)
 .debug_frame   0x0000000000000000       0xc8 c:/program files (x86)/gnu arm aarch64/bin/../lib/gcc/aarch64-elf/8.2.1\libc.a(lib_a-mallocr.o)
 .text          0x0000000000000000        0x0 c:/program files (x86)/gnu arm aarch64/bin/../lib/gcc/aarch64-elf/8.2.1\libc.a(lib_a-mbtowc_r.o)
 .data          0x0000000000000000        0x0 c:/program files (x86)/gnu arm aarch64/bin/../lib/gcc/aarch64-elf/8.2.1\libc.a(lib_a-mbtowc_r.o)
 .bss           0x0000000000000000        0x0 c:/program files (x86)/gnu arm aarch64/bin/../lib/gcc/aarch64-elf/8.2.1\libc.a(lib_a-mbtowc_r.o)
 .text._mbtowc_r
                0x0000000000000000       0x24 c:/program files (x86)/gnu arm aarch64/bin/../lib/gcc/aarch64-elf/8.2.1\libc.a(lib_a-mbtowc_r.o)
 .text.__utf8_mbtowc
                0x0000000000000000      0x2c8 c:/program files (x86)/gnu arm aarch64/bin/../lib/gcc/aarch64-elf/8.2.1\libc.a(lib_a-mbtowc_r.o)
 .text.__sjis_mbtowc
                0x0000000000000000       0xcc c:/program files (x86)/gnu arm aarch64/bin/../lib/gcc/aarch64-elf/8.2.1\libc.a(lib_a-mbtowc_r.o)
 .text.__eucjp_mbtowc
                0x0000000000000000      0x120 c:/program files (x86)/gnu arm aarch64/bin/../lib/gcc/aarch64-elf/8.2.1\libc.a(lib_a-mbtowc_r.o)
 .text.__jis_mbtowc
                0x0000000000000000      0x1d4 c:/program files (x86)/gnu arm aarch64/bin/../lib/gcc/aarch64-elf/8.2.1\libc.a(lib_a-mbtowc_r.o)
 .rodata.JIS_action_table
                0x0000000000000000       0x48 c:/program files (x86)/gnu arm aarch64/bin/../lib/gcc/aarch64-elf/8.2.1\libc.a(lib_a-mbtowc_r.o)
 .rodata.JIS_state_table
                0x0000000000000000       0x48 c:/program files (x86)/gnu arm aarch64/bin/../lib/gcc/aarch64-elf/8.2.1\libc.a(lib_a-mbtowc_r.o)
 .comment       0x0000000000000000       0x5f c:/program files (x86)/gnu arm aarch64/bin/../lib/gcc/aarch64-elf/8.2.1\libc.a(lib_a-mbtowc_r.o)
 .debug_frame   0x0000000000000000      0x130 c:/program files (x86)/gnu arm aarch64/bin/../lib/gcc/aarch64-elf/8.2.1\libc.a(lib_a-mbtowc_r.o)
 .data          0x0000000000000000        0x0 c:/program files (x86)/gnu arm aarch64/bin/../lib/gcc/aarch64-elf/8.2.1\libc.a(lib_a-memcpy.o)
 .bss           0x0000000000000000        0x0 c:/program files (x86)/gnu arm aarch64/bin/../lib/gcc/aarch64-elf/8.2.1\libc.a(lib_a-memcpy.o)
 .text          0x0000000000000000        0x0 c:/program files (x86)/gnu arm aarch64/bin/../lib/gcc/aarch64-elf/8.2.1\libc.a(lib_a-mlock.o)
 .data          0x0000000000000000        0x0 c:/program files (x86)/gnu arm aarch64/bin/../lib/gcc/aarch64-elf/8.2.1\libc.a(lib_a-mlock.o)
 .bss           0x0000000000000000        0x0 c:/program files (x86)/gnu arm aarch64/bin/../lib/gcc/aarch64-elf/8.2.1\libc.a(lib_a-mlock.o)
 .comment       0x0000000000000000       0x5f c:/program files (x86)/gnu arm aarch64/bin/../lib/gcc/aarch64-elf/8.2.1\libc.a(lib_a-mlock.o)
 .debug_frame   0x0000000000000000       0x40 c:/program files (x86)/gnu arm aarch64/bin/../lib/gcc/aarch64-elf/8.2.1\libc.a(lib_a-mlock.o)
 .text          0x0000000000000000        0x0 c:/program files (x86)/gnu arm aarch64/bin/../lib/gcc/aarch64-elf/8.2.1\libc.a(lib_a-reent.o)
 .data          0x0000000000000000        0x0 c:/program files (x86)/gnu arm aarch64/bin/../lib/gcc/aarch64-elf/8.2.1\libc.a(lib_a-reent.o)
 .bss           0x0000000000000000        0x0 c:/program files (x86)/gnu arm aarch64/bin/../lib/gcc/aarch64-elf/8.2.1\libc.a(lib_a-reent.o)
 .text.cleanup_glue
                0x0000000000000000       0x34 c:/program files (x86)/gnu arm aarch64/bin/../lib/gcc/aarch64-elf/8.2.1\libc.a(lib_a-reent.o)
 .text._reclaim_reent
                0x0000000000000000       0xf8 c:/program files (x86)/gnu arm aarch64/bin/../lib/gcc/aarch64-elf/8.2.1\libc.a(lib_a-reent.o)
 .comment       0x0000000000000000       0x5f c:/program files (x86)/gnu arm aarch64/bin/../lib/gcc/aarch64-elf/8.2.1\libc.a(lib_a-reent.o)
 .debug_frame   0x0000000000000000       0x80 c:/program files (x86)/gnu arm aarch64/bin/../lib/gcc/aarch64-elf/8.2.1\libc.a(lib_a-reent.o)
 .text          0x0000000000000000        0x0 c:/program files (x86)/gnu arm aarch64/bin/../lib/gcc/aarch64-elf/8.2.1\libc.a(lib_a-sbrkr.o)
 .data          0x0000000000000000        0x0 c:/program files (x86)/gnu arm aarch64/bin/../lib/gcc/aarch64-elf/8.2.1\libc.a(lib_a-sbrkr.o)
 .bss           0x0000000000000000        0x0 c:/program files (x86)/gnu arm aarch64/bin/../lib/gcc/aarch64-elf/8.2.1\libc.a(lib_a-sbrkr.o)
 .comment       0x0000000000000000       0x5f c:/program files (x86)/gnu arm aarch64/bin/../lib/gcc/aarch64-elf/8.2.1\libc.a(lib_a-sbrkr.o)
 .debug_frame   0x0000000000000000       0x48 c:/program files (x86)/gnu arm aarch64/bin/../lib/gcc/aarch64-elf/8.2.1\libc.a(lib_a-sbrkr.o)
 .text          0x0000000000000000        0x0 c:/program files (x86)/gnu arm aarch64/bin/../lib/gcc/aarch64-elf/8.2.1\libc.a(lib_a-strcasecmp.o)
 .data          0x0000000000000000        0x0 c:/program files (x86)/gnu arm aarch64/bin/../lib/gcc/aarch64-elf/8.2.1\libc.a(lib_a-strcasecmp.o)
 .bss           0x0000000000000000        0x0 c:/program files (x86)/gnu arm aarch64/bin/../lib/gcc/aarch64-elf/8.2.1\libc.a(lib_a-strcasecmp.o)
 .text.strcasecmp
                0x0000000000000000       0xa0 c:/program files (x86)/gnu arm aarch64/bin/../lib/gcc/aarch64-elf/8.2.1\libc.a(lib_a-strcasecmp.o)
 .debug_info    0x0000000000000000      0x180 c:/program files (x86)/gnu arm aarch64/bin/../lib/gcc/aarch64-elf/8.2.1\libc.a(lib_a-strcasecmp.o)
 .debug_abbrev  0x0000000000000000       0xde c:/program files (x86)/gnu arm aarch64/bin/../lib/gcc/aarch64-elf/8.2.1\libc.a(lib_a-strcasecmp.o)
 .debug_loc     0x0000000000000000      0x24f c:/program files (x86)/gnu arm aarch64/bin/../lib/gcc/aarch64-elf/8.2.1\libc.a(lib_a-strcasecmp.o)
 .debug_aranges
                0x0000000000000000       0x30 c:/program files (x86)/gnu arm aarch64/bin/../lib/gcc/aarch64-elf/8.2.1\libc.a(lib_a-strcasecmp.o)
 .debug_ranges  0x0000000000000000       0xd0 c:/program files (x86)/gnu arm aarch64/bin/../lib/gcc/aarch64-elf/8.2.1\libc.a(lib_a-strcasecmp.o)
 .debug_line    0x0000000000000000      0x1c7 c:/program files (x86)/gnu arm aarch64/bin/../lib/gcc/aarch64-elf/8.2.1\libc.a(lib_a-strcasecmp.o)
 .debug_str     0x0000000000000000      0x239 c:/program files (x86)/gnu arm aarch64/bin/../lib/gcc/aarch64-elf/8.2.1\libc.a(lib_a-strcasecmp.o)
 .comment       0x0000000000000000       0x5f c:/program files (x86)/gnu arm aarch64/bin/../lib/gcc/aarch64-elf/8.2.1\libc.a(lib_a-strcasecmp.o)
 .debug_frame   0x0000000000000000       0x58 c:/program files (x86)/gnu arm aarch64/bin/../lib/gcc/aarch64-elf/8.2.1\libc.a(lib_a-strcasecmp.o)
 .text          0x0000000000000000        0x0 c:/program files (x86)/gnu arm aarch64/bin/../lib/gcc/aarch64-elf/8.2.1\libc.a(lib_a-strcat.o)
 .data          0x0000000000000000        0x0 c:/program files (x86)/gnu arm aarch64/bin/../lib/gcc/aarch64-elf/8.2.1\libc.a(lib_a-strcat.o)
 .bss           0x0000000000000000        0x0 c:/program files (x86)/gnu arm aarch64/bin/../lib/gcc/aarch64-elf/8.2.1\libc.a(lib_a-strcat.o)
 .text.strcat   0x0000000000000000       0x74 c:/program files (x86)/gnu arm aarch64/bin/../lib/gcc/aarch64-elf/8.2.1\libc.a(lib_a-strcat.o)
 .debug_info    0x0000000000000000      0x9c0 c:/program files (x86)/gnu arm aarch64/bin/../lib/gcc/aarch64-elf/8.2.1\libc.a(lib_a-strcat.o)
 .debug_abbrev  0x0000000000000000      0x23b c:/program files (x86)/gnu arm aarch64/bin/../lib/gcc/aarch64-elf/8.2.1\libc.a(lib_a-strcat.o)
 .debug_loc     0x0000000000000000      0x12e c:/program files (x86)/gnu arm aarch64/bin/../lib/gcc/aarch64-elf/8.2.1\libc.a(lib_a-strcat.o)
 .debug_aranges
                0x0000000000000000       0x30 c:/program files (x86)/gnu arm aarch64/bin/../lib/gcc/aarch64-elf/8.2.1\libc.a(lib_a-strcat.o)
 .debug_ranges  0x0000000000000000       0x20 c:/program files (x86)/gnu arm aarch64/bin/../lib/gcc/aarch64-elf/8.2.1\libc.a(lib_a-strcat.o)
 .debug_line    0x0000000000000000      0x2d1 c:/program files (x86)/gnu arm aarch64/bin/../lib/gcc/aarch64-elf/8.2.1\libc.a(lib_a-strcat.o)
 .debug_str     0x0000000000000000      0x61e c:/program files (x86)/gnu arm aarch64/bin/../lib/gcc/aarch64-elf/8.2.1\libc.a(lib_a-strcat.o)
 .comment       0x0000000000000000       0x5f c:/program files (x86)/gnu arm aarch64/bin/../lib/gcc/aarch64-elf/8.2.1\libc.a(lib_a-strcat.o)
 .debug_frame   0x0000000000000000       0x38 c:/program files (x86)/gnu arm aarch64/bin/../lib/gcc/aarch64-elf/8.2.1\libc.a(lib_a-strcat.o)
 .data          0x0000000000000000        0x0 c:/program files (x86)/gnu arm aarch64/bin/../lib/gcc/aarch64-elf/8.2.1\libc.a(lib_a-strchr.o)
 .bss           0x0000000000000000        0x0 c:/program files (x86)/gnu arm aarch64/bin/../lib/gcc/aarch64-elf/8.2.1\libc.a(lib_a-strchr.o)
 .text          0x0000000000000000       0xa4 c:/program files (x86)/gnu arm aarch64/bin/../lib/gcc/aarch64-elf/8.2.1\libc.a(lib_a-strcmp.o)
 .data          0x0000000000000000        0x0 c:/program files (x86)/gnu arm aarch64/bin/../lib/gcc/aarch64-elf/8.2.1\libc.a(lib_a-strcmp.o)
 .bss           0x0000000000000000        0x0 c:/program files (x86)/gnu arm aarch64/bin/../lib/gcc/aarch64-elf/8.2.1\libc.a(lib_a-strcmp.o)
 .debug_line    0x0000000000000000       0xf0 c:/program files (x86)/gnu arm aarch64/bin/../lib/gcc/aarch64-elf/8.2.1\libc.a(lib_a-strcmp.o)
 .debug_info    0x0000000000000000       0x2e c:/program files (x86)/gnu arm aarch64/bin/../lib/gcc/aarch64-elf/8.2.1\libc.a(lib_a-strcmp.o)
 .debug_abbrev  0x0000000000000000       0x14 c:/program files (x86)/gnu arm aarch64/bin/../lib/gcc/aarch64-elf/8.2.1\libc.a(lib_a-strcmp.o)
 .debug_aranges
                0x0000000000000000       0x30 c:/program files (x86)/gnu arm aarch64/bin/../lib/gcc/aarch64-elf/8.2.1\libc.a(lib_a-strcmp.o)
 .debug_str     0x0000000000000000      0x147 c:/program files (x86)/gnu arm aarch64/bin/../lib/gcc/aarch64-elf/8.2.1\libc.a(lib_a-strcmp.o)
 .text          0x0000000000000000      0x1b8 c:/program files (x86)/gnu arm aarch64/bin/../lib/gcc/aarch64-elf/8.2.1\libc.a(lib_a-strcpy.o)
 .data          0x0000000000000000        0x0 c:/program files (x86)/gnu arm aarch64/bin/../lib/gcc/aarch64-elf/8.2.1\libc.a(lib_a-strcpy.o)
 .bss           0x0000000000000000        0x0 c:/program files (x86)/gnu arm aarch64/bin/../lib/gcc/aarch64-elf/8.2.1\libc.a(lib_a-strcpy.o)
 .debug_line    0x0000000000000000      0x12e c:/program files (x86)/gnu arm aarch64/bin/../lib/gcc/aarch64-elf/8.2.1\libc.a(lib_a-strcpy.o)
 .debug_info    0x0000000000000000       0x2e c:/program files (x86)/gnu arm aarch64/bin/../lib/gcc/aarch64-elf/8.2.1\libc.a(lib_a-strcpy.o)
 .debug_abbrev  0x0000000000000000       0x14 c:/program files (x86)/gnu arm aarch64/bin/../lib/gcc/aarch64-elf/8.2.1\libc.a(lib_a-strcpy.o)
 .debug_aranges
                0x0000000000000000       0x30 c:/program files (x86)/gnu arm aarch64/bin/../lib/gcc/aarch64-elf/8.2.1\libc.a(lib_a-strcpy.o)
 .debug_str     0x0000000000000000      0x147 c:/program files (x86)/gnu arm aarch64/bin/../lib/gcc/aarch64-elf/8.2.1\libc.a(lib_a-strcpy.o)
 .text          0x0000000000000000        0x0 c:/program files (x86)/gnu arm aarch64/bin/../lib/gcc/aarch64-elf/8.2.1\libc.a(lib_a-strlcpy.o)
 .data          0x0000000000000000        0x0 c:/program files (x86)/gnu arm aarch64/bin/../lib/gcc/aarch64-elf/8.2.1\libc.a(lib_a-strlcpy.o)
 .bss           0x0000000000000000        0x0 c:/program files (x86)/gnu arm aarch64/bin/../lib/gcc/aarch64-elf/8.2.1\libc.a(lib_a-strlcpy.o)
 .text.strlcpy  0x0000000000000000       0x54 c:/program files (x86)/gnu arm aarch64/bin/../lib/gcc/aarch64-elf/8.2.1\libc.a(lib_a-strlcpy.o)
 .debug_info    0x0000000000000000      0x9a9 c:/program files (x86)/gnu arm aarch64/bin/../lib/gcc/aarch64-elf/8.2.1\libc.a(lib_a-strlcpy.o)
 .debug_abbrev  0x0000000000000000      0x206 c:/program files (x86)/gnu arm aarch64/bin/../lib/gcc/aarch64-elf/8.2.1\libc.a(lib_a-strlcpy.o)
 .debug_loc     0x0000000000000000      0x242 c:/program files (x86)/gnu arm aarch64/bin/../lib/gcc/aarch64-elf/8.2.1\libc.a(lib_a-strlcpy.o)
 .debug_aranges
                0x0000000000000000       0x30 c:/program files (x86)/gnu arm aarch64/bin/../lib/gcc/aarch64-elf/8.2.1\libc.a(lib_a-strlcpy.o)
 .debug_ranges  0x0000000000000000       0x20 c:/program files (x86)/gnu arm aarch64/bin/../lib/gcc/aarch64-elf/8.2.1\libc.a(lib_a-strlcpy.o)
 .debug_line    0x0000000000000000      0x2ed c:/program files (x86)/gnu arm aarch64/bin/../lib/gcc/aarch64-elf/8.2.1\libc.a(lib_a-strlcpy.o)
 .debug_str     0x0000000000000000      0x615 c:/program files (x86)/gnu arm aarch64/bin/../lib/gcc/aarch64-elf/8.2.1\libc.a(lib_a-strlcpy.o)
 .comment       0x0000000000000000       0x5f c:/program files (x86)/gnu arm aarch64/bin/../lib/gcc/aarch64-elf/8.2.1\libc.a(lib_a-strlcpy.o)
 .debug_frame   0x0000000000000000       0x28 c:/program files (x86)/gnu arm aarch64/bin/../lib/gcc/aarch64-elf/8.2.1\libc.a(lib_a-strlcpy.o)
 .data          0x0000000000000000        0x0 c:/program files (x86)/gnu arm aarch64/bin/../lib/gcc/aarch64-elf/8.2.1\libc.a(lib_a-strlen.o)
 .bss           0x0000000000000000        0x0 c:/program files (x86)/gnu arm aarch64/bin/../lib/gcc/aarch64-elf/8.2.1\libc.a(lib_a-strlen.o)
 .text          0x0000000000000000        0x0 c:/program files (x86)/gnu arm aarch64/bin/../lib/gcc/aarch64-elf/8.2.1\libc.a(lib_a-strncasecmp.o)
 .data          0x0000000000000000        0x0 c:/program files (x86)/gnu arm aarch64/bin/../lib/gcc/aarch64-elf/8.2.1\libc.a(lib_a-strncasecmp.o)
 .bss           0x0000000000000000        0x0 c:/program files (x86)/gnu arm aarch64/bin/../lib/gcc/aarch64-elf/8.2.1\libc.a(lib_a-strncasecmp.o)
 .text.strncasecmp
                0x0000000000000000       0xcc c:/program files (x86)/gnu arm aarch64/bin/../lib/gcc/aarch64-elf/8.2.1\libc.a(lib_a-strncasecmp.o)
 .debug_info    0x0000000000000000      0x19e c:/program files (x86)/gnu arm aarch64/bin/../lib/gcc/aarch64-elf/8.2.1\libc.a(lib_a-strncasecmp.o)
 .debug_abbrev  0x0000000000000000       0xed c:/program files (x86)/gnu arm aarch64/bin/../lib/gcc/aarch64-elf/8.2.1\libc.a(lib_a-strncasecmp.o)
 .debug_loc     0x0000000000000000      0x30e c:/program files (x86)/gnu arm aarch64/bin/../lib/gcc/aarch64-elf/8.2.1\libc.a(lib_a-strncasecmp.o)
 .debug_aranges
                0x0000000000000000       0x30 c:/program files (x86)/gnu arm aarch64/bin/../lib/gcc/aarch64-elf/8.2.1\libc.a(lib_a-strncasecmp.o)
 .debug_ranges  0x0000000000000000       0xd0 c:/program files (x86)/gnu arm aarch64/bin/../lib/gcc/aarch64-elf/8.2.1\libc.a(lib_a-strncasecmp.o)
 .debug_line    0x0000000000000000      0x274 c:/program files (x86)/gnu arm aarch64/bin/../lib/gcc/aarch64-elf/8.2.1\libc.a(lib_a-strncasecmp.o)
 .debug_str     0x0000000000000000      0x242 c:/program files (x86)/gnu arm aarch64/bin/../lib/gcc/aarch64-elf/8.2.1\libc.a(lib_a-strncasecmp.o)
 .comment       0x0000000000000000       0x5f c:/program files (x86)/gnu arm aarch64/bin/../lib/gcc/aarch64-elf/8.2.1\libc.a(lib_a-strncasecmp.o)
 .debug_frame   0x0000000000000000       0x60 c:/program files (x86)/gnu arm aarch64/bin/../lib/gcc/aarch64-elf/8.2.1\libc.a(lib_a-strncasecmp.o)
 .text          0x0000000000000000      0x124 c:/program files (x86)/gnu arm aarch64/bin/../lib/gcc/aarch64-elf/8.2.1\libc.a(lib_a-strncmp.o)
 .data          0x0000000000000000        0x0 c:/program files (x86)/gnu arm aarch64/bin/../lib/gcc/aarch64-elf/8.2.1\libc.a(lib_a-strncmp.o)
 .bss           0x0000000000000000        0x0 c:/program files (x86)/gnu arm aarch64/bin/../lib/gcc/aarch64-elf/8.2.1\libc.a(lib_a-strncmp.o)
 .debug_line    0x0000000000000000      0x10a c:/program files (x86)/gnu arm aarch64/bin/../lib/gcc/aarch64-elf/8.2.1\libc.a(lib_a-strncmp.o)
 .debug_info    0x0000000000000000       0x2e c:/program files (x86)/gnu arm aarch64/bin/../lib/gcc/aarch64-elf/8.2.1\libc.a(lib_a-strncmp.o)
 .debug_abbrev  0x0000000000000000       0x14 c:/program files (x86)/gnu arm aarch64/bin/../lib/gcc/aarch64-elf/8.2.1\libc.a(lib_a-strncmp.o)
 .debug_aranges
                0x0000000000000000       0x30 c:/program files (x86)/gnu arm aarch64/bin/../lib/gcc/aarch64-elf/8.2.1\libc.a(lib_a-strncmp.o)
 .debug_str     0x0000000000000000      0x148 c:/program files (x86)/gnu arm aarch64/bin/../lib/gcc/aarch64-elf/8.2.1\libc.a(lib_a-strncmp.o)
 .text          0x0000000000000000        0x0 c:/program files (x86)/gnu arm aarch64/bin/../lib/gcc/aarch64-elf/8.2.1\libc.a(lib_a-strncpy.o)
 .data          0x0000000000000000        0x0 c:/program files (x86)/gnu arm aarch64/bin/../lib/gcc/aarch64-elf/8.2.1\libc.a(lib_a-strncpy.o)
 .bss           0x0000000000000000        0x0 c:/program files (x86)/gnu arm aarch64/bin/../lib/gcc/aarch64-elf/8.2.1\libc.a(lib_a-strncpy.o)
 .text.strncpy  0x0000000000000000       0xa8 c:/program files (x86)/gnu arm aarch64/bin/../lib/gcc/aarch64-elf/8.2.1\libc.a(lib_a-strncpy.o)
 .debug_info    0x0000000000000000      0x9da c:/program files (x86)/gnu arm aarch64/bin/../lib/gcc/aarch64-elf/8.2.1\libc.a(lib_a-strncpy.o)
 .debug_abbrev  0x0000000000000000      0x232 c:/program files (x86)/gnu arm aarch64/bin/../lib/gcc/aarch64-elf/8.2.1\libc.a(lib_a-strncpy.o)
 .debug_loc     0x0000000000000000      0x26f c:/program files (x86)/gnu arm aarch64/bin/../lib/gcc/aarch64-elf/8.2.1\libc.a(lib_a-strncpy.o)
 .debug_aranges
                0x0000000000000000       0x30 c:/program files (x86)/gnu arm aarch64/bin/../lib/gcc/aarch64-elf/8.2.1\libc.a(lib_a-strncpy.o)
 .debug_ranges  0x0000000000000000       0x20 c:/program files (x86)/gnu arm aarch64/bin/../lib/gcc/aarch64-elf/8.2.1\libc.a(lib_a-strncpy.o)
 .debug_line    0x0000000000000000      0x32b c:/program files (x86)/gnu arm aarch64/bin/../lib/gcc/aarch64-elf/8.2.1\libc.a(lib_a-strncpy.o)
 .debug_str     0x0000000000000000      0x63d c:/program files (x86)/gnu arm aarch64/bin/../lib/gcc/aarch64-elf/8.2.1\libc.a(lib_a-strncpy.o)
 .comment       0x0000000000000000       0x5f c:/program files (x86)/gnu arm aarch64/bin/../lib/gcc/aarch64-elf/8.2.1\libc.a(lib_a-strncpy.o)
 .debug_frame   0x0000000000000000       0x28 c:/program files (x86)/gnu arm aarch64/bin/../lib/gcc/aarch64-elf/8.2.1\libc.a(lib_a-strncpy.o)
 .data          0x0000000000000000        0x0 c:/program files (x86)/gnu arm aarch64/bin/../lib/gcc/aarch64-elf/8.2.1\libc.a(lib_a-strnlen.o)
 .bss           0x0000000000000000        0x0 c:/program files (x86)/gnu arm aarch64/bin/../lib/gcc/aarch64-elf/8.2.1\libc.a(lib_a-strnlen.o)
 .text          0x0000000000000000        0x0 c:/program files (x86)/gnu arm aarch64/bin/../lib/gcc/aarch64-elf/8.2.1\libc.a(lib_a-strtol.o)
 .data          0x0000000000000000        0x0 c:/program files (x86)/gnu arm aarch64/bin/../lib/gcc/aarch64-elf/8.2.1\libc.a(lib_a-strtol.o)
 .bss           0x0000000000000000        0x0 c:/program files (x86)/gnu arm aarch64/bin/../lib/gcc/aarch64-elf/8.2.1\libc.a(lib_a-strtol.o)
 .text._strtol_l.isra.0
                0x0000000000000000      0x1d0 c:/program files (x86)/gnu arm aarch64/bin/../lib/gcc/aarch64-elf/8.2.1\libc.a(lib_a-strtol.o)
 .text._strtol_r
                0x0000000000000000       0x20 c:/program files (x86)/gnu arm aarch64/bin/../lib/gcc/aarch64-elf/8.2.1\libc.a(lib_a-strtol.o)
 .text.strtol_l
                0x0000000000000000       0x1c c:/program files (x86)/gnu arm aarch64/bin/../lib/gcc/aarch64-elf/8.2.1\libc.a(lib_a-strtol.o)
 .text.strtol   0x0000000000000000       0x30 c:/program files (x86)/gnu arm aarch64/bin/../lib/gcc/aarch64-elf/8.2.1\libc.a(lib_a-strtol.o)
 .debug_info    0x0000000000000000     0x1289 c:/program files (x86)/gnu arm aarch64/bin/../lib/gcc/aarch64-elf/8.2.1\libc.a(lib_a-strtol.o)
 .debug_abbrev  0x0000000000000000      0x334 c:/program files (x86)/gnu arm aarch64/bin/../lib/gcc/aarch64-elf/8.2.1\libc.a(lib_a-strtol.o)
 .debug_loc     0x0000000000000000      0xa63 c:/program files (x86)/gnu arm aarch64/bin/../lib/gcc/aarch64-elf/8.2.1\libc.a(lib_a-strtol.o)
 .debug_aranges
                0x0000000000000000       0x60 c:/program files (x86)/gnu arm aarch64/bin/../lib/gcc/aarch64-elf/8.2.1\libc.a(lib_a-strtol.o)
 .debug_ranges  0x0000000000000000       0x80 c:/program files (x86)/gnu arm aarch64/bin/../lib/gcc/aarch64-elf/8.2.1\libc.a(lib_a-strtol.o)
 .debug_line    0x0000000000000000      0x57b c:/program files (x86)/gnu arm aarch64/bin/../lib/gcc/aarch64-elf/8.2.1\libc.a(lib_a-strtol.o)
 .debug_str     0x0000000000000000      0x9df c:/program files (x86)/gnu arm aarch64/bin/../lib/gcc/aarch64-elf/8.2.1\libc.a(lib_a-strtol.o)
 .comment       0x0000000000000000       0x5f c:/program files (x86)/gnu arm aarch64/bin/../lib/gcc/aarch64-elf/8.2.1\libc.a(lib_a-strtol.o)
 .debug_frame   0x0000000000000000       0xa0 c:/program files (x86)/gnu arm aarch64/bin/../lib/gcc/aarch64-elf/8.2.1\libc.a(lib_a-strtol.o)
 .text          0x0000000000000000        0x0 c:/program files (x86)/gnu arm aarch64/bin/../lib/gcc/aarch64-elf/8.2.1\libc.a(lib_a-wctob.o)
 .data          0x0000000000000000        0x0 c:/program files (x86)/gnu arm aarch64/bin/../lib/gcc/aarch64-elf/8.2.1\libc.a(lib_a-wctob.o)
 .bss           0x0000000000000000        0x0 c:/program files (x86)/gnu arm aarch64/bin/../lib/gcc/aarch64-elf/8.2.1\libc.a(lib_a-wctob.o)
 .comment       0x0000000000000000       0x5f c:/program files (x86)/gnu arm aarch64/bin/../lib/gcc/aarch64-elf/8.2.1\libc.a(lib_a-wctob.o)
 .debug_frame   0x0000000000000000       0x48 c:/program files (x86)/gnu arm aarch64/bin/../lib/gcc/aarch64-elf/8.2.1\libc.a(lib_a-wctob.o)
 .text          0x0000000000000000        0x0 c:/program files (x86)/gnu arm aarch64/bin/../lib/gcc/aarch64-elf/8.2.1\libc.a(lib_a-wctomb_r.o)
 .data          0x0000000000000000        0x0 c:/program files (x86)/gnu arm aarch64/bin/../lib/gcc/aarch64-elf/8.2.1\libc.a(lib_a-wctomb_r.o)
 .bss           0x0000000000000000        0x0 c:/program files (x86)/gnu arm aarch64/bin/../lib/gcc/aarch64-elf/8.2.1\libc.a(lib_a-wctomb_r.o)
 .text._wctomb_r
                0x0000000000000000       0x24 c:/program files (x86)/gnu arm aarch64/bin/../lib/gcc/aarch64-elf/8.2.1\libc.a(lib_a-wctomb_r.o)
 .text.__utf8_wctomb
                0x0000000000000000       0xe4 c:/program files (x86)/gnu arm aarch64/bin/../lib/gcc/aarch64-elf/8.2.1\libc.a(lib_a-wctomb_r.o)
 .text.__sjis_wctomb
                0x0000000000000000       0x84 c:/program files (x86)/gnu arm aarch64/bin/../lib/gcc/aarch64-elf/8.2.1\libc.a(lib_a-wctomb_r.o)
 .text.__eucjp_wctomb
                0x0000000000000000       0xa8 c:/program files (x86)/gnu arm aarch64/bin/../lib/gcc/aarch64-elf/8.2.1\libc.a(lib_a-wctomb_r.o)
 .text.__jis_wctomb
                0x0000000000000000       0xbc c:/program files (x86)/gnu arm aarch64/bin/../lib/gcc/aarch64-elf/8.2.1\libc.a(lib_a-wctomb_r.o)
 .comment       0x0000000000000000       0x5f c:/program files (x86)/gnu arm aarch64/bin/../lib/gcc/aarch64-elf/8.2.1\libc.a(lib_a-wctomb_r.o)
 .debug_frame   0x0000000000000000       0xa0 c:/program files (x86)/gnu arm aarch64/bin/../lib/gcc/aarch64-elf/8.2.1\libc.a(lib_a-wctomb_r.o)
 .text          0x0000000000000000        0x0 c:/program files (x86)/gnu arm aarch64/bin/../lib/gcc/aarch64-elf/8.2.1\libc.a(lib_a-ctype_.o)
 .data          0x0000000000000000        0x0 c:/program files (x86)/gnu arm aarch64/bin/../lib/gcc/aarch64-elf/8.2.1\libc.a(lib_a-ctype_.o)
 .bss           0x0000000000000000        0x0 c:/program files (x86)/gnu arm aarch64/bin/../lib/gcc/aarch64-elf/8.2.1\libc.a(lib_a-ctype_.o)
 .text.__set_ctype
                0x0000000000000000       0x10 c:/program files (x86)/gnu arm aarch64/bin/../lib/gcc/aarch64-elf/8.2.1\libc.a(lib_a-ctype_.o)
 .comment       0x0000000000000000       0x5f c:/program files (x86)/gnu arm aarch64/bin/../lib/gcc/aarch64-elf/8.2.1\libc.a(lib_a-ctype_.o)
 .debug_frame   0x0000000000000000       0x28 c:/program files (x86)/gnu arm aarch64/bin/../lib/gcc/aarch64-elf/8.2.1\libc.a(lib_a-ctype_.o)
 .text          0x0000000000000000        0x0 c:/program files (x86)/gnu arm aarch64/bin/../lib/gcc/aarch64-elf/8.2.1\libc.a(lib_a-freer.o)
 .data          0x0000000000000000        0x0 c:/program files (x86)/gnu arm aarch64/bin/../lib/gcc/aarch64-elf/8.2.1\libc.a(lib_a-freer.o)
 .bss           0x0000000000000000        0x0 c:/program files (x86)/gnu arm aarch64/bin/../lib/gcc/aarch64-elf/8.2.1\libc.a(lib_a-freer.o)
 .comment       0x0000000000000000       0x5f c:/program files (x86)/gnu arm aarch64/bin/../lib/gcc/aarch64-elf/8.2.1\libc.a(lib_a-freer.o)
 .debug_frame   0x0000000000000000       0xa8 c:/program files (x86)/gnu arm aarch64/bin/../lib/gcc/aarch64-elf/8.2.1\libc.a(lib_a-freer.o)
 .text          0x0000000000000000        0x0 c:/program files (x86)/gnu arm aarch64/bin/../lib/gcc/aarch64-elf/8.2.1\libc.a(lib_a-getenv_r.o)
 .data          0x0000000000000000        0x0 c:/program files (x86)/gnu arm aarch64/bin/../lib/gcc/aarch64-elf/8.2.1\libc.a(lib_a-getenv_r.o)
 .bss           0x0000000000000000        0x0 c:/program files (x86)/gnu arm aarch64/bin/../lib/gcc/aarch64-elf/8.2.1\libc.a(lib_a-getenv_r.o)
 .text._findenv_r
                0x0000000000000000       0xf4 c:/program files (x86)/gnu arm aarch64/bin/../lib/gcc/aarch64-elf/8.2.1\libc.a(lib_a-getenv_r.o)
 .text._getenv_r
                0x0000000000000000       0x18 c:/program files (x86)/gnu arm aarch64/bin/../lib/gcc/aarch64-elf/8.2.1\libc.a(lib_a-getenv_r.o)
 .debug_info    0x0000000000000000      0xae1 c:/program files (x86)/gnu arm aarch64/bin/../lib/gcc/aarch64-elf/8.2.1\libc.a(lib_a-getenv_r.o)
 .debug_abbrev  0x0000000000000000      0x261 c:/program files (x86)/gnu arm aarch64/bin/../lib/gcc/aarch64-elf/8.2.1\libc.a(lib_a-getenv_r.o)
 .debug_loc     0x0000000000000000      0x312 c:/program files (x86)/gnu arm aarch64/bin/../lib/gcc/aarch64-elf/8.2.1\libc.a(lib_a-getenv_r.o)
 .debug_aranges
                0x0000000000000000       0x40 c:/program files (x86)/gnu arm aarch64/bin/../lib/gcc/aarch64-elf/8.2.1\libc.a(lib_a-getenv_r.o)
 .debug_ranges  0x0000000000000000       0x30 c:/program files (x86)/gnu arm aarch64/bin/../lib/gcc/aarch64-elf/8.2.1\libc.a(lib_a-getenv_r.o)
 .debug_line    0x0000000000000000      0x386 c:/program files (x86)/gnu arm aarch64/bin/../lib/gcc/aarch64-elf/8.2.1\libc.a(lib_a-getenv_r.o)
 .debug_str     0x0000000000000000      0x66e c:/program files (x86)/gnu arm aarch64/bin/../lib/gcc/aarch64-elf/8.2.1\libc.a(lib_a-getenv_r.o)
 .comment       0x0000000000000000       0x5f c:/program files (x86)/gnu arm aarch64/bin/../lib/gcc/aarch64-elf/8.2.1\libc.a(lib_a-getenv_r.o)
 .debug_frame   0x0000000000000000       0x88 c:/program files (x86)/gnu arm aarch64/bin/../lib/gcc/aarch64-elf/8.2.1\libc.a(lib_a-getenv_r.o)
 .text          0x0000000000000000        0x0 c:/program files (x86)/gnu arm aarch64/bin/../lib/gcc/aarch64-elf/8.2.1\libc.a(lib_a-impure.o)
 .data          0x0000000000000000        0x0 c:/program files (x86)/gnu arm aarch64/bin/../lib/gcc/aarch64-elf/8.2.1\libc.a(lib_a-impure.o)
 .bss           0x0000000000000000        0x0 c:/program files (x86)/gnu arm aarch64/bin/../lib/gcc/aarch64-elf/8.2.1\libc.a(lib_a-impure.o)
 .rodata._global_impure_ptr
                0x0000000000000000        0x8 c:/program files (x86)/gnu arm aarch64/bin/../lib/gcc/aarch64-elf/8.2.1\libc.a(lib_a-impure.o)
 .comment       0x0000000000000000       0x5f c:/program files (x86)/gnu arm aarch64/bin/../lib/gcc/aarch64-elf/8.2.1\libc.a(lib_a-impure.o)
 .data          0x0000000000000000        0x0 c:/program files (x86)/gnu arm aarch64/bin/../lib/gcc/aarch64-elf/8.2.1\libc.a(lib_a-memset.o)
 .bss           0x0000000000000000        0x0 c:/program files (x86)/gnu arm aarch64/bin/../lib/gcc/aarch64-elf/8.2.1\libc.a(lib_a-memset.o)
 .text          0x0000000000000000        0x0 c:/program files (x86)/gnu arm aarch64/bin/../lib/gcc/aarch64-elf/8.2.1\libc.a(lib_a-environ.o)
 .data          0x0000000000000000        0x0 c:/program files (x86)/gnu arm aarch64/bin/../lib/gcc/aarch64-elf/8.2.1\libc.a(lib_a-environ.o)
 .bss           0x0000000000000000        0x0 c:/program files (x86)/gnu arm aarch64/bin/../lib/gcc/aarch64-elf/8.2.1\libc.a(lib_a-environ.o)
 .bss.initial_env
                0x0000000000000000        0x8 c:/program files (x86)/gnu arm aarch64/bin/../lib/gcc/aarch64-elf/8.2.1\libc.a(lib_a-environ.o)
 .data.environ  0x0000000000000000        0x8 c:/program files (x86)/gnu arm aarch64/bin/../lib/gcc/aarch64-elf/8.2.1\libc.a(lib_a-environ.o)
 .debug_info    0x0000000000000000       0x74 c:/program files (x86)/gnu arm aarch64/bin/../lib/gcc/aarch64-elf/8.2.1\libc.a(lib_a-environ.o)
 .debug_abbrev  0x0000000000000000       0x5a c:/program files (x86)/gnu arm aarch64/bin/../lib/gcc/aarch64-elf/8.2.1\libc.a(lib_a-environ.o)
 .debug_aranges
                0x0000000000000000       0x20 c:/program files (x86)/gnu arm aarch64/bin/../lib/gcc/aarch64-elf/8.2.1\libc.a(lib_a-environ.o)
 .debug_line    0x0000000000000000       0xaa c:/program files (x86)/gnu arm aarch64/bin/../lib/gcc/aarch64-elf/8.2.1\libc.a(lib_a-environ.o)
 .debug_str     0x0000000000000000      0x1bd c:/program files (x86)/gnu arm aarch64/bin/../lib/gcc/aarch64-elf/8.2.1\libc.a(lib_a-environ.o)
 .comment       0x0000000000000000       0x5f c:/program files (x86)/gnu arm aarch64/bin/../lib/gcc/aarch64-elf/8.2.1\libc.a(lib_a-environ.o)
 .text          0x0000000000000000        0x0 c:/program files (x86)/gnu arm aarch64/bin/../lib/gcc/aarch64-elf/8.2.1\libc.a(lib_a-envlock.o)
 .data          0x0000000000000000        0x0 c:/program files (x86)/gnu arm aarch64/bin/../lib/gcc/aarch64-elf/8.2.1\libc.a(lib_a-envlock.o)
 .bss           0x0000000000000000        0x0 c:/program files (x86)/gnu arm aarch64/bin/../lib/gcc/aarch64-elf/8.2.1\libc.a(lib_a-envlock.o)
 .text.__env_lock
                0x0000000000000000        0x4 c:/program files (x86)/gnu arm aarch64/bin/../lib/gcc/aarch64-elf/8.2.1\libc.a(lib_a-envlock.o)
 .text.__env_unlock
                0x0000000000000000        0x4 c:/program files (x86)/gnu arm aarch64/bin/../lib/gcc/aarch64-elf/8.2.1\libc.a(lib_a-envlock.o)
 .debug_info    0x0000000000000000      0x971 c:/program files (x86)/gnu arm aarch64/bin/../lib/gcc/aarch64-elf/8.2.1\libc.a(lib_a-envlock.o)
 .debug_abbrev  0x0000000000000000      0x212 c:/program files (x86)/gnu arm aarch64/bin/../lib/gcc/aarch64-elf/8.2.1\libc.a(lib_a-envlock.o)
 .debug_aranges
                0x0000000000000000       0x30 c:/program files (x86)/gnu arm aarch64/bin/../lib/gcc/aarch64-elf/8.2.1\libc.a(lib_a-envlock.o)
 .debug_ranges  0x0000000000000000       0x20 c:/program files (x86)/gnu arm aarch64/bin/../lib/gcc/aarch64-elf/8.2.1\libc.a(lib_a-envlock.o)
 .debug_line    0x0000000000000000      0x28f c:/program files (x86)/gnu arm aarch64/bin/../lib/gcc/aarch64-elf/8.2.1\libc.a(lib_a-envlock.o)
 .debug_str     0x0000000000000000      0x634 c:/program files (x86)/gnu arm aarch64/bin/../lib/gcc/aarch64-elf/8.2.1\libc.a(lib_a-envlock.o)
 .comment       0x0000000000000000       0x5f c:/program files (x86)/gnu arm aarch64/bin/../lib/gcc/aarch64-elf/8.2.1\libc.a(lib_a-envlock.o)
 .debug_frame   0x0000000000000000       0x40 c:/program files (x86)/gnu arm aarch64/bin/../lib/gcc/aarch64-elf/8.2.1\libc.a(lib_a-envlock.o)

Memory Configuration

Name             Origin             Length             Attributes
RAM              0x0000000000080000 0x0000000008000000 xrw
*default*        0x0000000000000000 0xffffffffffffffff

Linker script and memory map


.text           0x0000000000080000     0xa558
                0x0000000000080000                . = ALIGN (0x4)
                0x0000000000080000                __text_start__ = .
                0x0000000000080000                _start = .
 *(.text.startup)
 .text.startup  0x0000000000080000      0x308 C:\Users\isheik\AppData\Local\Temp\ccqy0DsG.o
                0x000000000008029c                RPi_CpuIdString
                0x00000000000802b0                EnableInterrupts
                0x00000000000802b8                DisableInterrupts
                0x00000000000802c0                CoreExecute
 *(.text .text.* .gnu.linkonce.t.*)
 *fill*         0x0000000000080308        0x8 
 .text          0x0000000000080310      0x310 C:\Users\isheik\AppData\Local\Temp\ccqqo7CJ.o
                0x0000000000080310                DisplayDirectory
                0x0000000000080440                loadBinaryFromFile
                0x00000000000804c0                exec_app
                0x0000000000080560                kernel_main
 .text.ARMaddrToGPUaddr
                0x0000000000080620        0xc C:\Users\isheik\AppData\Local\Temp\ccqy0DsG.o
                0x0000000000080620                ARMaddrToGPUaddr
 *fill*         0x000000000008062c      0x1d4 
 .text.GPUaddrToARMaddr
                0x0000000000080800      0xf84 C:\Users\isheik\AppData\Local\Temp\ccqy0DsG.o
                0x0000000000080800                GPUaddrToARMaddr
                0x000000000008080c                c_irq_handler
                0x0000000000080810                c_irq_identify_and_clear_source
                0x0000000000080814                irq_handler
                0x0000000000081000                VectorTable
 *fill*         0x0000000000081784        0xc 
 .text          0x0000000000081790     0x24b0 C:\Users\isheik\AppData\Local\Temp\ccvES9Ep.o
                0x00000000000827d0                gpio_setup
                0x0000000000082840                gpio_output
                0x00000000000828b0                gpio_input
                0x00000000000828f0                gpio_checkEvent
                0x0000000000082930                gpio_clearEvent
                0x0000000000082970                gpio_edgeDetect
                0x0000000000082a10                gpio_fixResistor
                0x0000000000082af0                timer_getTickCount
                0x0000000000082b20                timer_wait
                0x0000000000082b80                tick_difference
                0x0000000000082b90                mailbox_write
                0x0000000000082bd0                mailbox_read
                0x0000000000082c20                mailbox_tag_message
                0x0000000000082dc0                set_Activity_LED
                0x0000000000082f40                ARM_setmaxspeed
                0x0000000000082fd0                displaySmartStart
                0x0000000000083040                Embedded_Console_WriteChar
                0x00000000000830f0                WriteText
                0x00000000000831e0                SetDCPenColor
                0x0000000000083200                SetDCBrushColor
                0x0000000000083220                MoveToEx
                0x0000000000083250                LineTo
                0x0000000000083320                TextOut
                0x00000000000833a0                BmpOut
                0x00000000000833f0                CvtBmpLine
                0x0000000000083790                SmartStartPutPixelRaw
                0x00000000000837a0                Rectangle
                0x00000000000837d0                PiConsole_Init
                0x0000000000083a60                GetConsoleDC
                0x0000000000083a70                GetConsole_FrameBuffer
                0x0000000000083a80                GetConsole_Width
                0x0000000000083a90                GetConsole_Height
                0x0000000000083aa0                _sbrk
                0x0000000000083ad0                _kill
                0x0000000000083af0                _getpid
                0x0000000000083b00                _read
                0x0000000000083b10                _close
                0x0000000000083b20                _lseek
                0x0000000000083b30                _isatty
                0x0000000000083b40                _fstat
                0x0000000000083b50                _exit
                0x0000000000083b60                _write
 .text          0x0000000000083c40      0xd24 C:\Users\isheik\AppData\Local\Temp\ccizDc4v.o
                0x0000000000083ef0                vsprintf
                0x0000000000084820                sprintf
                0x00000000000848a0                printf
 *fill*         0x0000000000084964        0xc 
 .text          0x0000000000084970     0x39ec C:\Users\isheik\AppData\Local\Temp\ccYBY81B.o
                0x0000000000085cd0                sdTransferBlocks
                0x0000000000086040                sdClearBlocks
                0x00000000000861c0                getSetNextCluster
                0x0000000000086410                WildcardMatch
                0x0000000000086d40                sdFindFirstFile
                0x0000000000087130                sdFindNextFile
                0x00000000000871f0                sdFindClose
                0x0000000000087240                sdCreateFile
                0x0000000000087670                sdReadFile
                0x00000000000879b0                sdCloseHandle
                0x0000000000087a00                sdSetFilePointer
                0x0000000000087e10                sdGetFileSize
                0x0000000000087e50                sdInitCard
                0x0000000000088340                sdCardCSD
 *fill*         0x000000000008835c        0x4 
 .text          0x0000000000088360      0x368 C:\Users\isheik\AppData\Local\Temp\ccHLIeN3.o
                0x0000000000088360                fonts_is_implemented
                0x0000000000088380                fonts_char_to_font
                0x00000000000883a0                fonts_init
 *fill*         0x00000000000886c8        0x8 
 .text          0x00000000000886d0      0xa58 C:\Users\isheik\AppData\Local\Temp\ccu3ZVrS.o
                0x00000000000886d0                hal_io_init
                0x00000000000886e0                hal_io_video_init
                0x00000000000886f0                hal_io_video_line
                0x00000000000887f0                hal_io_video_putc
                0x0000000000088aa0                hal_io_video_putc_x_y
                0x0000000000088ce0                hal_io_video_puts
                0x0000000000088fb0                hal_io_video_put_pixel
                0x0000000000088fe0                hal_io_serial_init
                0x0000000000089080                hal_io_serial_puts
                0x00000000000890c0                hal_io_serial_putc
                0x00000000000890f0                hal_io_serial_getc
 .text.__locale_ctype_ptr
                0x0000000000089128       0x24 c:/program files (x86)/gnu arm aarch64/bin/../lib/gcc/aarch64-elf/8.2.1\libc.a(lib_a-locale.o)
                0x0000000000089128                __locale_ctype_ptr
 *fill*         0x000000000008914c        0x4 
 .text.malloc   0x0000000000089150       0x10 c:/program files (x86)/gnu arm aarch64/bin/../lib/gcc/aarch64-elf/8.2.1\libc.a(lib_a-malloc.o)
                0x0000000000089150                malloc
 .text._malloc_r
                0x0000000000089160      0x7f0 c:/program files (x86)/gnu arm aarch64/bin/../lib/gcc/aarch64-elf/8.2.1\libc.a(lib_a-mallocr.o)
                0x0000000000089160                _malloc_r
 .text.__ascii_mbtowc
                0x0000000000089950       0x48 c:/program files (x86)/gnu arm aarch64/bin/../lib/gcc/aarch64-elf/8.2.1\libc.a(lib_a-mbtowc_r.o)
                0x0000000000089950                __ascii_mbtowc
 *fill*         0x0000000000089998       0x28 
 .text          0x00000000000899c0      0x16c c:/program files (x86)/gnu arm aarch64/bin/../lib/gcc/aarch64-elf/8.2.1\libc.a(lib_a-memcpy.o)
                0x00000000000899c0                memcpy
 *fill*         0x0000000000089b2c        0x4 
 .text.__malloc_lock
                0x0000000000089b30        0x4 c:/program files (x86)/gnu arm aarch64/bin/../lib/gcc/aarch64-elf/8.2.1\libc.a(lib_a-mlock.o)
                0x0000000000089b30                __malloc_lock
 *fill*         0x0000000000089b34        0x4 
 .text.__malloc_unlock
                0x0000000000089b38        0x4 c:/program files (x86)/gnu arm aarch64/bin/../lib/gcc/aarch64-elf/8.2.1\libc.a(lib_a-mlock.o)
                0x0000000000089b38                __malloc_unlock
 *fill*         0x0000000000089b3c        0x4 
 .text._sbrk_r  0x0000000000089b40       0x4c c:/program files (x86)/gnu arm aarch64/bin/../lib/gcc/aarch64-elf/8.2.1\libc.a(lib_a-sbrkr.o)
                0x0000000000089b40                _sbrk_r
 .text          0x0000000000089b8c       0xdc c:/program files (x86)/gnu arm aarch64/bin/../lib/gcc/aarch64-elf/8.2.1\libc.a(lib_a-strchr.o)
                0x0000000000089b8c                strchr
 *fill*         0x0000000000089c68       0x18 
 .text          0x0000000000089c80      0x140 c:/program files (x86)/gnu arm aarch64/bin/../lib/gcc/aarch64-elf/8.2.1\libc.a(lib_a-strlen.o)
                0x0000000000089c80                strlen
 .text          0x0000000000089dc0       0xe0 c:/program files (x86)/gnu arm aarch64/bin/../lib/gcc/aarch64-elf/8.2.1\libc.a(lib_a-strnlen.o)
                0x0000000000089de4                strnlen
 .text.wctob    0x0000000000089ea0       0x84 c:/program files (x86)/gnu arm aarch64/bin/../lib/gcc/aarch64-elf/8.2.1\libc.a(lib_a-wctob.o)
                0x0000000000089ea0                wctob
 *fill*         0x0000000000089f24        0x4 
 .text.__ascii_wctomb
                0x0000000000089f28       0x34 c:/program files (x86)/gnu arm aarch64/bin/../lib/gcc/aarch64-elf/8.2.1\libc.a(lib_a-wctomb_r.o)
                0x0000000000089f28                __ascii_wctomb
 *fill*         0x0000000000089f5c        0x4 
 .text._malloc_trim_r
                0x0000000000089f60      0x10c c:/program files (x86)/gnu arm aarch64/bin/../lib/gcc/aarch64-elf/8.2.1\libc.a(lib_a-freer.o)
                0x0000000000089f60                _malloc_trim_r
 *fill*         0x000000000008a06c        0x4 
 .text._free_r  0x000000000008a070      0x2f0 c:/program files (x86)/gnu arm aarch64/bin/../lib/gcc/aarch64-elf/8.2.1\libc.a(lib_a-freer.o)
                0x000000000008a070                _free_r
 *fill*         0x000000000008a360       0x20 
 .text          0x000000000008a380      0x1d8 c:/program files (x86)/gnu arm aarch64/bin/../lib/gcc/aarch64-elf/8.2.1\libc.a(lib_a-memset.o)
                0x000000000008a380                memset
 *(.rel.text .rel.text.* .rel.gnu.linkonce.t.*)
 *(.init .init.*)
                0x000000000008a558                . = ALIGN (0x4)
                0x000000000008a558                __text_end__ = .

.iplt           0x000000000008a558        0x0
 .iplt          0x000000000008a558        0x0 C:\Users\isheik\AppData\Local\Temp\ccqqo7CJ.o

.bss            0x000000000008a558     0x314c
                0x000000000008a558                . = ALIGN (0x4)
                0x000000000008a558                __bss_start__ = .
 *(.bss .bss.* .gnu.linkonce.b.*)
 .bss           0x000000000008a558       0x70 C:\Users\isheik\AppData\Local\Temp\ccvES9Ep.o
                0x000000000008a55c                console
 .bss           0x000000000008a5c8     0x25a0 C:\Users\isheik\AppData\Local\Temp\ccYBY81B.o
                0x000000000008a5c8                LOG_ERROR
 .bss           0x000000000008cb68      0xaf4 C:\Users\isheik\AppData\Local\Temp\ccHLIeN3.o
 *fill*         0x000000000008d65c        0x4 
 .bss.__malloc_current_mallinfo
                0x000000000008d660       0x28 c:/program files (x86)/gnu arm aarch64/bin/../lib/gcc/aarch64-elf/8.2.1\libc.a(lib_a-mallocr.o)
                0x000000000008d660                __malloc_current_mallinfo
 .bss.__malloc_max_sbrked_mem
                0x000000000008d688        0x8 c:/program files (x86)/gnu arm aarch64/bin/../lib/gcc/aarch64-elf/8.2.1\libc.a(lib_a-mallocr.o)
                0x000000000008d688                __malloc_max_sbrked_mem
 .bss.__malloc_max_total_mem
                0x000000000008d690        0x8 c:/program files (x86)/gnu arm aarch64/bin/../lib/gcc/aarch64-elf/8.2.1\libc.a(lib_a-mallocr.o)
                0x000000000008d690                __malloc_max_total_mem
 .bss.__malloc_top_pad
                0x000000000008d698        0x8 c:/program files (x86)/gnu arm aarch64/bin/../lib/gcc/aarch64-elf/8.2.1\libc.a(lib_a-mallocr.o)
                0x000000000008d698                __malloc_top_pad
 *(.rela.bss .rela.bss.* .rela.gnu.linkonce.b.*)
 *(COMMON)
 COMMON         0x000000000008d6a0        0x4 c:/program files (x86)/gnu arm aarch64/bin/../lib/gcc/aarch64-elf/8.2.1\libc.a(lib_a-reent.o)
                0x000000000008d6a0                errno
                0x000000000008d6a4                . = ALIGN (0x4)
                0x000000000008d6a4                __bss_end__ = .

.rodata         0x000000000008d6a8     0x1784
                0x000000000008d6a8                . = ALIGN (0x4)
                0x000000000008d6a8                __rodata_start__ = .
 *(.rodata .rodata.*)
 .rodata        0x000000000008d6a8       0x60 C:\Users\isheik\AppData\Local\Temp\ccqqo7CJ.o
 .rodata.str1.8
                0x000000000008d708       0xe4 C:\Users\isheik\AppData\Local\Temp\ccqqo7CJ.o
                                         0xec (size before relaxing)
 .rodata.cpuid  0x000000000008d7ec        0xc C:\Users\isheik\AppData\Local\Temp\ccqy0DsG.o
 .rodata        0x000000000008d7f8     0x1004 C:\Users\isheik\AppData\Local\Temp\ccvES9Ep.o
                0x000000000008e7f8                BitFontEnd
 *fill*         0x000000000008e7fc        0x4 
 .rodata.str1.8
                0x000000000008e800       0xec C:\Users\isheik\AppData\Local\Temp\ccvES9Ep.o
 *fill*         0x000000000008e8ec        0x4 
 .rodata        0x000000000008e8f0       0x10 C:\Users\isheik\AppData\Local\Temp\ccizDc4v.o
 .rodata        0x000000000008e900       0x28 C:\Users\isheik\AppData\Local\Temp\ccYBY81B.o
 .rodata.str1.8
                0x000000000008e928      0x39a C:\Users\isheik\AppData\Local\Temp\ccYBY81B.o
 *fill*         0x000000000008ecc2        0x6 
 .rodata.str1.8
                0x000000000008ecc8       0x60 c:/program files (x86)/gnu arm aarch64/bin/../lib/gcc/aarch64-elf/8.2.1\libc.a(lib_a-locale.o)
                                         0x64 (size before relaxing)
 .rodata._ctype_
                0x000000000008ed28      0x101 c:/program files (x86)/gnu arm aarch64/bin/../lib/gcc/aarch64-elf/8.2.1\libc.a(lib_a-ctype_.o)
                0x000000000008ed28                _ctype_
 *(.rel.rodata .rel.rodata.* .rel.gnu.linkonce.r.*)
                0x000000000008ee2c                . = ALIGN (0x4)
 *fill*         0x000000000008ee29        0x3 
                0x000000000008ee2c                __rodata_end__ = .

.rela.dyn       0x000000000008ee30        0x0
 .rela.iplt     0x000000000008ee30        0x0 C:\Users\isheik\AppData\Local\Temp\ccqqo7CJ.o
 .rela.text.startup
                0x000000000008ee30        0x0 C:\Users\isheik\AppData\Local\Temp\ccqqo7CJ.o
 .rela.text     0x000000000008ee30        0x0 C:\Users\isheik\AppData\Local\Temp\ccqqo7CJ.o
 .rela.text._sbrk_r
                0x000000000008ee30        0x0 C:\Users\isheik\AppData\Local\Temp\ccqqo7CJ.o

.data           0x000000000008ee30     0x14e8
                0x000000000008ee30                . = ALIGN (0x4)
                0x000000000008ee30                __data_start__ = .
 *(.data .data.* .gnu.linkonce.d.*)
 .data.smartstart64
                0x000000000008ee30       0x18 C:\Users\isheik\AppData\Local\Temp\ccqy0DsG.o
                0x000000000008ee30                RPi_IO_Base_Addr
                0x000000000008ee34                RPi_BootAddr
                0x000000000008ee38                RPi_CoresReady
                0x000000000008ee3c                RPi_CPUBootMode
                0x000000000008ee40                RPi_CpuId
                0x000000000008ee44                RPi_CompileMode
 .data          0x000000000008ee48        0x4 C:\Users\isheik\AppData\Local\Temp\ccvES9Ep.o
 *fill*         0x000000000008ee4c        0x4 
 .data          0x000000000008ee50      0x3a8 C:\Users\isheik\AppData\Local\Temp\ccYBY81B.o
 .data          0x000000000008f1f8        0x8 C:\Users\isheik\AppData\Local\Temp\ccu3ZVrS.o
                0x000000000008f1f8                curr_y
                0x000000000008f1fc                curr_x
 .data.__global_locale
                0x000000000008f200      0x1a8 c:/program files (x86)/gnu arm aarch64/bin/../lib/gcc/aarch64-elf/8.2.1\libc.a(lib_a-locale.o)
                0x000000000008f200                __global_locale
 .data.__malloc_av_
                0x000000000008f3a8      0x810 c:/program files (x86)/gnu arm aarch64/bin/../lib/gcc/aarch64-elf/8.2.1\libc.a(lib_a-mallocr.o)
                0x000000000008f3a8                __malloc_av_
 .data.__malloc_sbrk_base
                0x000000000008fbb8        0x8 c:/program files (x86)/gnu arm aarch64/bin/../lib/gcc/aarch64-elf/8.2.1\libc.a(lib_a-mallocr.o)
                0x000000000008fbb8                __malloc_sbrk_base
 .data.__malloc_trim_threshold
                0x000000000008fbc0        0x8 c:/program files (x86)/gnu arm aarch64/bin/../lib/gcc/aarch64-elf/8.2.1\libc.a(lib_a-mallocr.o)
                0x000000000008fbc0                __malloc_trim_threshold
 .data._impure_ptr
                0x000000000008fbc8        0x8 c:/program files (x86)/gnu arm aarch64/bin/../lib/gcc/aarch64-elf/8.2.1\libc.a(lib_a-impure.o)
                0x000000000008fbc8                _impure_ptr
 .data.impure_data
                0x000000000008fbd0      0x748 c:/program files (x86)/gnu arm aarch64/bin/../lib/gcc/aarch64-elf/8.2.1\libc.a(lib_a-impure.o)
 *(.rel.data .rel.data.* .rel.gnu.linkonce.d.*)
                0x0000000000090318                . = ALIGN (0x4)
                0x0000000000090318                __data_end__ = .

.igot.plt       0x0000000000090318        0x0
 .igot.plt      0x0000000000090318        0x0 C:\Users\isheik\AppData\Local\Temp\ccqqo7CJ.o

.data1          0x0000000000090318        0x8
                0x0000000000090320                . = ALIGN (0x10)
 *fill*         0x0000000000090318        0x8 
                0x0000000000090320                __data1_start__ = .
 *(.data1 .data1.*)
 *(.rel.data1 .rel.data1.*)
                0x0000000000090320                . = ALIGN (0x10)
                0x0000000000090320                __data1_end__ = .

.stack          0x0000000000090320     0xc200
                0x0000000000090320                . = ALIGN (0x10)
                0x0000000000090320                __stack_start__ = .
                0x0000000000090520                . = (. + 0x200)
 *fill*         0x0000000000090320      0x200 
                0x0000000000090520                __EL0_stack_core0 = .
                0x0000000000098520                . = (. + 0x8000)
 *fill*         0x0000000000090520     0x8000 
                0x0000000000098520                __EL1_stack_core0 = .
                0x000000000009c520                . = (. + 0x4000)
 *fill*         0x0000000000098520     0x4000 
                0x000000000009c520                __EL2_stack_core0 = .
                0x000000000009c520                . = ALIGN (0x10)
                0x000000000009c520                __stack_end__ = .

.stack_core1    0x000000000009c520     0x1400
                0x000000000009c520                . = ALIGN (0x10)
                0x000000000009c520                __stack_start_core1__ = .
                0x000000000009c720                . = (. + 0x200)
 *fill*         0x000000000009c520      0x200 
                0x000000000009c720                __EL0_stack_core1 = .
                0x000000000009c920                . = (. + 0x200)
 *fill*         0x000000000009c720      0x200 
                0x000000000009c920                __EL1_stack_core1 = .
                0x000000000009d920                . = (. + 0x1000)
 *fill*         0x000000000009c920     0x1000 
                0x000000000009d920                __EL2_stack_core1 = .
                0x000000000009d920                . = ALIGN (0x10)
                0x000000000009d920                __stack_end_core1__ = .

.stack_core2    0x000000000009d920     0x1400
                0x000000000009d920                . = ALIGN (0x10)
                0x000000000009d920                __stack_start_core2__ = .
                0x000000000009db20                . = (. + 0x200)
 *fill*         0x000000000009d920      0x200 
                0x000000000009db20                __EL0_stack_core2 = .
                0x000000000009dd20                . = (. + 0x200)
 *fill*         0x000000000009db20      0x200 
                0x000000000009dd20                __EL1_stack_core2 = .
                0x000000000009ed20                . = (. + 0x1000)
 *fill*         0x000000000009dd20     0x1000 
                0x000000000009ed20                __EL2_stack_core2 = .
                0x000000000009ed20                . = ALIGN (0x10)
                0x000000000009ed20                __stack_end_core2__ = .

.stack_core3    0x000000000009ed20     0x1400
                0x000000000009ed20                . = ALIGN (0x10)
                0x000000000009ed20                __stack_start_core3__ = .
                0x000000000009ef20                . = (. + 0x200)
 *fill*         0x000000000009ed20      0x200 
                0x000000000009ef20                __EL0_stack_core3 = .
                0x000000000009f120                . = (. + 0x200)
 *fill*         0x000000000009ef20      0x200 
                0x000000000009f120                __EL1_stack_core3 = .
                0x00000000000a0120                . = (. + 0x1000)
 *fill*         0x000000000009f120     0x1000 
                0x00000000000a0120                __EL2_stack_core3 = .
                0x00000000000a0120                . = ALIGN (0x10)
                0x00000000000a0120                __stack_end_core3__ = .

.ARM.attributes
 *(.ARM.attributes)

.Heap           0x00000000000a0120        0x0
                0x00000000000a0120                . = ALIGN (0x4)
                0x00000000000a0120                __heap_start__ = .
                0x00000000000a0120                __end__ = .
                [!provide]                        PROVIDE (__end__ = .)
                0x00000000000a0120                _end = .
                [!provide]                        PROVIDE (end = .)

/DISCARD/
 *(.ARM.exidx .ARM.exidx.*)
 *(.rel.ARM.exidx .rel.ARM.exidx.* .gnu.linkonce.armexidx.*)
 *(.debug_frame .debug_frame.*)
 *(.comment *.comment.*)
 *(.symtab .symtab.*)
 *(.strtab .strtab.*)
 *(.shstrtab .shstrtab.*)
 *(.note.GNU-stack)
 *(.gnu_debuglink)
 *(.gnu.lto_*)
LOAD C:\Users\isheik\AppData\Local\Temp\ccqqo7CJ.o
LOAD C:\Users\isheik\AppData\Local\Temp\ccqy0DsG.o
LOAD C:\Users\isheik\AppData\Local\Temp\ccvES9Ep.o
LOAD C:\Users\isheik\AppData\Local\Temp\ccizDc4v.o
LOAD C:\Users\isheik\AppData\Local\Temp\ccYBY81B.o
LOAD C:\Users\isheik\AppData\Local\Temp\ccHLIeN3.o
LOAD C:\Users\isheik\AppData\Local\Temp\ccu3ZVrS.o
LOAD c:/program files (x86)/gnu arm aarch64/bin/../lib/gcc/aarch64-elf/8.2.1\libc.a
LOAD c:/program files (x86)/gnu arm aarch64/bin/../lib/gcc/aarch64-elf/8.2.1\libm.a
LOAD c:/program files (x86)/gnu arm aarch64/bin/../lib/gcc/aarch64-elf/8.2.1\libgcc.a
OUTPUT(output/kernel_rp3.elf elf64-littleaarch64)

.debug_info     0x0000000000000000     0xb753
 .debug_info    0x0000000000000000     0x2011 c:/program files (x86)/gnu arm aarch64/bin/../lib/gcc/aarch64-elf/8.2.1\libc.a(lib_a-locale.o)
 .debug_info    0x0000000000002011      0x9d6 c:/program files (x86)/gnu arm aarch64/bin/../lib/gcc/aarch64-elf/8.2.1\libc.a(lib_a-malloc.o)
 .debug_info    0x00000000000029e7      0xf8b c:/program files (x86)/gnu arm aarch64/bin/../lib/gcc/aarch64-elf/8.2.1\libc.a(lib_a-mallocr.o)
 .debug_info    0x0000000000003972     0x1563 c:/program files (x86)/gnu arm aarch64/bin/../lib/gcc/aarch64-elf/8.2.1\libc.a(lib_a-mbtowc_r.o)
 .debug_info    0x0000000000004ed5       0x2e c:/program files (x86)/gnu arm aarch64/bin/../lib/gcc/aarch64-elf/8.2.1\libc.a(lib_a-memcpy.o)
 .debug_info    0x0000000000004f03      0x971 c:/program files (x86)/gnu arm aarch64/bin/../lib/gcc/aarch64-elf/8.2.1\libc.a(lib_a-mlock.o)
 .debug_info    0x0000000000005874      0xb1d c:/program files (x86)/gnu arm aarch64/bin/../lib/gcc/aarch64-elf/8.2.1\libc.a(lib_a-reent.o)
 .debug_info    0x0000000000006391      0xa0e c:/program files (x86)/gnu arm aarch64/bin/../lib/gcc/aarch64-elf/8.2.1\libc.a(lib_a-sbrkr.o)
 .debug_info    0x0000000000006d9f       0x2e c:/program files (x86)/gnu arm aarch64/bin/../lib/gcc/aarch64-elf/8.2.1\libc.a(lib_a-strchr.o)
 .debug_info    0x0000000000006dcd       0x2e c:/program files (x86)/gnu arm aarch64/bin/../lib/gcc/aarch64-elf/8.2.1\libc.a(lib_a-strlen.o)
 .debug_info    0x0000000000006dfb       0x2e c:/program files (x86)/gnu arm aarch64/bin/../lib/gcc/aarch64-elf/8.2.1\libc.a(lib_a-strnlen.o)
 .debug_info    0x0000000000006e29      0xfba c:/program files (x86)/gnu arm aarch64/bin/../lib/gcc/aarch64-elf/8.2.1\libc.a(lib_a-wctob.o)
 .debug_info    0x0000000000007de3     0x1314 c:/program files (x86)/gnu arm aarch64/bin/../lib/gcc/aarch64-elf/8.2.1\libc.a(lib_a-wctomb_r.o)
 .debug_info    0x00000000000090f7      0xf05 c:/program files (x86)/gnu arm aarch64/bin/../lib/gcc/aarch64-elf/8.2.1\libc.a(lib_a-ctype_.o)
 .debug_info    0x0000000000009ffc      0xdef c:/program files (x86)/gnu arm aarch64/bin/../lib/gcc/aarch64-elf/8.2.1\libc.a(lib_a-freer.o)
 .debug_info    0x000000000000adeb      0x93a c:/program files (x86)/gnu arm aarch64/bin/../lib/gcc/aarch64-elf/8.2.1\libc.a(lib_a-impure.o)
 .debug_info    0x000000000000b725       0x2e c:/program files (x86)/gnu arm aarch64/bin/../lib/gcc/aarch64-elf/8.2.1\libc.a(lib_a-memset.o)

.debug_abbrev   0x0000000000000000     0x20d6
 .debug_abbrev  0x0000000000000000      0x414 c:/program files (x86)/gnu arm aarch64/bin/../lib/gcc/aarch64-elf/8.2.1\libc.a(lib_a-locale.o)
 .debug_abbrev  0x0000000000000414      0x23f c:/program files (x86)/gnu arm aarch64/bin/../lib/gcc/aarch64-elf/8.2.1\libc.a(lib_a-malloc.o)
 .debug_abbrev  0x0000000000000653      0x330 c:/program files (x86)/gnu arm aarch64/bin/../lib/gcc/aarch64-elf/8.2.1\libc.a(lib_a-mallocr.o)
 .debug_abbrev  0x0000000000000983      0x388 c:/program files (x86)/gnu arm aarch64/bin/../lib/gcc/aarch64-elf/8.2.1\libc.a(lib_a-mbtowc_r.o)
 .debug_abbrev  0x0000000000000d0b       0x14 c:/program files (x86)/gnu arm aarch64/bin/../lib/gcc/aarch64-elf/8.2.1\libc.a(lib_a-memcpy.o)
 .debug_abbrev  0x0000000000000d1f      0x20e c:/program files (x86)/gnu arm aarch64/bin/../lib/gcc/aarch64-elf/8.2.1\libc.a(lib_a-mlock.o)
 .debug_abbrev  0x0000000000000f2d      0x2c9 c:/program files (x86)/gnu arm aarch64/bin/../lib/gcc/aarch64-elf/8.2.1\libc.a(lib_a-reent.o)
 .debug_abbrev  0x00000000000011f6      0x25f c:/program files (x86)/gnu arm aarch64/bin/../lib/gcc/aarch64-elf/8.2.1\libc.a(lib_a-sbrkr.o)
 .debug_abbrev  0x0000000000001455       0x14 c:/program files (x86)/gnu arm aarch64/bin/../lib/gcc/aarch64-elf/8.2.1\libc.a(lib_a-strchr.o)
 .debug_abbrev  0x0000000000001469       0x14 c:/program files (x86)/gnu arm aarch64/bin/../lib/gcc/aarch64-elf/8.2.1\libc.a(lib_a-strlen.o)
 .debug_abbrev  0x000000000000147d       0x14 c:/program files (x86)/gnu arm aarch64/bin/../lib/gcc/aarch64-elf/8.2.1\libc.a(lib_a-strnlen.o)
 .debug_abbrev  0x0000000000001491      0x297 c:/program files (x86)/gnu arm aarch64/bin/../lib/gcc/aarch64-elf/8.2.1\libc.a(lib_a-wctob.o)
 .debug_abbrev  0x0000000000001728      0x2ce c:/program files (x86)/gnu arm aarch64/bin/../lib/gcc/aarch64-elf/8.2.1\libc.a(lib_a-wctomb_r.o)
 .debug_abbrev  0x00000000000019f6      0x22d c:/program files (x86)/gnu arm aarch64/bin/../lib/gcc/aarch64-elf/8.2.1\libc.a(lib_a-ctype_.o)
 .debug_abbrev  0x0000000000001c23      0x2d8 c:/program files (x86)/gnu arm aarch64/bin/../lib/gcc/aarch64-elf/8.2.1\libc.a(lib_a-freer.o)
 .debug_abbrev  0x0000000000001efb      0x1c7 c:/program files (x86)/gnu arm aarch64/bin/../lib/gcc/aarch64-elf/8.2.1\libc.a(lib_a-impure.o)
 .debug_abbrev  0x00000000000020c2       0x14 c:/program files (x86)/gnu arm aarch64/bin/../lib/gcc/aarch64-elf/8.2.1\libc.a(lib_a-memset.o)

.debug_loc      0x0000000000000000     0x648f
 .debug_loc     0x0000000000000000     0x1506 c:/program files (x86)/gnu arm aarch64/bin/../lib/gcc/aarch64-elf/8.2.1\libc.a(lib_a-locale.o)
 .debug_loc     0x0000000000001506       0xa4 c:/program files (x86)/gnu arm aarch64/bin/../lib/gcc/aarch64-elf/8.2.1\libc.a(lib_a-malloc.o)
 .debug_loc     0x00000000000015aa     0x181b c:/program files (x86)/gnu arm aarch64/bin/../lib/gcc/aarch64-elf/8.2.1\libc.a(lib_a-mallocr.o)
 .debug_loc     0x0000000000002dc5     0x166d c:/program files (x86)/gnu arm aarch64/bin/../lib/gcc/aarch64-elf/8.2.1\libc.a(lib_a-mbtowc_r.o)
 .debug_loc     0x0000000000004432      0x24a c:/program files (x86)/gnu arm aarch64/bin/../lib/gcc/aarch64-elf/8.2.1\libc.a(lib_a-reent.o)
 .debug_loc     0x000000000000467c       0xe1 c:/program files (x86)/gnu arm aarch64/bin/../lib/gcc/aarch64-elf/8.2.1\libc.a(lib_a-sbrkr.o)
 .debug_loc     0x000000000000475d       0xce c:/program files (x86)/gnu arm aarch64/bin/../lib/gcc/aarch64-elf/8.2.1\libc.a(lib_a-wctob.o)
 .debug_loc     0x000000000000482b     0x1157 c:/program files (x86)/gnu arm aarch64/bin/../lib/gcc/aarch64-elf/8.2.1\libc.a(lib_a-wctomb_r.o)
 .debug_loc     0x0000000000005982       0x81 c:/program files (x86)/gnu arm aarch64/bin/../lib/gcc/aarch64-elf/8.2.1\libc.a(lib_a-ctype_.o)
 .debug_loc     0x0000000000005a03      0xa8c c:/program files (x86)/gnu arm aarch64/bin/../lib/gcc/aarch64-elf/8.2.1\libc.a(lib_a-freer.o)

.debug_aranges  0x0000000000000000      0x460
 .debug_aranges
                0x0000000000000000       0xa0 c:/program files (x86)/gnu arm aarch64/bin/../lib/gcc/aarch64-elf/8.2.1\libc.a(lib_a-locale.o)
 .debug_aranges
                0x00000000000000a0       0x40 c:/program files (x86)/gnu arm aarch64/bin/../lib/gcc/aarch64-elf/8.2.1\libc.a(lib_a-malloc.o)
 .debug_aranges
                0x00000000000000e0       0x30 c:/program files (x86)/gnu arm aarch64/bin/../lib/gcc/aarch64-elf/8.2.1\libc.a(lib_a-mallocr.o)
 .debug_aranges
                0x0000000000000110       0x80 c:/program files (x86)/gnu arm aarch64/bin/../lib/gcc/aarch64-elf/8.2.1\libc.a(lib_a-mbtowc_r.o)
 .debug_aranges
                0x0000000000000190       0x30 c:/program files (x86)/gnu arm aarch64/bin/../lib/gcc/aarch64-elf/8.2.1\libc.a(lib_a-memcpy.o)
 .debug_aranges
                0x00000000000001c0       0x30 c:/program files (x86)/gnu arm aarch64/bin/../lib/gcc/aarch64-elf/8.2.1\libc.a(lib_a-mlock.o)
 .debug_aranges
                0x00000000000001f0       0x40 c:/program files (x86)/gnu arm aarch64/bin/../lib/gcc/aarch64-elf/8.2.1\libc.a(lib_a-reent.o)
 .debug_aranges
                0x0000000000000230       0x30 c:/program files (x86)/gnu arm aarch64/bin/../lib/gcc/aarch64-elf/8.2.1\libc.a(lib_a-sbrkr.o)
 .debug_aranges
                0x0000000000000260       0x30 c:/program files (x86)/gnu arm aarch64/bin/../lib/gcc/aarch64-elf/8.2.1\libc.a(lib_a-strchr.o)
 .debug_aranges
                0x0000000000000290       0x30 c:/program files (x86)/gnu arm aarch64/bin/../lib/gcc/aarch64-elf/8.2.1\libc.a(lib_a-strlen.o)
 .debug_aranges
                0x00000000000002c0       0x30 c:/program files (x86)/gnu arm aarch64/bin/../lib/gcc/aarch64-elf/8.2.1\libc.a(lib_a-strnlen.o)
 .debug_aranges
                0x00000000000002f0       0x30 c:/program files (x86)/gnu arm aarch64/bin/../lib/gcc/aarch64-elf/8.2.1\libc.a(lib_a-wctob.o)
 .debug_aranges
                0x0000000000000320       0x80 c:/program files (x86)/gnu arm aarch64/bin/../lib/gcc/aarch64-elf/8.2.1\libc.a(lib_a-wctomb_r.o)
 .debug_aranges
                0x00000000000003a0       0x30 c:/program files (x86)/gnu arm aarch64/bin/../lib/gcc/aarch64-elf/8.2.1\libc.a(lib_a-ctype_.o)
 .debug_aranges
                0x00000000000003d0       0x40 c:/program files (x86)/gnu arm aarch64/bin/../lib/gcc/aarch64-elf/8.2.1\libc.a(lib_a-freer.o)
 .debug_aranges
                0x0000000000000410       0x20 c:/program files (x86)/gnu arm aarch64/bin/../lib/gcc/aarch64-elf/8.2.1\libc.a(lib_a-impure.o)
 .debug_aranges
                0x0000000000000430       0x30 c:/program files (x86)/gnu arm aarch64/bin/../lib/gcc/aarch64-elf/8.2.1\libc.a(lib_a-memset.o)

.debug_ranges   0x0000000000000000      0x500
 .debug_ranges  0x0000000000000000      0x1c0 c:/program files (x86)/gnu arm aarch64/bin/../lib/gcc/aarch64-elf/8.2.1\libc.a(lib_a-locale.o)
 .debug_ranges  0x00000000000001c0       0x30 c:/program files (x86)/gnu arm aarch64/bin/../lib/gcc/aarch64-elf/8.2.1\libc.a(lib_a-malloc.o)
 .debug_ranges  0x00000000000001f0       0x80 c:/program files (x86)/gnu arm aarch64/bin/../lib/gcc/aarch64-elf/8.2.1\libc.a(lib_a-mallocr.o)
 .debug_ranges  0x0000000000000270      0x100 c:/program files (x86)/gnu arm aarch64/bin/../lib/gcc/aarch64-elf/8.2.1\libc.a(lib_a-mbtowc_r.o)
 .debug_ranges  0x0000000000000370       0x20 c:/program files (x86)/gnu arm aarch64/bin/../lib/gcc/aarch64-elf/8.2.1\libc.a(lib_a-mlock.o)
 .debug_ranges  0x0000000000000390       0x30 c:/program files (x86)/gnu arm aarch64/bin/../lib/gcc/aarch64-elf/8.2.1\libc.a(lib_a-reent.o)
 .debug_ranges  0x00000000000003c0       0x20 c:/program files (x86)/gnu arm aarch64/bin/../lib/gcc/aarch64-elf/8.2.1\libc.a(lib_a-sbrkr.o)
 .debug_ranges  0x00000000000003e0       0x60 c:/program files (x86)/gnu arm aarch64/bin/../lib/gcc/aarch64-elf/8.2.1\libc.a(lib_a-wctob.o)
 .debug_ranges  0x0000000000000440       0x70 c:/program files (x86)/gnu arm aarch64/bin/../lib/gcc/aarch64-elf/8.2.1\libc.a(lib_a-wctomb_r.o)
 .debug_ranges  0x00000000000004b0       0x20 c:/program files (x86)/gnu arm aarch64/bin/../lib/gcc/aarch64-elf/8.2.1\libc.a(lib_a-ctype_.o)
 .debug_ranges  0x00000000000004d0       0x30 c:/program files (x86)/gnu arm aarch64/bin/../lib/gcc/aarch64-elf/8.2.1\libc.a(lib_a-freer.o)

.debug_line     0x0000000000000000     0x48ea
 .debug_line    0x0000000000000000      0xc84 c:/program files (x86)/gnu arm aarch64/bin/../lib/gcc/aarch64-elf/8.2.1\libc.a(lib_a-locale.o)
 .debug_line    0x0000000000000c84      0x2b8 c:/program files (x86)/gnu arm aarch64/bin/../lib/gcc/aarch64-elf/8.2.1\libc.a(lib_a-malloc.o)
 .debug_line    0x0000000000000f3c      0x99a c:/program files (x86)/gnu arm aarch64/bin/../lib/gcc/aarch64-elf/8.2.1\libc.a(lib_a-mallocr.o)
 .debug_line    0x00000000000018d6      0xb67 c:/program files (x86)/gnu arm aarch64/bin/../lib/gcc/aarch64-elf/8.2.1\libc.a(lib_a-mbtowc_r.o)
 .debug_line    0x000000000000243d      0x11f c:/program files (x86)/gnu arm aarch64/bin/../lib/gcc/aarch64-elf/8.2.1\libc.a(lib_a-memcpy.o)
 .debug_line    0x000000000000255c      0x1ff c:/program files (x86)/gnu arm aarch64/bin/../lib/gcc/aarch64-elf/8.2.1\libc.a(lib_a-mlock.o)
 .debug_line    0x000000000000275b      0x37b c:/program files (x86)/gnu arm aarch64/bin/../lib/gcc/aarch64-elf/8.2.1\libc.a(lib_a-reent.o)
 .debug_line    0x0000000000002ad6      0x2d0 c:/program files (x86)/gnu arm aarch64/bin/../lib/gcc/aarch64-elf/8.2.1\libc.a(lib_a-sbrkr.o)
 .debug_line    0x0000000000002da6       0xfc c:/program files (x86)/gnu arm aarch64/bin/../lib/gcc/aarch64-elf/8.2.1\libc.a(lib_a-strchr.o)
 .debug_line    0x0000000000002ea2      0x119 c:/program files (x86)/gnu arm aarch64/bin/../lib/gcc/aarch64-elf/8.2.1\libc.a(lib_a-strlen.o)
 .debug_line    0x0000000000002fbb       0xfe c:/program files (x86)/gnu arm aarch64/bin/../lib/gcc/aarch64-elf/8.2.1\libc.a(lib_a-strnlen.o)
 .debug_line    0x00000000000030b9      0x3ce c:/program files (x86)/gnu arm aarch64/bin/../lib/gcc/aarch64-elf/8.2.1\libc.a(lib_a-wctob.o)
 .debug_line    0x0000000000003487      0x781 c:/program files (x86)/gnu arm aarch64/bin/../lib/gcc/aarch64-elf/8.2.1\libc.a(lib_a-wctomb_r.o)
 .debug_line    0x0000000000003c08      0x35a c:/program files (x86)/gnu arm aarch64/bin/../lib/gcc/aarch64-elf/8.2.1\libc.a(lib_a-ctype_.o)
 .debug_line    0x0000000000003f62      0x66c c:/program files (x86)/gnu arm aarch64/bin/../lib/gcc/aarch64-elf/8.2.1\libc.a(lib_a-freer.o)
 .debug_line    0x00000000000045ce      0x1e3 c:/program files (x86)/gnu arm aarch64/bin/../lib/gcc/aarch64-elf/8.2.1\libc.a(lib_a-impure.o)
 .debug_line    0x00000000000047b1      0x139 c:/program files (x86)/gnu arm aarch64/bin/../lib/gcc/aarch64-elf/8.2.1\libc.a(lib_a-memset.o)

.debug_str      0x0000000000000000     0x1938
 .debug_str     0x0000000000000000      0x9f6 c:/program files (x86)/gnu arm aarch64/bin/../lib/gcc/aarch64-elf/8.2.1\libc.a(lib_a-locale.o)
                                        0xb50 (size before relaxing)
 .debug_str     0x00000000000009f6      0x14a c:/program files (x86)/gnu arm aarch64/bin/../lib/gcc/aarch64-elf/8.2.1\libc.a(lib_a-malloc.o)
                                        0x640 (size before relaxing)
 .debug_str     0x0000000000000b40      0x298 c:/program files (x86)/gnu arm aarch64/bin/../lib/gcc/aarch64-elf/8.2.1\libc.a(lib_a-mallocr.o)
                                        0x877 (size before relaxing)
 .debug_str     0x0000000000000dd8      0x1d2 c:/program files (x86)/gnu arm aarch64/bin/../lib/gcc/aarch64-elf/8.2.1\libc.a(lib_a-mbtowc_r.o)
                                        0xada (size before relaxing)
 .debug_str     0x0000000000000faa      0x147 c:/program files (x86)/gnu arm aarch64/bin/../lib/gcc/aarch64-elf/8.2.1\libc.a(lib_a-memcpy.o)
 .debug_str     0x00000000000010f1       0xa1 c:/program files (x86)/gnu arm aarch64/bin/../lib/gcc/aarch64-elf/8.2.1\libc.a(lib_a-mlock.o)
                                        0x63b (size before relaxing)
 .debug_str     0x0000000000001192      0x150 c:/program files (x86)/gnu arm aarch64/bin/../lib/gcc/aarch64-elf/8.2.1\libc.a(lib_a-reent.o)
                                        0x64b (size before relaxing)
 .debug_str     0x00000000000012e2       0x9c c:/program files (x86)/gnu arm aarch64/bin/../lib/gcc/aarch64-elf/8.2.1\libc.a(lib_a-sbrkr.o)
                                        0x652 (size before relaxing)
 .debug_str     0x000000000000137e       0x92 c:/program files (x86)/gnu arm aarch64/bin/../lib/gcc/aarch64-elf/8.2.1\libc.a(lib_a-strchr.o)
                                        0x147 (size before relaxing)
 .debug_str     0x0000000000001410       0x92 c:/program files (x86)/gnu arm aarch64/bin/../lib/gcc/aarch64-elf/8.2.1\libc.a(lib_a-strlen.o)
                                        0x147 (size before relaxing)
 .debug_str     0x00000000000014a2       0x93 c:/program files (x86)/gnu arm aarch64/bin/../lib/gcc/aarch64-elf/8.2.1\libc.a(lib_a-strnlen.o)
                                        0x148 (size before relaxing)
 .debug_str     0x0000000000001535       0x95 c:/program files (x86)/gnu arm aarch64/bin/../lib/gcc/aarch64-elf/8.2.1\libc.a(lib_a-wctob.o)
                                        0x986 (size before relaxing)
 .debug_str     0x00000000000015ca       0xef c:/program files (x86)/gnu arm aarch64/bin/../lib/gcc/aarch64-elf/8.2.1\libc.a(lib_a-wctomb_r.o)
                                        0x9fd (size before relaxing)
 .debug_str     0x00000000000016b9      0x125 c:/program files (x86)/gnu arm aarch64/bin/../lib/gcc/aarch64-elf/8.2.1\libc.a(lib_a-ctype_.o)
                                        0x93b (size before relaxing)
 .debug_str     0x00000000000017de       0x34 c:/program files (x86)/gnu arm aarch64/bin/../lib/gcc/aarch64-elf/8.2.1\libc.a(lib_a-freer.o)
                                        0x7f0 (size before relaxing)
 .debug_str     0x0000000000001812       0x94 c:/program files (x86)/gnu arm aarch64/bin/../lib/gcc/aarch64-elf/8.2.1\libc.a(lib_a-impure.o)
                                        0x60f (size before relaxing)
 .debug_str     0x00000000000018a6       0x92 c:/program files (x86)/gnu arm aarch64/bin/../lib/gcc/aarch64-elf/8.2.1\libc.a(lib_a-memset.o)
                                        0x147 (size before relaxing)
