Archive member included to satisfy reference by file (symbol)

c:/program files (x86)/gnu arm aarch64/bin/../lib/gcc/aarch64-elf/8.2.1\libc.a(lib_a-locale.o)
                              C:\Users\isheik\AppData\Local\Temp\ccZ9YyHm.o (__locale_ctype_ptr)
c:/program files (x86)/gnu arm aarch64/bin/../lib/gcc/aarch64-elf/8.2.1\libc.a(lib_a-malloc.o)
                              C:\Users\isheik\AppData\Local\Temp\cc6K2jLi.o (malloc)
c:/program files (x86)/gnu arm aarch64/bin/../lib/gcc/aarch64-elf/8.2.1\libc.a(lib_a-mallocr.o)
                              c:/program files (x86)/gnu arm aarch64/bin/../lib/gcc/aarch64-elf/8.2.1\libc.a(lib_a-malloc.o) (_malloc_r)
c:/program files (x86)/gnu arm aarch64/bin/../lib/gcc/aarch64-elf/8.2.1\libc.a(lib_a-mbtowc_r.o)
                              c:/program files (x86)/gnu arm aarch64/bin/../lib/gcc/aarch64-elf/8.2.1\libc.a(lib_a-locale.o) (__ascii_mbtowc)
c:/program files (x86)/gnu arm aarch64/bin/../lib/gcc/aarch64-elf/8.2.1\libc.a(lib_a-memcpy.o)
                              C:\Users\isheik\AppData\Local\Temp\ccFVtQea.o (memcpy)
c:/program files (x86)/gnu arm aarch64/bin/../lib/gcc/aarch64-elf/8.2.1\libc.a(lib_a-memset.o)
                              C:\Users\isheik\AppData\Local\Temp\ccFVtQea.o (memset)
c:/program files (x86)/gnu arm aarch64/bin/../lib/gcc/aarch64-elf/8.2.1\libc.a(lib_a-mlock.o)
                              c:/program files (x86)/gnu arm aarch64/bin/../lib/gcc/aarch64-elf/8.2.1\libc.a(lib_a-mallocr.o) (__malloc_lock)
c:/program files (x86)/gnu arm aarch64/bin/../lib/gcc/aarch64-elf/8.2.1\libc.a(lib_a-reent.o)
                              C:\Users\isheik\AppData\Local\Temp\ccSqWClh.o (errno)
c:/program files (x86)/gnu arm aarch64/bin/../lib/gcc/aarch64-elf/8.2.1\libc.a(lib_a-sbrkr.o)
                              c:/program files (x86)/gnu arm aarch64/bin/../lib/gcc/aarch64-elf/8.2.1\libc.a(lib_a-mallocr.o) (_sbrk_r)
c:/program files (x86)/gnu arm aarch64/bin/../lib/gcc/aarch64-elf/8.2.1\libc.a(lib_a-strcasecmp.o)
                              c:/program files (x86)/gnu arm aarch64/bin/../lib/gcc/aarch64-elf/8.2.1\libc.a(lib_a-locale.o) (strcasecmp)
c:/program files (x86)/gnu arm aarch64/bin/../lib/gcc/aarch64-elf/8.2.1\libc.a(lib_a-strcat.o)
                              C:\Users\isheik\AppData\Local\Temp\ccFVtQea.o (strcat)
c:/program files (x86)/gnu arm aarch64/bin/../lib/gcc/aarch64-elf/8.2.1\libc.a(lib_a-strchr.o)
                              C:\Users\isheik\AppData\Local\Temp\ccbZNah2.o (strchr)
c:/program files (x86)/gnu arm aarch64/bin/../lib/gcc/aarch64-elf/8.2.1\libc.a(lib_a-strcmp.o)
                              C:\Users\isheik\AppData\Local\Temp\ccFVtQea.o (strcmp)
c:/program files (x86)/gnu arm aarch64/bin/../lib/gcc/aarch64-elf/8.2.1\libc.a(lib_a-strcpy.o)
                              C:\Users\isheik\AppData\Local\Temp\ccFVtQea.o (strcpy)
c:/program files (x86)/gnu arm aarch64/bin/../lib/gcc/aarch64-elf/8.2.1\libc.a(lib_a-strlcpy.o)
                              c:/program files (x86)/gnu arm aarch64/bin/../lib/gcc/aarch64-elf/8.2.1\libc.a(lib_a-locale.o) (strlcpy)
c:/program files (x86)/gnu arm aarch64/bin/../lib/gcc/aarch64-elf/8.2.1\libc.a(lib_a-strlen.o)
                              C:\Users\isheik\AppData\Local\Temp\ccSqWClh.o (strlen)
c:/program files (x86)/gnu arm aarch64/bin/../lib/gcc/aarch64-elf/8.2.1\libc.a(lib_a-strncasecmp.o)
                              c:/program files (x86)/gnu arm aarch64/bin/../lib/gcc/aarch64-elf/8.2.1\libc.a(lib_a-locale.o) (strncasecmp)
c:/program files (x86)/gnu arm aarch64/bin/../lib/gcc/aarch64-elf/8.2.1\libc.a(lib_a-strncmp.o)
                              c:/program files (x86)/gnu arm aarch64/bin/../lib/gcc/aarch64-elf/8.2.1\libc.a(lib_a-locale.o) (strncmp)
c:/program files (x86)/gnu arm aarch64/bin/../lib/gcc/aarch64-elf/8.2.1\libc.a(lib_a-strncpy.o)
                              c:/program files (x86)/gnu arm aarch64/bin/../lib/gcc/aarch64-elf/8.2.1\libc.a(lib_a-locale.o) (strncpy)
c:/program files (x86)/gnu arm aarch64/bin/../lib/gcc/aarch64-elf/8.2.1\libc.a(lib_a-strnlen.o)
                              C:\Users\isheik\AppData\Local\Temp\ccZ9YyHm.o (strnlen)
c:/program files (x86)/gnu arm aarch64/bin/../lib/gcc/aarch64-elf/8.2.1\libc.a(lib_a-strtol.o)
                              c:/program files (x86)/gnu arm aarch64/bin/../lib/gcc/aarch64-elf/8.2.1\libc.a(lib_a-locale.o) (strtol)
c:/program files (x86)/gnu arm aarch64/bin/../lib/gcc/aarch64-elf/8.2.1\libc.a(lib_a-wctob.o)
                              C:\Users\isheik\AppData\Local\Temp\ccbZNah2.o (wctob)
c:/program files (x86)/gnu arm aarch64/bin/../lib/gcc/aarch64-elf/8.2.1\libc.a(lib_a-wctomb_r.o)
                              c:/program files (x86)/gnu arm aarch64/bin/../lib/gcc/aarch64-elf/8.2.1\libc.a(lib_a-locale.o) (__ascii_wctomb)
c:/program files (x86)/gnu arm aarch64/bin/../lib/gcc/aarch64-elf/8.2.1\libc.a(lib_a-ctype_.o)
                              c:/program files (x86)/gnu arm aarch64/bin/../lib/gcc/aarch64-elf/8.2.1\libc.a(lib_a-locale.o) (__set_ctype)
c:/program files (x86)/gnu arm aarch64/bin/../lib/gcc/aarch64-elf/8.2.1\libc.a(lib_a-freer.o)
                              c:/program files (x86)/gnu arm aarch64/bin/../lib/gcc/aarch64-elf/8.2.1\libc.a(lib_a-malloc.o) (_free_r)
c:/program files (x86)/gnu arm aarch64/bin/../lib/gcc/aarch64-elf/8.2.1\libc.a(lib_a-getenv_r.o)
                              c:/program files (x86)/gnu arm aarch64/bin/../lib/gcc/aarch64-elf/8.2.1\libc.a(lib_a-locale.o) (_getenv_r)
c:/program files (x86)/gnu arm aarch64/bin/../lib/gcc/aarch64-elf/8.2.1\libc.a(lib_a-impure.o)
                              c:/program files (x86)/gnu arm aarch64/bin/../lib/gcc/aarch64-elf/8.2.1\libc.a(lib_a-locale.o) (_impure_ptr)
c:/program files (x86)/gnu arm aarch64/bin/../lib/gcc/aarch64-elf/8.2.1\libc.a(lib_a-environ.o)
                              c:/program files (x86)/gnu arm aarch64/bin/../lib/gcc/aarch64-elf/8.2.1\libc.a(lib_a-getenv_r.o) (environ)
c:/program files (x86)/gnu arm aarch64/bin/../lib/gcc/aarch64-elf/8.2.1\libc.a(lib_a-envlock.o)
                              c:/program files (x86)/gnu arm aarch64/bin/../lib/gcc/aarch64-elf/8.2.1\libc.a(lib_a-getenv_r.o) (__env_lock)

Allocating common symbols
Common symbol       size              file

errno               0x4               c:/program files (x86)/gnu arm aarch64/bin/../lib/gcc/aarch64-elf/8.2.1\libc.a(lib_a-reent.o)

Discarded input sections

 .data          0x0000000000000000        0x0 C:\Users\isheik\AppData\Local\Temp\ccUf9cc8.o
 .bss           0x0000000000000000        0x0 C:\Users\isheik\AppData\Local\Temp\ccUf9cc8.o
 .comment       0x0000000000000000       0x5f C:\Users\isheik\AppData\Local\Temp\ccUf9cc8.o
 .data          0x0000000000000000        0x0 C:\Users\isheik\AppData\Local\Temp\ccFVtQea.o
 .bss           0x0000000000000000        0x0 C:\Users\isheik\AppData\Local\Temp\ccFVtQea.o
 .comment       0x0000000000000000       0x5f C:\Users\isheik\AppData\Local\Temp\ccFVtQea.o
 .data          0x0000000000000000        0x0 C:\Users\isheik\AppData\Local\Temp\cc6K2jLi.o
 .bss           0x0000000000000000        0x0 C:\Users\isheik\AppData\Local\Temp\cc6K2jLi.o
 .comment       0x0000000000000000       0x5f C:\Users\isheik\AppData\Local\Temp\cc6K2jLi.o
 .text          0x0000000000000000        0x0 C:\Users\isheik\AppData\Local\Temp\ccHTSkUt.o
 .data          0x0000000000000000        0x0 C:\Users\isheik\AppData\Local\Temp\ccHTSkUt.o
 .bss           0x0000000000000000        0x0 C:\Users\isheik\AppData\Local\Temp\ccHTSkUt.o
 .comment       0x0000000000000000       0x5f C:\Users\isheik\AppData\Local\Temp\ccSqWClh.o
 .data          0x0000000000000000        0x0 C:\Users\isheik\AppData\Local\Temp\ccZ9YyHm.o
 .bss           0x0000000000000000        0x0 C:\Users\isheik\AppData\Local\Temp\ccZ9YyHm.o
 .comment       0x0000000000000000       0x5f C:\Users\isheik\AppData\Local\Temp\ccZ9YyHm.o
 .comment       0x0000000000000000       0x5f C:\Users\isheik\AppData\Local\Temp\ccbZNah2.o
 .data          0x0000000000000000        0x0 C:\Users\isheik\AppData\Local\Temp\ccVhNao3.o
 .comment       0x0000000000000000       0x5f C:\Users\isheik\AppData\Local\Temp\ccVhNao3.o
 .bss           0x0000000000000000        0x0 C:\Users\isheik\AppData\Local\Temp\ccKExyT6.o
 .comment       0x0000000000000000       0x5f C:\Users\isheik\AppData\Local\Temp\ccKExyT6.o
 .text          0x0000000000000000        0x0 c:/program files (x86)/gnu arm aarch64/bin/../lib/gcc/aarch64-elf/8.2.1\libc.a(lib_a-locale.o)
 .data          0x0000000000000000        0x0 c:/program files (x86)/gnu arm aarch64/bin/../lib/gcc/aarch64-elf/8.2.1\libc.a(lib_a-locale.o)
 .bss           0x0000000000000000        0x0 c:/program files (x86)/gnu arm aarch64/bin/../lib/gcc/aarch64-elf/8.2.1\libc.a(lib_a-locale.o)
 .text.currentlocale
                0x0000000000000000       0xb8 c:/program files (x86)/gnu arm aarch64/bin/../lib/gcc/aarch64-elf/8.2.1\libc.a(lib_a-locale.o)
 .text.__loadlocale
                0x0000000000000000      0x79c c:/program files (x86)/gnu arm aarch64/bin/../lib/gcc/aarch64-elf/8.2.1\libc.a(lib_a-locale.o)
 .rodata.__loadlocale
                0x0000000000000000       0x6a c:/program files (x86)/gnu arm aarch64/bin/../lib/gcc/aarch64-elf/8.2.1\libc.a(lib_a-locale.o)
 .text.__get_locale_env
                0x0000000000000000       0x88 c:/program files (x86)/gnu arm aarch64/bin/../lib/gcc/aarch64-elf/8.2.1\libc.a(lib_a-locale.o)
 .text._setlocale_r
                0x0000000000000000      0x39c c:/program files (x86)/gnu arm aarch64/bin/../lib/gcc/aarch64-elf/8.2.1\libc.a(lib_a-locale.o)
 .text.__locale_mb_cur_max
                0x0000000000000000       0x24 c:/program files (x86)/gnu arm aarch64/bin/../lib/gcc/aarch64-elf/8.2.1\libc.a(lib_a-locale.o)
 .text.__locale_ctype_ptr_l
                0x0000000000000000        0x8 c:/program files (x86)/gnu arm aarch64/bin/../lib/gcc/aarch64-elf/8.2.1\libc.a(lib_a-locale.o)
 .text.setlocale
                0x0000000000000000       0x14 c:/program files (x86)/gnu arm aarch64/bin/../lib/gcc/aarch64-elf/8.2.1\libc.a(lib_a-locale.o)
 .bss._PathLocale
                0x0000000000000000        0x8 c:/program files (x86)/gnu arm aarch64/bin/../lib/gcc/aarch64-elf/8.2.1\libc.a(lib_a-locale.o)
 .bss.global_locale_string
                0x0000000000000000       0xe7 c:/program files (x86)/gnu arm aarch64/bin/../lib/gcc/aarch64-elf/8.2.1\libc.a(lib_a-locale.o)
 .bss.new_categories.4508
                0x0000000000000000       0xe0 c:/program files (x86)/gnu arm aarch64/bin/../lib/gcc/aarch64-elf/8.2.1\libc.a(lib_a-locale.o)
 .bss.saved_categories.4509
                0x0000000000000000       0xe0 c:/program files (x86)/gnu arm aarch64/bin/../lib/gcc/aarch64-elf/8.2.1\libc.a(lib_a-locale.o)
 .data.__default_locale
                0x0000000000000000       0x20 c:/program files (x86)/gnu arm aarch64/bin/../lib/gcc/aarch64-elf/8.2.1\libc.a(lib_a-locale.o)
 .rodata.__C_locale
                0x0000000000000000      0x1a8 c:/program files (x86)/gnu arm aarch64/bin/../lib/gcc/aarch64-elf/8.2.1\libc.a(lib_a-locale.o)
 .rodata.__get_locale_env.str1.8
                0x0000000000000000        0xd c:/program files (x86)/gnu arm aarch64/bin/../lib/gcc/aarch64-elf/8.2.1\libc.a(lib_a-locale.o)
 .rodata.__loadlocale.str1.8
                0x0000000000000000      0x10b c:/program files (x86)/gnu arm aarch64/bin/../lib/gcc/aarch64-elf/8.2.1\libc.a(lib_a-locale.o)
 .rodata.categories
                0x0000000000000000       0x38 c:/program files (x86)/gnu arm aarch64/bin/../lib/gcc/aarch64-elf/8.2.1\libc.a(lib_a-locale.o)
 .rodata.currentlocale.str1.8
                0x0000000000000000        0x2 c:/program files (x86)/gnu arm aarch64/bin/../lib/gcc/aarch64-elf/8.2.1\libc.a(lib_a-locale.o)
 .comment       0x0000000000000000       0x5f c:/program files (x86)/gnu arm aarch64/bin/../lib/gcc/aarch64-elf/8.2.1\libc.a(lib_a-locale.o)
 .debug_frame   0x0000000000000000      0x250 c:/program files (x86)/gnu arm aarch64/bin/../lib/gcc/aarch64-elf/8.2.1\libc.a(lib_a-locale.o)
 .text          0x0000000000000000        0x0 c:/program files (x86)/gnu arm aarch64/bin/../lib/gcc/aarch64-elf/8.2.1\libc.a(lib_a-malloc.o)
 .data          0x0000000000000000        0x0 c:/program files (x86)/gnu arm aarch64/bin/../lib/gcc/aarch64-elf/8.2.1\libc.a(lib_a-malloc.o)
 .bss           0x0000000000000000        0x0 c:/program files (x86)/gnu arm aarch64/bin/../lib/gcc/aarch64-elf/8.2.1\libc.a(lib_a-malloc.o)
 .comment       0x0000000000000000       0x5f c:/program files (x86)/gnu arm aarch64/bin/../lib/gcc/aarch64-elf/8.2.1\libc.a(lib_a-malloc.o)
 .debug_frame   0x0000000000000000       0x40 c:/program files (x86)/gnu arm aarch64/bin/../lib/gcc/aarch64-elf/8.2.1\libc.a(lib_a-malloc.o)
 .text          0x0000000000000000        0x0 c:/program files (x86)/gnu arm aarch64/bin/../lib/gcc/aarch64-elf/8.2.1\libc.a(lib_a-mallocr.o)
 .data          0x0000000000000000        0x0 c:/program files (x86)/gnu arm aarch64/bin/../lib/gcc/aarch64-elf/8.2.1\libc.a(lib_a-mallocr.o)
 .bss           0x0000000000000000        0x0 c:/program files (x86)/gnu arm aarch64/bin/../lib/gcc/aarch64-elf/8.2.1\libc.a(lib_a-mallocr.o)
 .comment       0x0000000000000000       0x5f c:/program files (x86)/gnu arm aarch64/bin/../lib/gcc/aarch64-elf/8.2.1\libc.a(lib_a-mallocr.o)
 .debug_frame   0x0000000000000000       0xc8 c:/program files (x86)/gnu arm aarch64/bin/../lib/gcc/aarch64-elf/8.2.1\libc.a(lib_a-mallocr.o)
 .text          0x0000000000000000        0x0 c:/program files (x86)/gnu arm aarch64/bin/../lib/gcc/aarch64-elf/8.2.1\libc.a(lib_a-mbtowc_r.o)
 .data          0x0000000000000000        0x0 c:/program files (x86)/gnu arm aarch64/bin/../lib/gcc/aarch64-elf/8.2.1\libc.a(lib_a-mbtowc_r.o)
 .bss           0x0000000000000000        0x0 c:/program files (x86)/gnu arm aarch64/bin/../lib/gcc/aarch64-elf/8.2.1\libc.a(lib_a-mbtowc_r.o)
 .text._mbtowc_r
                0x0000000000000000       0x24 c:/program files (x86)/gnu arm aarch64/bin/../lib/gcc/aarch64-elf/8.2.1\libc.a(lib_a-mbtowc_r.o)
 .text.__utf8_mbtowc
                0x0000000000000000      0x2c8 c:/program files (x86)/gnu arm aarch64/bin/../lib/gcc/aarch64-elf/8.2.1\libc.a(lib_a-mbtowc_r.o)
 .text.__sjis_mbtowc
                0x0000000000000000       0xcc c:/program files (x86)/gnu arm aarch64/bin/../lib/gcc/aarch64-elf/8.2.1\libc.a(lib_a-mbtowc_r.o)
 .text.__eucjp_mbtowc
                0x0000000000000000      0x120 c:/program files (x86)/gnu arm aarch64/bin/../lib/gcc/aarch64-elf/8.2.1\libc.a(lib_a-mbtowc_r.o)
 .text.__jis_mbtowc
                0x0000000000000000      0x1d4 c:/program files (x86)/gnu arm aarch64/bin/../lib/gcc/aarch64-elf/8.2.1\libc.a(lib_a-mbtowc_r.o)
 .rodata.JIS_action_table
                0x0000000000000000       0x48 c:/program files (x86)/gnu arm aarch64/bin/../lib/gcc/aarch64-elf/8.2.1\libc.a(lib_a-mbtowc_r.o)
 .rodata.JIS_state_table
                0x0000000000000000       0x48 c:/program files (x86)/gnu arm aarch64/bin/../lib/gcc/aarch64-elf/8.2.1\libc.a(lib_a-mbtowc_r.o)
 .comment       0x0000000000000000       0x5f c:/program files (x86)/gnu arm aarch64/bin/../lib/gcc/aarch64-elf/8.2.1\libc.a(lib_a-mbtowc_r.o)
 .debug_frame   0x0000000000000000      0x130 c:/program files (x86)/gnu arm aarch64/bin/../lib/gcc/aarch64-elf/8.2.1\libc.a(lib_a-mbtowc_r.o)
 .data          0x0000000000000000        0x0 c:/program files (x86)/gnu arm aarch64/bin/../lib/gcc/aarch64-elf/8.2.1\libc.a(lib_a-memcpy.o)
 .bss           0x0000000000000000        0x0 c:/program files (x86)/gnu arm aarch64/bin/../lib/gcc/aarch64-elf/8.2.1\libc.a(lib_a-memcpy.o)
 .data          0x0000000000000000        0x0 c:/program files (x86)/gnu arm aarch64/bin/../lib/gcc/aarch64-elf/8.2.1\libc.a(lib_a-memset.o)
 .bss           0x0000000000000000        0x0 c:/program files (x86)/gnu arm aarch64/bin/../lib/gcc/aarch64-elf/8.2.1\libc.a(lib_a-memset.o)
 .text          0x0000000000000000        0x0 c:/program files (x86)/gnu arm aarch64/bin/../lib/gcc/aarch64-elf/8.2.1\libc.a(lib_a-mlock.o)
 .data          0x0000000000000000        0x0 c:/program files (x86)/gnu arm aarch64/bin/../lib/gcc/aarch64-elf/8.2.1\libc.a(lib_a-mlock.o)
 .bss           0x0000000000000000        0x0 c:/program files (x86)/gnu arm aarch64/bin/../lib/gcc/aarch64-elf/8.2.1\libc.a(lib_a-mlock.o)
 .comment       0x0000000000000000       0x5f c:/program files (x86)/gnu arm aarch64/bin/../lib/gcc/aarch64-elf/8.2.1\libc.a(lib_a-mlock.o)
 .debug_frame   0x0000000000000000       0x40 c:/program files (x86)/gnu arm aarch64/bin/../lib/gcc/aarch64-elf/8.2.1\libc.a(lib_a-mlock.o)
 .text          0x0000000000000000        0x0 c:/program files (x86)/gnu arm aarch64/bin/../lib/gcc/aarch64-elf/8.2.1\libc.a(lib_a-reent.o)
 .data          0x0000000000000000        0x0 c:/program files (x86)/gnu arm aarch64/bin/../lib/gcc/aarch64-elf/8.2.1\libc.a(lib_a-reent.o)
 .bss           0x0000000000000000        0x0 c:/program files (x86)/gnu arm aarch64/bin/../lib/gcc/aarch64-elf/8.2.1\libc.a(lib_a-reent.o)
 .text.cleanup_glue
                0x0000000000000000       0x34 c:/program files (x86)/gnu arm aarch64/bin/../lib/gcc/aarch64-elf/8.2.1\libc.a(lib_a-reent.o)
 .text._reclaim_reent
                0x0000000000000000       0xf8 c:/program files (x86)/gnu arm aarch64/bin/../lib/gcc/aarch64-elf/8.2.1\libc.a(lib_a-reent.o)
 .comment       0x0000000000000000       0x5f c:/program files (x86)/gnu arm aarch64/bin/../lib/gcc/aarch64-elf/8.2.1\libc.a(lib_a-reent.o)
 .debug_frame   0x0000000000000000       0x80 c:/program files (x86)/gnu arm aarch64/bin/../lib/gcc/aarch64-elf/8.2.1\libc.a(lib_a-reent.o)
 .text          0x0000000000000000        0x0 c:/program files (x86)/gnu arm aarch64/bin/../lib/gcc/aarch64-elf/8.2.1\libc.a(lib_a-sbrkr.o)
 .data          0x0000000000000000        0x0 c:/program files (x86)/gnu arm aarch64/bin/../lib/gcc/aarch64-elf/8.2.1\libc.a(lib_a-sbrkr.o)
 .bss           0x0000000000000000        0x0 c:/program files (x86)/gnu arm aarch64/bin/../lib/gcc/aarch64-elf/8.2.1\libc.a(lib_a-sbrkr.o)
 .comment       0x0000000000000000       0x5f c:/program files (x86)/gnu arm aarch64/bin/../lib/gcc/aarch64-elf/8.2.1\libc.a(lib_a-sbrkr.o)
 .debug_frame   0x0000000000000000       0x48 c:/program files (x86)/gnu arm aarch64/bin/../lib/gcc/aarch64-elf/8.2.1\libc.a(lib_a-sbrkr.o)
 .text          0x0000000000000000        0x0 c:/program files (x86)/gnu arm aarch64/bin/../lib/gcc/aarch64-elf/8.2.1\libc.a(lib_a-strcasecmp.o)
 .data          0x0000000000000000        0x0 c:/program files (x86)/gnu arm aarch64/bin/../lib/gcc/aarch64-elf/8.2.1\libc.a(lib_a-strcasecmp.o)
 .bss           0x0000000000000000        0x0 c:/program files (x86)/gnu arm aarch64/bin/../lib/gcc/aarch64-elf/8.2.1\libc.a(lib_a-strcasecmp.o)
 .text.strcasecmp
                0x0000000000000000       0xa0 c:/program files (x86)/gnu arm aarch64/bin/../lib/gcc/aarch64-elf/8.2.1\libc.a(lib_a-strcasecmp.o)
 .debug_info    0x0000000000000000      0x180 c:/program files (x86)/gnu arm aarch64/bin/../lib/gcc/aarch64-elf/8.2.1\libc.a(lib_a-strcasecmp.o)
 .debug_abbrev  0x0000000000000000       0xde c:/program files (x86)/gnu arm aarch64/bin/../lib/gcc/aarch64-elf/8.2.1\libc.a(lib_a-strcasecmp.o)
 .debug_loc     0x0000000000000000      0x24f c:/program files (x86)/gnu arm aarch64/bin/../lib/gcc/aarch64-elf/8.2.1\libc.a(lib_a-strcasecmp.o)
 .debug_aranges
                0x0000000000000000       0x30 c:/program files (x86)/gnu arm aarch64/bin/../lib/gcc/aarch64-elf/8.2.1\libc.a(lib_a-strcasecmp.o)
 .debug_ranges  0x0000000000000000       0xd0 c:/program files (x86)/gnu arm aarch64/bin/../lib/gcc/aarch64-elf/8.2.1\libc.a(lib_a-strcasecmp.o)
 .debug_line    0x0000000000000000      0x1c7 c:/program files (x86)/gnu arm aarch64/bin/../lib/gcc/aarch64-elf/8.2.1\libc.a(lib_a-strcasecmp.o)
 .debug_str     0x0000000000000000      0x239 c:/program files (x86)/gnu arm aarch64/bin/../lib/gcc/aarch64-elf/8.2.1\libc.a(lib_a-strcasecmp.o)
 .comment       0x0000000000000000       0x5f c:/program files (x86)/gnu arm aarch64/bin/../lib/gcc/aarch64-elf/8.2.1\libc.a(lib_a-strcasecmp.o)
 .debug_frame   0x0000000000000000       0x58 c:/program files (x86)/gnu arm aarch64/bin/../lib/gcc/aarch64-elf/8.2.1\libc.a(lib_a-strcasecmp.o)
 .text          0x0000000000000000        0x0 c:/program files (x86)/gnu arm aarch64/bin/../lib/gcc/aarch64-elf/8.2.1\libc.a(lib_a-strcat.o)
 .data          0x0000000000000000        0x0 c:/program files (x86)/gnu arm aarch64/bin/../lib/gcc/aarch64-elf/8.2.1\libc.a(lib_a-strcat.o)
 .bss           0x0000000000000000        0x0 c:/program files (x86)/gnu arm aarch64/bin/../lib/gcc/aarch64-elf/8.2.1\libc.a(lib_a-strcat.o)
 .comment       0x0000000000000000       0x5f c:/program files (x86)/gnu arm aarch64/bin/../lib/gcc/aarch64-elf/8.2.1\libc.a(lib_a-strcat.o)
 .debug_frame   0x0000000000000000       0x38 c:/program files (x86)/gnu arm aarch64/bin/../lib/gcc/aarch64-elf/8.2.1\libc.a(lib_a-strcat.o)
 .data          0x0000000000000000        0x0 c:/program files (x86)/gnu arm aarch64/bin/../lib/gcc/aarch64-elf/8.2.1\libc.a(lib_a-strchr.o)
 .bss           0x0000000000000000        0x0 c:/program files (x86)/gnu arm aarch64/bin/../lib/gcc/aarch64-elf/8.2.1\libc.a(lib_a-strchr.o)
 .data          0x0000000000000000        0x0 c:/program files (x86)/gnu arm aarch64/bin/../lib/gcc/aarch64-elf/8.2.1\libc.a(lib_a-strcmp.o)
 .bss           0x0000000000000000        0x0 c:/program files (x86)/gnu arm aarch64/bin/../lib/gcc/aarch64-elf/8.2.1\libc.a(lib_a-strcmp.o)
 .data          0x0000000000000000        0x0 c:/program files (x86)/gnu arm aarch64/bin/../lib/gcc/aarch64-elf/8.2.1\libc.a(lib_a-strcpy.o)
 .bss           0x0000000000000000        0x0 c:/program files (x86)/gnu arm aarch64/bin/../lib/gcc/aarch64-elf/8.2.1\libc.a(lib_a-strcpy.o)
 .text          0x0000000000000000        0x0 c:/program files (x86)/gnu arm aarch64/bin/../lib/gcc/aarch64-elf/8.2.1\libc.a(lib_a-strlcpy.o)
 .data          0x0000000000000000        0x0 c:/program files (x86)/gnu arm aarch64/bin/../lib/gcc/aarch64-elf/8.2.1\libc.a(lib_a-strlcpy.o)
 .bss           0x0000000000000000        0x0 c:/program files (x86)/gnu arm aarch64/bin/../lib/gcc/aarch64-elf/8.2.1\libc.a(lib_a-strlcpy.o)
 .text.strlcpy  0x0000000000000000       0x54 c:/program files (x86)/gnu arm aarch64/bin/../lib/gcc/aarch64-elf/8.2.1\libc.a(lib_a-strlcpy.o)
 .debug_info    0x0000000000000000      0x9a9 c:/program files (x86)/gnu arm aarch64/bin/../lib/gcc/aarch64-elf/8.2.1\libc.a(lib_a-strlcpy.o)
 .debug_abbrev  0x0000000000000000      0x206 c:/program files (x86)/gnu arm aarch64/bin/../lib/gcc/aarch64-elf/8.2.1\libc.a(lib_a-strlcpy.o)
 .debug_loc     0x0000000000000000      0x242 c:/program files (x86)/gnu arm aarch64/bin/../lib/gcc/aarch64-elf/8.2.1\libc.a(lib_a-strlcpy.o)
 .debug_aranges
                0x0000000000000000       0x30 c:/program files (x86)/gnu arm aarch64/bin/../lib/gcc/aarch64-elf/8.2.1\libc.a(lib_a-strlcpy.o)
 .debug_ranges  0x0000000000000000       0x20 c:/program files (x86)/gnu arm aarch64/bin/../lib/gcc/aarch64-elf/8.2.1\libc.a(lib_a-strlcpy.o)
 .debug_line    0x0000000000000000      0x2ed c:/program files (x86)/gnu arm aarch64/bin/../lib/gcc/aarch64-elf/8.2.1\libc.a(lib_a-strlcpy.o)
 .debug_str     0x0000000000000000      0x615 c:/program files (x86)/gnu arm aarch64/bin/../lib/gcc/aarch64-elf/8.2.1\libc.a(lib_a-strlcpy.o)
 .comment       0x0000000000000000       0x5f c:/program files (x86)/gnu arm aarch64/bin/../lib/gcc/aarch64-elf/8.2.1\libc.a(lib_a-strlcpy.o)
 .debug_frame   0x0000000000000000       0x28 c:/program files (x86)/gnu arm aarch64/bin/../lib/gcc/aarch64-elf/8.2.1\libc.a(lib_a-strlcpy.o)
 .data          0x0000000000000000        0x0 c:/program files (x86)/gnu arm aarch64/bin/../lib/gcc/aarch64-elf/8.2.1\libc.a(lib_a-strlen.o)
 .bss           0x0000000000000000        0x0 c:/program files (x86)/gnu arm aarch64/bin/../lib/gcc/aarch64-elf/8.2.1\libc.a(lib_a-strlen.o)
 .text          0x0000000000000000        0x0 c:/program files (x86)/gnu arm aarch64/bin/../lib/gcc/aarch64-elf/8.2.1\libc.a(lib_a-strncasecmp.o)
 .data          0x0000000000000000        0x0 c:/program files (x86)/gnu arm aarch64/bin/../lib/gcc/aarch64-elf/8.2.1\libc.a(lib_a-strncasecmp.o)
 .bss           0x0000000000000000        0x0 c:/program files (x86)/gnu arm aarch64/bin/../lib/gcc/aarch64-elf/8.2.1\libc.a(lib_a-strncasecmp.o)
 .text.strncasecmp
                0x0000000000000000       0xcc c:/program files (x86)/gnu arm aarch64/bin/../lib/gcc/aarch64-elf/8.2.1\libc.a(lib_a-strncasecmp.o)
 .debug_info    0x0000000000000000      0x19e c:/program files (x86)/gnu arm aarch64/bin/../lib/gcc/aarch64-elf/8.2.1\libc.a(lib_a-strncasecmp.o)
 .debug_abbrev  0x0000000000000000       0xed c:/program files (x86)/gnu arm aarch64/bin/../lib/gcc/aarch64-elf/8.2.1\libc.a(lib_a-strncasecmp.o)
 .debug_loc     0x0000000000000000      0x30e c:/program files (x86)/gnu arm aarch64/bin/../lib/gcc/aarch64-elf/8.2.1\libc.a(lib_a-strncasecmp.o)
 .debug_aranges
                0x0000000000000000       0x30 c:/program files (x86)/gnu arm aarch64/bin/../lib/gcc/aarch64-elf/8.2.1\libc.a(lib_a-strncasecmp.o)
 .debug_ranges  0x0000000000000000       0xd0 c:/program files (x86)/gnu arm aarch64/bin/../lib/gcc/aarch64-elf/8.2.1\libc.a(lib_a-strncasecmp.o)
 .debug_line    0x0000000000000000      0x274 c:/program files (x86)/gnu arm aarch64/bin/../lib/gcc/aarch64-elf/8.2.1\libc.a(lib_a-strncasecmp.o)
 .debug_str     0x0000000000000000      0x242 c:/program files (x86)/gnu arm aarch64/bin/../lib/gcc/aarch64-elf/8.2.1\libc.a(lib_a-strncasecmp.o)
 .comment       0x0000000000000000       0x5f c:/program files (x86)/gnu arm aarch64/bin/../lib/gcc/aarch64-elf/8.2.1\libc.a(lib_a-strncasecmp.o)
 .debug_frame   0x0000000000000000       0x60 c:/program files (x86)/gnu arm aarch64/bin/../lib/gcc/aarch64-elf/8.2.1\libc.a(lib_a-strncasecmp.o)
 .text          0x0000000000000000      0x124 c:/program files (x86)/gnu arm aarch64/bin/../lib/gcc/aarch64-elf/8.2.1\libc.a(lib_a-strncmp.o)
 .data          0x0000000000000000        0x0 c:/program files (x86)/gnu arm aarch64/bin/../lib/gcc/aarch64-elf/8.2.1\libc.a(lib_a-strncmp.o)
 .bss           0x0000000000000000        0x0 c:/program files (x86)/gnu arm aarch64/bin/../lib/gcc/aarch64-elf/8.2.1\libc.a(lib_a-strncmp.o)
 .debug_line    0x0000000000000000      0x10a c:/program files (x86)/gnu arm aarch64/bin/../lib/gcc/aarch64-elf/8.2.1\libc.a(lib_a-strncmp.o)
 .debug_info    0x0000000000000000       0x2e c:/program files (x86)/gnu arm aarch64/bin/../lib/gcc/aarch64-elf/8.2.1\libc.a(lib_a-strncmp.o)
 .debug_abbrev  0x0000000000000000       0x14 c:/program files (x86)/gnu arm aarch64/bin/../lib/gcc/aarch64-elf/8.2.1\libc.a(lib_a-strncmp.o)
 .debug_aranges
                0x0000000000000000       0x30 c:/program files (x86)/gnu arm aarch64/bin/../lib/gcc/aarch64-elf/8.2.1\libc.a(lib_a-strncmp.o)
 .debug_str     0x0000000000000000      0x148 c:/program files (x86)/gnu arm aarch64/bin/../lib/gcc/aarch64-elf/8.2.1\libc.a(lib_a-strncmp.o)
 .text          0x0000000000000000        0x0 c:/program files (x86)/gnu arm aarch64/bin/../lib/gcc/aarch64-elf/8.2.1\libc.a(lib_a-strncpy.o)
 .data          0x0000000000000000        0x0 c:/program files (x86)/gnu arm aarch64/bin/../lib/gcc/aarch64-elf/8.2.1\libc.a(lib_a-strncpy.o)
 .bss           0x0000000000000000        0x0 c:/program files (x86)/gnu arm aarch64/bin/../lib/gcc/aarch64-elf/8.2.1\libc.a(lib_a-strncpy.o)
 .text.strncpy  0x0000000000000000       0xa8 c:/program files (x86)/gnu arm aarch64/bin/../lib/gcc/aarch64-elf/8.2.1\libc.a(lib_a-strncpy.o)
 .debug_info    0x0000000000000000      0x9da c:/program files (x86)/gnu arm aarch64/bin/../lib/gcc/aarch64-elf/8.2.1\libc.a(lib_a-strncpy.o)
 .debug_abbrev  0x0000000000000000      0x232 c:/program files (x86)/gnu arm aarch64/bin/../lib/gcc/aarch64-elf/8.2.1\libc.a(lib_a-strncpy.o)
 .debug_loc     0x0000000000000000      0x26f c:/program files (x86)/gnu arm aarch64/bin/../lib/gcc/aarch64-elf/8.2.1\libc.a(lib_a-strncpy.o)
 .debug_aranges
                0x0000000000000000       0x30 c:/program files (x86)/gnu arm aarch64/bin/../lib/gcc/aarch64-elf/8.2.1\libc.a(lib_a-strncpy.o)
 .debug_ranges  0x0000000000000000       0x20 c:/program files (x86)/gnu arm aarch64/bin/../lib/gcc/aarch64-elf/8.2.1\libc.a(lib_a-strncpy.o)
 .debug_line    0x0000000000000000      0x32b c:/program files (x86)/gnu arm aarch64/bin/../lib/gcc/aarch64-elf/8.2.1\libc.a(lib_a-strncpy.o)
 .debug_str     0x0000000000000000      0x63d c:/program files (x86)/gnu arm aarch64/bin/../lib/gcc/aarch64-elf/8.2.1\libc.a(lib_a-strncpy.o)
 .comment       0x0000000000000000       0x5f c:/program files (x86)/gnu arm aarch64/bin/../lib/gcc/aarch64-elf/8.2.1\libc.a(lib_a-strncpy.o)
 .debug_frame   0x0000000000000000       0x28 c:/program files (x86)/gnu arm aarch64/bin/../lib/gcc/aarch64-elf/8.2.1\libc.a(lib_a-strncpy.o)
 .data          0x0000000000000000        0x0 c:/program files (x86)/gnu arm aarch64/bin/../lib/gcc/aarch64-elf/8.2.1\libc.a(lib_a-strnlen.o)
 .bss           0x0000000000000000        0x0 c:/program files (x86)/gnu arm aarch64/bin/../lib/gcc/aarch64-elf/8.2.1\libc.a(lib_a-strnlen.o)
 .text          0x0000000000000000        0x0 c:/program files (x86)/gnu arm aarch64/bin/../lib/gcc/aarch64-elf/8.2.1\libc.a(lib_a-strtol.o)
 .data          0x0000000000000000        0x0 c:/program files (x86)/gnu arm aarch64/bin/../lib/gcc/aarch64-elf/8.2.1\libc.a(lib_a-strtol.o)
 .bss           0x0000000000000000        0x0 c:/program files (x86)/gnu arm aarch64/bin/../lib/gcc/aarch64-elf/8.2.1\libc.a(lib_a-strtol.o)
 .text._strtol_l.isra.0
                0x0000000000000000      0x1d0 c:/program files (x86)/gnu arm aarch64/bin/../lib/gcc/aarch64-elf/8.2.1\libc.a(lib_a-strtol.o)
 .text._strtol_r
                0x0000000000000000       0x20 c:/program files (x86)/gnu arm aarch64/bin/../lib/gcc/aarch64-elf/8.2.1\libc.a(lib_a-strtol.o)
 .text.strtol_l
                0x0000000000000000       0x1c c:/program files (x86)/gnu arm aarch64/bin/../lib/gcc/aarch64-elf/8.2.1\libc.a(lib_a-strtol.o)
 .text.strtol   0x0000000000000000       0x30 c:/program files (x86)/gnu arm aarch64/bin/../lib/gcc/aarch64-elf/8.2.1\libc.a(lib_a-strtol.o)
 .debug_info    0x0000000000000000     0x1289 c:/program files (x86)/gnu arm aarch64/bin/../lib/gcc/aarch64-elf/8.2.1\libc.a(lib_a-strtol.o)
 .debug_abbrev  0x0000000000000000      0x334 c:/program files (x86)/gnu arm aarch64/bin/../lib/gcc/aarch64-elf/8.2.1\libc.a(lib_a-strtol.o)
 .debug_loc     0x0000000000000000      0xa63 c:/program files (x86)/gnu arm aarch64/bin/../lib/gcc/aarch64-elf/8.2.1\libc.a(lib_a-strtol.o)
 .debug_aranges
                0x0000000000000000       0x60 c:/program files (x86)/gnu arm aarch64/bin/../lib/gcc/aarch64-elf/8.2.1\libc.a(lib_a-strtol.o)
 .debug_ranges  0x0000000000000000       0x80 c:/program files (x86)/gnu arm aarch64/bin/../lib/gcc/aarch64-elf/8.2.1\libc.a(lib_a-strtol.o)
 .debug_line    0x0000000000000000      0x57b c:/program files (x86)/gnu arm aarch64/bin/../lib/gcc/aarch64-elf/8.2.1\libc.a(lib_a-strtol.o)
 .debug_str     0x0000000000000000      0x9df c:/program files (x86)/gnu arm aarch64/bin/../lib/gcc/aarch64-elf/8.2.1\libc.a(lib_a-strtol.o)
 .comment       0x0000000000000000       0x5f c:/program files (x86)/gnu arm aarch64/bin/../lib/gcc/aarch64-elf/8.2.1\libc.a(lib_a-strtol.o)
 .debug_frame   0x0000000000000000       0xa0 c:/program files (x86)/gnu arm aarch64/bin/../lib/gcc/aarch64-elf/8.2.1\libc.a(lib_a-strtol.o)
 .text          0x0000000000000000        0x0 c:/program files (x86)/gnu arm aarch64/bin/../lib/gcc/aarch64-elf/8.2.1\libc.a(lib_a-wctob.o)
 .data          0x0000000000000000        0x0 c:/program files (x86)/gnu arm aarch64/bin/../lib/gcc/aarch64-elf/8.2.1\libc.a(lib_a-wctob.o)
 .bss           0x0000000000000000        0x0 c:/program files (x86)/gnu arm aarch64/bin/../lib/gcc/aarch64-elf/8.2.1\libc.a(lib_a-wctob.o)
 .comment       0x0000000000000000       0x5f c:/program files (x86)/gnu arm aarch64/bin/../lib/gcc/aarch64-elf/8.2.1\libc.a(lib_a-wctob.o)
 .debug_frame   0x0000000000000000       0x48 c:/program files (x86)/gnu arm aarch64/bin/../lib/gcc/aarch64-elf/8.2.1\libc.a(lib_a-wctob.o)
 .text          0x0000000000000000        0x0 c:/program files (x86)/gnu arm aarch64/bin/../lib/gcc/aarch64-elf/8.2.1\libc.a(lib_a-wctomb_r.o)
 .data          0x0000000000000000        0x0 c:/program files (x86)/gnu arm aarch64/bin/../lib/gcc/aarch64-elf/8.2.1\libc.a(lib_a-wctomb_r.o)
 .bss           0x0000000000000000        0x0 c:/program files (x86)/gnu arm aarch64/bin/../lib/gcc/aarch64-elf/8.2.1\libc.a(lib_a-wctomb_r.o)
 .text._wctomb_r
                0x0000000000000000       0x24 c:/program files (x86)/gnu arm aarch64/bin/../lib/gcc/aarch64-elf/8.2.1\libc.a(lib_a-wctomb_r.o)
 .text.__utf8_wctomb
                0x0000000000000000       0xe4 c:/program files (x86)/gnu arm aarch64/bin/../lib/gcc/aarch64-elf/8.2.1\libc.a(lib_a-wctomb_r.o)
 .text.__sjis_wctomb
                0x0000000000000000       0x84 c:/program files (x86)/gnu arm aarch64/bin/../lib/gcc/aarch64-elf/8.2.1\libc.a(lib_a-wctomb_r.o)
 .text.__eucjp_wctomb
                0x0000000000000000       0xa8 c:/program files (x86)/gnu arm aarch64/bin/../lib/gcc/aarch64-elf/8.2.1\libc.a(lib_a-wctomb_r.o)
 .text.__jis_wctomb
                0x0000000000000000       0xbc c:/program files (x86)/gnu arm aarch64/bin/../lib/gcc/aarch64-elf/8.2.1\libc.a(lib_a-wctomb_r.o)
 .comment       0x0000000000000000       0x5f c:/program files (x86)/gnu arm aarch64/bin/../lib/gcc/aarch64-elf/8.2.1\libc.a(lib_a-wctomb_r.o)
 .debug_frame   0x0000000000000000       0xa0 c:/program files (x86)/gnu arm aarch64/bin/../lib/gcc/aarch64-elf/8.2.1\libc.a(lib_a-wctomb_r.o)
 .text          0x0000000000000000        0x0 c:/program files (x86)/gnu arm aarch64/bin/../lib/gcc/aarch64-elf/8.2.1\libc.a(lib_a-ctype_.o)
 .data          0x0000000000000000        0x0 c:/program files (x86)/gnu arm aarch64/bin/../lib/gcc/aarch64-elf/8.2.1\libc.a(lib_a-ctype_.o)
 .bss           0x0000000000000000        0x0 c:/program files (x86)/gnu arm aarch64/bin/../lib/gcc/aarch64-elf/8.2.1\libc.a(lib_a-ctype_.o)
 .text.__set_ctype
                0x0000000000000000       0x10 c:/program files (x86)/gnu arm aarch64/bin/../lib/gcc/aarch64-elf/8.2.1\libc.a(lib_a-ctype_.o)
 .comment       0x0000000000000000       0x5f c:/program files (x86)/gnu arm aarch64/bin/../lib/gcc/aarch64-elf/8.2.1\libc.a(lib_a-ctype_.o)
 .debug_frame   0x0000000000000000       0x28 c:/program files (x86)/gnu arm aarch64/bin/../lib/gcc/aarch64-elf/8.2.1\libc.a(lib_a-ctype_.o)
 .text          0x0000000000000000        0x0 c:/program files (x86)/gnu arm aarch64/bin/../lib/gcc/aarch64-elf/8.2.1\libc.a(lib_a-freer.o)
 .data          0x0000000000000000        0x0 c:/program files (x86)/gnu arm aarch64/bin/../lib/gcc/aarch64-elf/8.2.1\libc.a(lib_a-freer.o)
 .bss           0x0000000000000000        0x0 c:/program files (x86)/gnu arm aarch64/bin/../lib/gcc/aarch64-elf/8.2.1\libc.a(lib_a-freer.o)
 .comment       0x0000000000000000       0x5f c:/program files (x86)/gnu arm aarch64/bin/../lib/gcc/aarch64-elf/8.2.1\libc.a(lib_a-freer.o)
 .debug_frame   0x0000000000000000       0xa8 c:/program files (x86)/gnu arm aarch64/bin/../lib/gcc/aarch64-elf/8.2.1\libc.a(lib_a-freer.o)
 .text          0x0000000000000000        0x0 c:/program files (x86)/gnu arm aarch64/bin/../lib/gcc/aarch64-elf/8.2.1\libc.a(lib_a-getenv_r.o)
 .data          0x0000000000000000        0x0 c:/program files (x86)/gnu arm aarch64/bin/../lib/gcc/aarch64-elf/8.2.1\libc.a(lib_a-getenv_r.o)
 .bss           0x0000000000000000        0x0 c:/program files (x86)/gnu arm aarch64/bin/../lib/gcc/aarch64-elf/8.2.1\libc.a(lib_a-getenv_r.o)
 .text._findenv_r
                0x0000000000000000       0xf4 c:/program files (x86)/gnu arm aarch64/bin/../lib/gcc/aarch64-elf/8.2.1\libc.a(lib_a-getenv_r.o)
 .text._getenv_r
                0x0000000000000000       0x18 c:/program files (x86)/gnu arm aarch64/bin/../lib/gcc/aarch64-elf/8.2.1\libc.a(lib_a-getenv_r.o)
 .debug_info    0x0000000000000000      0xae1 c:/program files (x86)/gnu arm aarch64/bin/../lib/gcc/aarch64-elf/8.2.1\libc.a(lib_a-getenv_r.o)
 .debug_abbrev  0x0000000000000000      0x261 c:/program files (x86)/gnu arm aarch64/bin/../lib/gcc/aarch64-elf/8.2.1\libc.a(lib_a-getenv_r.o)
 .debug_loc     0x0000000000000000      0x312 c:/program files (x86)/gnu arm aarch64/bin/../lib/gcc/aarch64-elf/8.2.1\libc.a(lib_a-getenv_r.o)
 .debug_aranges
                0x0000000000000000       0x40 c:/program files (x86)/gnu arm aarch64/bin/../lib/gcc/aarch64-elf/8.2.1\libc.a(lib_a-getenv_r.o)
 .debug_ranges  0x0000000000000000       0x30 c:/program files (x86)/gnu arm aarch64/bin/../lib/gcc/aarch64-elf/8.2.1\libc.a(lib_a-getenv_r.o)
 .debug_line    0x0000000000000000      0x386 c:/program files (x86)/gnu arm aarch64/bin/../lib/gcc/aarch64-elf/8.2.1\libc.a(lib_a-getenv_r.o)
 .debug_str     0x0000000000000000      0x66e c:/program files (x86)/gnu arm aarch64/bin/../lib/gcc/aarch64-elf/8.2.1\libc.a(lib_a-getenv_r.o)
 .comment       0x0000000000000000       0x5f c:/program files (x86)/gnu arm aarch64/bin/../lib/gcc/aarch64-elf/8.2.1\libc.a(lib_a-getenv_r.o)
 .debug_frame   0x0000000000000000       0x88 c:/program files (x86)/gnu arm aarch64/bin/../lib/gcc/aarch64-elf/8.2.1\libc.a(lib_a-getenv_r.o)
 .text          0x0000000000000000        0x0 c:/program files (x86)/gnu arm aarch64/bin/../lib/gcc/aarch64-elf/8.2.1\libc.a(lib_a-impure.o)
 .data          0x0000000000000000        0x0 c:/program files (x86)/gnu arm aarch64/bin/../lib/gcc/aarch64-elf/8.2.1\libc.a(lib_a-impure.o)
 .bss           0x0000000000000000        0x0 c:/program files (x86)/gnu arm aarch64/bin/../lib/gcc/aarch64-elf/8.2.1\libc.a(lib_a-impure.o)
 .rodata._global_impure_ptr
                0x0000000000000000        0x8 c:/program files (x86)/gnu arm aarch64/bin/../lib/gcc/aarch64-elf/8.2.1\libc.a(lib_a-impure.o)
 .comment       0x0000000000000000       0x5f c:/program files (x86)/gnu arm aarch64/bin/../lib/gcc/aarch64-elf/8.2.1\libc.a(lib_a-impure.o)
 .text          0x0000000000000000        0x0 c:/program files (x86)/gnu arm aarch64/bin/../lib/gcc/aarch64-elf/8.2.1\libc.a(lib_a-environ.o)
 .data          0x0000000000000000        0x0 c:/program files (x86)/gnu arm aarch64/bin/../lib/gcc/aarch64-elf/8.2.1\libc.a(lib_a-environ.o)
 .bss           0x0000000000000000        0x0 c:/program files (x86)/gnu arm aarch64/bin/../lib/gcc/aarch64-elf/8.2.1\libc.a(lib_a-environ.o)
 .bss.initial_env
                0x0000000000000000        0x8 c:/program files (x86)/gnu arm aarch64/bin/../lib/gcc/aarch64-elf/8.2.1\libc.a(lib_a-environ.o)
 .data.environ  0x0000000000000000        0x8 c:/program files (x86)/gnu arm aarch64/bin/../lib/gcc/aarch64-elf/8.2.1\libc.a(lib_a-environ.o)
 .debug_info    0x0000000000000000       0x74 c:/program files (x86)/gnu arm aarch64/bin/../lib/gcc/aarch64-elf/8.2.1\libc.a(lib_a-environ.o)
 .debug_abbrev  0x0000000000000000       0x5a c:/program files (x86)/gnu arm aarch64/bin/../lib/gcc/aarch64-elf/8.2.1\libc.a(lib_a-environ.o)
 .debug_aranges
                0x0000000000000000       0x20 c:/program files (x86)/gnu arm aarch64/bin/../lib/gcc/aarch64-elf/8.2.1\libc.a(lib_a-environ.o)
 .debug_line    0x0000000000000000       0xaa c:/program files (x86)/gnu arm aarch64/bin/../lib/gcc/aarch64-elf/8.2.1\libc.a(lib_a-environ.o)
 .debug_str     0x0000000000000000      0x1bd c:/program files (x86)/gnu arm aarch64/bin/../lib/gcc/aarch64-elf/8.2.1\libc.a(lib_a-environ.o)
 .comment       0x0000000000000000       0x5f c:/program files (x86)/gnu arm aarch64/bin/../lib/gcc/aarch64-elf/8.2.1\libc.a(lib_a-environ.o)
 .text          0x0000000000000000        0x0 c:/program files (x86)/gnu arm aarch64/bin/../lib/gcc/aarch64-elf/8.2.1\libc.a(lib_a-envlock.o)
 .data          0x0000000000000000        0x0 c:/program files (x86)/gnu arm aarch64/bin/../lib/gcc/aarch64-elf/8.2.1\libc.a(lib_a-envlock.o)
 .bss           0x0000000000000000        0x0 c:/program files (x86)/gnu arm aarch64/bin/../lib/gcc/aarch64-elf/8.2.1\libc.a(lib_a-envlock.o)
 .text.__env_lock
                0x0000000000000000        0x4 c:/program files (x86)/gnu arm aarch64/bin/../lib/gcc/aarch64-elf/8.2.1\libc.a(lib_a-envlock.o)
 .text.__env_unlock
                0x0000000000000000        0x4 c:/program files (x86)/gnu arm aarch64/bin/../lib/gcc/aarch64-elf/8.2.1\libc.a(lib_a-envlock.o)
 .debug_info    0x0000000000000000      0x971 c:/program files (x86)/gnu arm aarch64/bin/../lib/gcc/aarch64-elf/8.2.1\libc.a(lib_a-envlock.o)
 .debug_abbrev  0x0000000000000000      0x212 c:/program files (x86)/gnu arm aarch64/bin/../lib/gcc/aarch64-elf/8.2.1\libc.a(lib_a-envlock.o)
 .debug_aranges
                0x0000000000000000       0x30 c:/program files (x86)/gnu arm aarch64/bin/../lib/gcc/aarch64-elf/8.2.1\libc.a(lib_a-envlock.o)
 .debug_ranges  0x0000000000000000       0x20 c:/program files (x86)/gnu arm aarch64/bin/../lib/gcc/aarch64-elf/8.2.1\libc.a(lib_a-envlock.o)
 .debug_line    0x0000000000000000      0x28f c:/program files (x86)/gnu arm aarch64/bin/../lib/gcc/aarch64-elf/8.2.1\libc.a(lib_a-envlock.o)
 .debug_str     0x0000000000000000      0x634 c:/program files (x86)/gnu arm aarch64/bin/../lib/gcc/aarch64-elf/8.2.1\libc.a(lib_a-envlock.o)
 .comment       0x0000000000000000       0x5f c:/program files (x86)/gnu arm aarch64/bin/../lib/gcc/aarch64-elf/8.2.1\libc.a(lib_a-envlock.o)
 .debug_frame   0x0000000000000000       0x40 c:/program files (x86)/gnu arm aarch64/bin/../lib/gcc/aarch64-elf/8.2.1\libc.a(lib_a-envlock.o)

Memory Configuration

Name             Origin             Length             Attributes
RAM              0x0000000000080000 0x0000000008000000 xrw
*default*        0x0000000000000000 0xffffffffffffffff

Linker script and memory map


.text           0x0000000000080000     0xb060
                0x0000000000080000                . = ALIGN (0x4)
                0x0000000000080000                __text_start__ = .
                0x0000000000080000                _start = .
 *(.text.startup)
 .text.startup  0x0000000000080000      0x308 C:\Users\isheik\AppData\Local\Temp\ccHTSkUt.o
                0x000000000008029c                RPi_CpuIdString
                0x00000000000802b0                EnableInterrupts
                0x00000000000802b8                DisableInterrupts
                0x00000000000802c0                CoreExecute
 *(.text .text.* .gnu.linkonce.t.*)
 *fill*         0x0000000000080308        0x8 
 .text          0x0000000000080310       0x88 C:\Users\isheik\AppData\Local\Temp\ccUf9cc8.o
                0x0000000000080310                kernel_main
 *fill*         0x0000000000080398        0x8 
 .text          0x00000000000803a0      0x5d8 C:\Users\isheik\AppData\Local\Temp\ccFVtQea.o
                0x00000000000803a0                DisplayDirectory
                0x00000000000804d0                dump
                0x00000000000805a0                runConsole
 *fill*         0x0000000000080978        0x8 
 .text          0x0000000000080980       0x7c C:\Users\isheik\AppData\Local\Temp\cc6K2jLi.o
                0x0000000000080980                loadBinaryFromFile
 .text.ARMaddrToGPUaddr
                0x00000000000809fc        0xc C:\Users\isheik\AppData\Local\Temp\ccHTSkUt.o
                0x00000000000809fc                ARMaddrToGPUaddr
 *fill*         0x0000000000080a08      0x5f8 
 .text.GPUaddrToARMaddr
                0x0000000000081000      0xf84 C:\Users\isheik\AppData\Local\Temp\ccHTSkUt.o
                0x0000000000081000                GPUaddrToARMaddr
                0x000000000008100c                c_irq_handler
                0x0000000000081010                c_irq_identify_and_clear_source
                0x0000000000081014                irq_handler
                0x0000000000081800                VectorTable
 *fill*         0x0000000000081f84        0xc 
 .text          0x0000000000081f90     0x24b0 C:\Users\isheik\AppData\Local\Temp\ccSqWClh.o
                0x0000000000082fd0                gpio_setup
                0x0000000000083040                gpio_output
                0x00000000000830b0                gpio_input
                0x00000000000830f0                gpio_checkEvent
                0x0000000000083130                gpio_clearEvent
                0x0000000000083170                gpio_edgeDetect
                0x0000000000083210                gpio_fixResistor
                0x00000000000832f0                timer_getTickCount
                0x0000000000083320                timer_wait
                0x0000000000083380                tick_difference
                0x0000000000083390                mailbox_write
                0x00000000000833d0                mailbox_read
                0x0000000000083420                mailbox_tag_message
                0x00000000000835c0                set_Activity_LED
                0x0000000000083740                ARM_setmaxspeed
                0x00000000000837d0                displaySmartStart
                0x0000000000083840                Embedded_Console_WriteChar
                0x00000000000838f0                WriteText
                0x00000000000839e0                SetDCPenColor
                0x0000000000083a00                SetDCBrushColor
                0x0000000000083a20                MoveToEx
                0x0000000000083a50                LineTo
                0x0000000000083b20                TextOut
                0x0000000000083ba0                BmpOut
                0x0000000000083bf0                CvtBmpLine
                0x0000000000083f90                SmartStartPutPixelRaw
                0x0000000000083fa0                Rectangle
                0x0000000000083fd0                PiConsole_Init
                0x0000000000084260                GetConsoleDC
                0x0000000000084270                GetConsole_FrameBuffer
                0x0000000000084280                GetConsole_Width
                0x0000000000084290                GetConsole_Height
                0x00000000000842a0                _sbrk
                0x00000000000842d0                _kill
                0x00000000000842f0                _getpid
                0x0000000000084300                _read
                0x0000000000084310                _close
                0x0000000000084320                _lseek
                0x0000000000084330                _isatty
                0x0000000000084340                _fstat
                0x0000000000084350                _exit
                0x0000000000084360                _write
 .text          0x0000000000084440      0xd24 C:\Users\isheik\AppData\Local\Temp\ccZ9YyHm.o
                0x00000000000846f0                vsprintf
                0x0000000000085020                sprintf
                0x00000000000850a0                printf
 *fill*         0x0000000000085164        0xc 
 .text          0x0000000000085170     0x39ec C:\Users\isheik\AppData\Local\Temp\ccbZNah2.o
                0x00000000000864d0                sdTransferBlocks
                0x0000000000086840                sdClearBlocks
                0x00000000000869c0                getSetNextCluster
                0x0000000000086c10                WildcardMatch
                0x0000000000087540                sdFindFirstFile
                0x0000000000087930                sdFindNextFile
                0x00000000000879f0                sdFindClose
                0x0000000000087a40                sdCreateFile
                0x0000000000087e70                sdReadFile
                0x00000000000881b0                sdCloseHandle
                0x0000000000088200                sdSetFilePointer
                0x0000000000088610                sdGetFileSize
                0x0000000000088650                sdInitCard
                0x0000000000088b40                sdCardCSD
 *fill*         0x0000000000088b5c        0x4 
 .text          0x0000000000088b60      0x368 C:\Users\isheik\AppData\Local\Temp\ccVhNao3.o
                0x0000000000088b60                fonts_is_implemented
                0x0000000000088b80                fonts_char_to_font
                0x0000000000088ba0                fonts_init
 *fill*         0x0000000000088ec8        0x8 
 .text          0x0000000000088ed0      0xa58 C:\Users\isheik\AppData\Local\Temp\ccKExyT6.o
                0x0000000000088ed0                hal_io_init
                0x0000000000088ee0                hal_io_video_init
                0x0000000000088ef0                hal_io_video_line
                0x0000000000088ff0                hal_io_video_putc
                0x00000000000892a0                hal_io_video_putc_x_y
                0x00000000000894e0                hal_io_video_puts
                0x00000000000897b0                hal_io_video_put_pixel
                0x00000000000897e0                hal_io_serial_init
                0x0000000000089880                hal_io_serial_puts
                0x00000000000898c0                hal_io_serial_putc
                0x00000000000898f0                hal_io_serial_getc
 .text.__locale_ctype_ptr
                0x0000000000089928       0x24 c:/program files (x86)/gnu arm aarch64/bin/../lib/gcc/aarch64-elf/8.2.1\libc.a(lib_a-locale.o)
                0x0000000000089928                __locale_ctype_ptr
 *fill*         0x000000000008994c        0x4 
 .text.malloc   0x0000000000089950       0x10 c:/program files (x86)/gnu arm aarch64/bin/../lib/gcc/aarch64-elf/8.2.1\libc.a(lib_a-malloc.o)
                0x0000000000089950                malloc
 .text.free     0x0000000000089960       0x10 c:/program files (x86)/gnu arm aarch64/bin/../lib/gcc/aarch64-elf/8.2.1\libc.a(lib_a-malloc.o)
                0x0000000000089960                free
 .text._malloc_r
                0x0000000000089970      0x7f0 c:/program files (x86)/gnu arm aarch64/bin/../lib/gcc/aarch64-elf/8.2.1\libc.a(lib_a-mallocr.o)
                0x0000000000089970                _malloc_r
 .text.__ascii_mbtowc
                0x000000000008a160       0x48 c:/program files (x86)/gnu arm aarch64/bin/../lib/gcc/aarch64-elf/8.2.1\libc.a(lib_a-mbtowc_r.o)
                0x000000000008a160                __ascii_mbtowc
 *fill*         0x000000000008a1a8       0x18 
 .text          0x000000000008a1c0      0x16c c:/program files (x86)/gnu arm aarch64/bin/../lib/gcc/aarch64-elf/8.2.1\libc.a(lib_a-memcpy.o)
                0x000000000008a1c0                memcpy
 *fill*         0x000000000008a32c       0x14 
 .text          0x000000000008a340      0x1d8 c:/program files (x86)/gnu arm aarch64/bin/../lib/gcc/aarch64-elf/8.2.1\libc.a(lib_a-memset.o)
                0x000000000008a340                memset
 .text.__malloc_lock
                0x000000000008a518        0x4 c:/program files (x86)/gnu arm aarch64/bin/../lib/gcc/aarch64-elf/8.2.1\libc.a(lib_a-mlock.o)
                0x000000000008a518                __malloc_lock
 *fill*         0x000000000008a51c        0x4 
 .text.__malloc_unlock
                0x000000000008a520        0x4 c:/program files (x86)/gnu arm aarch64/bin/../lib/gcc/aarch64-elf/8.2.1\libc.a(lib_a-mlock.o)
                0x000000000008a520                __malloc_unlock
 *fill*         0x000000000008a524        0x4 
 .text._sbrk_r  0x000000000008a528       0x4c c:/program files (x86)/gnu arm aarch64/bin/../lib/gcc/aarch64-elf/8.2.1\libc.a(lib_a-sbrkr.o)
                0x000000000008a528                _sbrk_r
 *fill*         0x000000000008a574        0x4 
 .text.strcat   0x000000000008a578       0x74 c:/program files (x86)/gnu arm aarch64/bin/../lib/gcc/aarch64-elf/8.2.1\libc.a(lib_a-strcat.o)
                0x000000000008a578                strcat
 .text          0x000000000008a5ec       0xdc c:/program files (x86)/gnu arm aarch64/bin/../lib/gcc/aarch64-elf/8.2.1\libc.a(lib_a-strchr.o)
                0x000000000008a5ec                strchr
 *fill*         0x000000000008a6c8       0x38 
 .text          0x000000000008a700       0xa4 c:/program files (x86)/gnu arm aarch64/bin/../lib/gcc/aarch64-elf/8.2.1\libc.a(lib_a-strcmp.o)
                0x000000000008a700                strcmp
 *fill*         0x000000000008a7a4       0x1c 
 .text          0x000000000008a7c0      0x1b8 c:/program files (x86)/gnu arm aarch64/bin/../lib/gcc/aarch64-elf/8.2.1\libc.a(lib_a-strcpy.o)
                0x000000000008a7c0                strcpy
 *fill*         0x000000000008a978        0x8 
 .text          0x000000000008a980      0x140 c:/program files (x86)/gnu arm aarch64/bin/../lib/gcc/aarch64-elf/8.2.1\libc.a(lib_a-strlen.o)
                0x000000000008a980                strlen
 .text          0x000000000008aac0       0xe0 c:/program files (x86)/gnu arm aarch64/bin/../lib/gcc/aarch64-elf/8.2.1\libc.a(lib_a-strnlen.o)
                0x000000000008aae4                strnlen
 .text.wctob    0x000000000008aba0       0x84 c:/program files (x86)/gnu arm aarch64/bin/../lib/gcc/aarch64-elf/8.2.1\libc.a(lib_a-wctob.o)
                0x000000000008aba0                wctob
 *fill*         0x000000000008ac24        0x4 
 .text.__ascii_wctomb
                0x000000000008ac28       0x34 c:/program files (x86)/gnu arm aarch64/bin/../lib/gcc/aarch64-elf/8.2.1\libc.a(lib_a-wctomb_r.o)
                0x000000000008ac28                __ascii_wctomb
 *fill*         0x000000000008ac5c        0x4 
 .text._malloc_trim_r
                0x000000000008ac60      0x10c c:/program files (x86)/gnu arm aarch64/bin/../lib/gcc/aarch64-elf/8.2.1\libc.a(lib_a-freer.o)
                0x000000000008ac60                _malloc_trim_r
 *fill*         0x000000000008ad6c        0x4 
 .text._free_r  0x000000000008ad70      0x2f0 c:/program files (x86)/gnu arm aarch64/bin/../lib/gcc/aarch64-elf/8.2.1\libc.a(lib_a-freer.o)
                0x000000000008ad70                _free_r
 *(.rel.text .rel.text.* .rel.gnu.linkonce.t.*)
 *(.init .init.*)
                0x000000000008b060                . = ALIGN (0x4)
                0x000000000008b060                __text_end__ = .

.iplt           0x000000000008b060        0x0
 .iplt          0x000000000008b060        0x0 C:\Users\isheik\AppData\Local\Temp\ccUf9cc8.o

.bss            0x000000000008b060     0x314c
                0x000000000008b060                . = ALIGN (0x4)
                0x000000000008b060                __bss_start__ = .
 *(.bss .bss.* .gnu.linkonce.b.*)
 .bss           0x000000000008b060       0x70 C:\Users\isheik\AppData\Local\Temp\ccSqWClh.o
                0x000000000008b064                console
 .bss           0x000000000008b0d0     0x25a0 C:\Users\isheik\AppData\Local\Temp\ccbZNah2.o
                0x000000000008b0d0                LOG_ERROR
 .bss           0x000000000008d670      0xaf4 C:\Users\isheik\AppData\Local\Temp\ccVhNao3.o
 *fill*         0x000000000008e164        0x4 
 .bss.__malloc_current_mallinfo
                0x000000000008e168       0x28 c:/program files (x86)/gnu arm aarch64/bin/../lib/gcc/aarch64-elf/8.2.1\libc.a(lib_a-mallocr.o)
                0x000000000008e168                __malloc_current_mallinfo
 .bss.__malloc_max_sbrked_mem
                0x000000000008e190        0x8 c:/program files (x86)/gnu arm aarch64/bin/../lib/gcc/aarch64-elf/8.2.1\libc.a(lib_a-mallocr.o)
                0x000000000008e190                __malloc_max_sbrked_mem
 .bss.__malloc_max_total_mem
                0x000000000008e198        0x8 c:/program files (x86)/gnu arm aarch64/bin/../lib/gcc/aarch64-elf/8.2.1\libc.a(lib_a-mallocr.o)
                0x000000000008e198                __malloc_max_total_mem
 .bss.__malloc_top_pad
                0x000000000008e1a0        0x8 c:/program files (x86)/gnu arm aarch64/bin/../lib/gcc/aarch64-elf/8.2.1\libc.a(lib_a-mallocr.o)
                0x000000000008e1a0                __malloc_top_pad
 *(.rela.bss .rela.bss.* .rela.gnu.linkonce.b.*)
 *(COMMON)
 COMMON         0x000000000008e1a8        0x4 c:/program files (x86)/gnu arm aarch64/bin/../lib/gcc/aarch64-elf/8.2.1\libc.a(lib_a-reent.o)
                0x000000000008e1a8                errno
                0x000000000008e1ac                . = ALIGN (0x4)
                0x000000000008e1ac                __bss_end__ = .

.rodata         0x000000000008e1b0     0x1894
                0x000000000008e1b0                . = ALIGN (0x4)
                0x000000000008e1b0                __rodata_start__ = .
 *(.rodata .rodata.*)
 .rodata.str1.8
                0x000000000008e1b0        0xc C:\Users\isheik\AppData\Local\Temp\ccUf9cc8.o
                                         0x14 (size before relaxing)
 *fill*         0x000000000008e1bc        0x4 
 .rodata        0x000000000008e1c0       0x60 C:\Users\isheik\AppData\Local\Temp\ccFVtQea.o
 .rodata.str1.8
                0x000000000008e220      0x1e4 C:\Users\isheik\AppData\Local\Temp\ccFVtQea.o
                                        0x1ec (size before relaxing)
 .rodata.cpuid  0x000000000008e404        0xc C:\Users\isheik\AppData\Local\Temp\ccHTSkUt.o
 .rodata        0x000000000008e410     0x1004 C:\Users\isheik\AppData\Local\Temp\ccSqWClh.o
                0x000000000008f410                BitFontEnd
 *fill*         0x000000000008f414        0x4 
 .rodata.str1.8
                0x000000000008f418       0xec C:\Users\isheik\AppData\Local\Temp\ccSqWClh.o
 *fill*         0x000000000008f504        0x4 
 .rodata        0x000000000008f508       0x10 C:\Users\isheik\AppData\Local\Temp\ccZ9YyHm.o
 .rodata        0x000000000008f518       0x28 C:\Users\isheik\AppData\Local\Temp\ccbZNah2.o
 .rodata.str1.8
                0x000000000008f540      0x39a C:\Users\isheik\AppData\Local\Temp\ccbZNah2.o
 *fill*         0x000000000008f8da        0x6 
 .rodata.str1.8
                0x000000000008f8e0       0x60 c:/program files (x86)/gnu arm aarch64/bin/../lib/gcc/aarch64-elf/8.2.1\libc.a(lib_a-locale.o)
                                         0x64 (size before relaxing)
 .rodata._ctype_
                0x000000000008f940      0x101 c:/program files (x86)/gnu arm aarch64/bin/../lib/gcc/aarch64-elf/8.2.1\libc.a(lib_a-ctype_.o)
                0x000000000008f940                _ctype_
 *(.rel.rodata .rel.rodata.* .rel.gnu.linkonce.r.*)
                0x000000000008fa44                . = ALIGN (0x4)
 *fill*         0x000000000008fa41        0x3 
                0x000000000008fa44                __rodata_end__ = .

.rela.dyn       0x000000000008fa48        0x0
 .rela.iplt     0x000000000008fa48        0x0 C:\Users\isheik\AppData\Local\Temp\ccUf9cc8.o
 .rela.text.startup
                0x000000000008fa48        0x0 C:\Users\isheik\AppData\Local\Temp\ccUf9cc8.o
 .rela.text     0x000000000008fa48        0x0 C:\Users\isheik\AppData\Local\Temp\ccUf9cc8.o
 .rela.text._sbrk_r
                0x000000000008fa48        0x0 C:\Users\isheik\AppData\Local\Temp\ccUf9cc8.o

.data           0x000000000008fa48     0x14e8
                0x000000000008fa48                . = ALIGN (0x4)
                0x000000000008fa48                __data_start__ = .
 *(.data .data.* .gnu.linkonce.d.*)
 .data.smartstart64
                0x000000000008fa48       0x18 C:\Users\isheik\AppData\Local\Temp\ccHTSkUt.o
                0x000000000008fa48                RPi_IO_Base_Addr
                0x000000000008fa4c                RPi_BootAddr
                0x000000000008fa50                RPi_CoresReady
                0x000000000008fa54                RPi_CPUBootMode
                0x000000000008fa58                RPi_CpuId
                0x000000000008fa5c                RPi_CompileMode
 .data          0x000000000008fa60        0x4 C:\Users\isheik\AppData\Local\Temp\ccSqWClh.o
 *fill*         0x000000000008fa64        0x4 
 .data          0x000000000008fa68      0x3a8 C:\Users\isheik\AppData\Local\Temp\ccbZNah2.o
 .data          0x000000000008fe10        0x8 C:\Users\isheik\AppData\Local\Temp\ccKExyT6.o
                0x000000000008fe10                curr_y
                0x000000000008fe14                curr_x
 .data.__global_locale
                0x000000000008fe18      0x1a8 c:/program files (x86)/gnu arm aarch64/bin/../lib/gcc/aarch64-elf/8.2.1\libc.a(lib_a-locale.o)
                0x000000000008fe18                __global_locale
 .data.__malloc_av_
                0x000000000008ffc0      0x810 c:/program files (x86)/gnu arm aarch64/bin/../lib/gcc/aarch64-elf/8.2.1\libc.a(lib_a-mallocr.o)
                0x000000000008ffc0                __malloc_av_
 .data.__malloc_sbrk_base
                0x00000000000907d0        0x8 c:/program files (x86)/gnu arm aarch64/bin/../lib/gcc/aarch64-elf/8.2.1\libc.a(lib_a-mallocr.o)
                0x00000000000907d0                __malloc_sbrk_base
 .data.__malloc_trim_threshold
                0x00000000000907d8        0x8 c:/program files (x86)/gnu arm aarch64/bin/../lib/gcc/aarch64-elf/8.2.1\libc.a(lib_a-mallocr.o)
                0x00000000000907d8                __malloc_trim_threshold
 .data._impure_ptr
                0x00000000000907e0        0x8 c:/program files (x86)/gnu arm aarch64/bin/../lib/gcc/aarch64-elf/8.2.1\libc.a(lib_a-impure.o)
                0x00000000000907e0                _impure_ptr
 .data.impure_data
                0x00000000000907e8      0x748 c:/program files (x86)/gnu arm aarch64/bin/../lib/gcc/aarch64-elf/8.2.1\libc.a(lib_a-impure.o)
 *(.rel.data .rel.data.* .rel.gnu.linkonce.d.*)
                0x0000000000090f30                . = ALIGN (0x4)
                0x0000000000090f30                __data_end__ = .

.igot.plt       0x0000000000090f30        0x0
 .igot.plt      0x0000000000090f30        0x0 C:\Users\isheik\AppData\Local\Temp\ccUf9cc8.o

.data1          0x0000000000090f30        0x0
                0x0000000000090f30                . = ALIGN (0x10)
                0x0000000000090f30                __data1_start__ = .
 *(.data1 .data1.*)
 *(.rel.data1 .rel.data1.*)
                0x0000000000090f30                . = ALIGN (0x10)
                0x0000000000090f30                __data1_end__ = .

.stack          0x0000000000090f30     0xc200
                0x0000000000090f30                . = ALIGN (0x10)
                0x0000000000090f30                __stack_start__ = .
                0x0000000000091130                . = (. + 0x200)
 *fill*         0x0000000000090f30      0x200 
                0x0000000000091130                __EL0_stack_core0 = .
                0x0000000000099130                . = (. + 0x8000)
 *fill*         0x0000000000091130     0x8000 
                0x0000000000099130                __EL1_stack_core0 = .
                0x000000000009d130                . = (. + 0x4000)
 *fill*         0x0000000000099130     0x4000 
                0x000000000009d130                __EL2_stack_core0 = .
                0x000000000009d130                . = ALIGN (0x10)
                0x000000000009d130                __stack_end__ = .

.stack_core1    0x000000000009d130     0x1400
                0x000000000009d130                . = ALIGN (0x10)
                0x000000000009d130                __stack_start_core1__ = .
                0x000000000009d330                . = (. + 0x200)
 *fill*         0x000000000009d130      0x200 
                0x000000000009d330                __EL0_stack_core1 = .
                0x000000000009d530                . = (. + 0x200)
 *fill*         0x000000000009d330      0x200 
                0x000000000009d530                __EL1_stack_core1 = .
                0x000000000009e530                . = (. + 0x1000)
 *fill*         0x000000000009d530     0x1000 
                0x000000000009e530                __EL2_stack_core1 = .
                0x000000000009e530                . = ALIGN (0x10)
                0x000000000009e530                __stack_end_core1__ = .

.stack_core2    0x000000000009e530     0x1400
                0x000000000009e530                . = ALIGN (0x10)
                0x000000000009e530                __stack_start_core2__ = .
                0x000000000009e730                . = (. + 0x200)
 *fill*         0x000000000009e530      0x200 
                0x000000000009e730                __EL0_stack_core2 = .
                0x000000000009e930                . = (. + 0x200)
 *fill*         0x000000000009e730      0x200 
                0x000000000009e930                __EL1_stack_core2 = .
                0x000000000009f930                . = (. + 0x1000)
 *fill*         0x000000000009e930     0x1000 
                0x000000000009f930                __EL2_stack_core2 = .
                0x000000000009f930                . = ALIGN (0x10)
                0x000000000009f930                __stack_end_core2__ = .

.stack_core3    0x000000000009f930     0x1400
                0x000000000009f930                . = ALIGN (0x10)
                0x000000000009f930                __stack_start_core3__ = .
                0x000000000009fb30                . = (. + 0x200)
 *fill*         0x000000000009f930      0x200 
                0x000000000009fb30                __EL0_stack_core3 = .
                0x000000000009fd30                . = (. + 0x200)
 *fill*         0x000000000009fb30      0x200 
                0x000000000009fd30                __EL1_stack_core3 = .
                0x00000000000a0d30                . = (. + 0x1000)
 *fill*         0x000000000009fd30     0x1000 
                0x00000000000a0d30                __EL2_stack_core3 = .
                0x00000000000a0d30                . = ALIGN (0x10)
                0x00000000000a0d30                __stack_end_core3__ = .

.ARM.attributes
 *(.ARM.attributes)

.Heap           0x00000000000a0d30        0x0
                0x00000000000a0d30                . = ALIGN (0x4)
                0x00000000000a0d30                __heap_start__ = .
                0x00000000000a0d30                __end__ = .
                [!provide]                        PROVIDE (__end__ = .)
                0x00000000000a0d30                _end = .
                [!provide]                        PROVIDE (end = .)

/DISCARD/
 *(.ARM.exidx .ARM.exidx.*)
 *(.rel.ARM.exidx .rel.ARM.exidx.* .gnu.linkonce.armexidx.*)
 *(.debug_frame .debug_frame.*)
 *(.comment *.comment.*)
 *(.symtab .symtab.*)
 *(.strtab .strtab.*)
 *(.shstrtab .shstrtab.*)
 *(.note.GNU-stack)
 *(.gnu_debuglink)
 *(.gnu.lto_*)
LOAD C:\Users\isheik\AppData\Local\Temp\ccUf9cc8.o
LOAD C:\Users\isheik\AppData\Local\Temp\ccFVtQea.o
LOAD C:\Users\isheik\AppData\Local\Temp\cc6K2jLi.o
LOAD C:\Users\isheik\AppData\Local\Temp\ccHTSkUt.o
LOAD C:\Users\isheik\AppData\Local\Temp\ccSqWClh.o
LOAD C:\Users\isheik\AppData\Local\Temp\ccZ9YyHm.o
LOAD C:\Users\isheik\AppData\Local\Temp\ccbZNah2.o
LOAD C:\Users\isheik\AppData\Local\Temp\ccVhNao3.o
LOAD C:\Users\isheik\AppData\Local\Temp\ccKExyT6.o
LOAD c:/program files (x86)/gnu arm aarch64/bin/../lib/gcc/aarch64-elf/8.2.1\libc.a
LOAD c:/program files (x86)/gnu arm aarch64/bin/../lib/gcc/aarch64-elf/8.2.1\libm.a
LOAD c:/program files (x86)/gnu arm aarch64/bin/../lib/gcc/aarch64-elf/8.2.1\libgcc.a
OUTPUT(output/kernel_rp3.elf elf64-littleaarch64)

.debug_info     0x0000000000000000     0xc16f
 .debug_info    0x0000000000000000     0x2011 c:/program files (x86)/gnu arm aarch64/bin/../lib/gcc/aarch64-elf/8.2.1\libc.a(lib_a-locale.o)
 .debug_info    0x0000000000002011      0x9d6 c:/program files (x86)/gnu arm aarch64/bin/../lib/gcc/aarch64-elf/8.2.1\libc.a(lib_a-malloc.o)
 .debug_info    0x00000000000029e7      0xf8b c:/program files (x86)/gnu arm aarch64/bin/../lib/gcc/aarch64-elf/8.2.1\libc.a(lib_a-mallocr.o)
 .debug_info    0x0000000000003972     0x1563 c:/program files (x86)/gnu arm aarch64/bin/../lib/gcc/aarch64-elf/8.2.1\libc.a(lib_a-mbtowc_r.o)
 .debug_info    0x0000000000004ed5       0x2e c:/program files (x86)/gnu arm aarch64/bin/../lib/gcc/aarch64-elf/8.2.1\libc.a(lib_a-memcpy.o)
 .debug_info    0x0000000000004f03       0x2e c:/program files (x86)/gnu arm aarch64/bin/../lib/gcc/aarch64-elf/8.2.1\libc.a(lib_a-memset.o)
 .debug_info    0x0000000000004f31      0x971 c:/program files (x86)/gnu arm aarch64/bin/../lib/gcc/aarch64-elf/8.2.1\libc.a(lib_a-mlock.o)
 .debug_info    0x00000000000058a2      0xb1d c:/program files (x86)/gnu arm aarch64/bin/../lib/gcc/aarch64-elf/8.2.1\libc.a(lib_a-reent.o)
 .debug_info    0x00000000000063bf      0xa0e c:/program files (x86)/gnu arm aarch64/bin/../lib/gcc/aarch64-elf/8.2.1\libc.a(lib_a-sbrkr.o)
 .debug_info    0x0000000000006dcd      0x9c0 c:/program files (x86)/gnu arm aarch64/bin/../lib/gcc/aarch64-elf/8.2.1\libc.a(lib_a-strcat.o)
 .debug_info    0x000000000000778d       0x2e c:/program files (x86)/gnu arm aarch64/bin/../lib/gcc/aarch64-elf/8.2.1\libc.a(lib_a-strchr.o)
 .debug_info    0x00000000000077bb       0x2e c:/program files (x86)/gnu arm aarch64/bin/../lib/gcc/aarch64-elf/8.2.1\libc.a(lib_a-strcmp.o)
 .debug_info    0x00000000000077e9       0x2e c:/program files (x86)/gnu arm aarch64/bin/../lib/gcc/aarch64-elf/8.2.1\libc.a(lib_a-strcpy.o)
 .debug_info    0x0000000000007817       0x2e c:/program files (x86)/gnu arm aarch64/bin/../lib/gcc/aarch64-elf/8.2.1\libc.a(lib_a-strlen.o)
 .debug_info    0x0000000000007845       0x2e c:/program files (x86)/gnu arm aarch64/bin/../lib/gcc/aarch64-elf/8.2.1\libc.a(lib_a-strnlen.o)
 .debug_info    0x0000000000007873      0xfba c:/program files (x86)/gnu arm aarch64/bin/../lib/gcc/aarch64-elf/8.2.1\libc.a(lib_a-wctob.o)
 .debug_info    0x000000000000882d     0x1314 c:/program files (x86)/gnu arm aarch64/bin/../lib/gcc/aarch64-elf/8.2.1\libc.a(lib_a-wctomb_r.o)
 .debug_info    0x0000000000009b41      0xf05 c:/program files (x86)/gnu arm aarch64/bin/../lib/gcc/aarch64-elf/8.2.1\libc.a(lib_a-ctype_.o)
 .debug_info    0x000000000000aa46      0xdef c:/program files (x86)/gnu arm aarch64/bin/../lib/gcc/aarch64-elf/8.2.1\libc.a(lib_a-freer.o)
 .debug_info    0x000000000000b835      0x93a c:/program files (x86)/gnu arm aarch64/bin/../lib/gcc/aarch64-elf/8.2.1\libc.a(lib_a-impure.o)

.debug_abbrev   0x0000000000000000     0x2339
 .debug_abbrev  0x0000000000000000      0x414 c:/program files (x86)/gnu arm aarch64/bin/../lib/gcc/aarch64-elf/8.2.1\libc.a(lib_a-locale.o)
 .debug_abbrev  0x0000000000000414      0x23f c:/program files (x86)/gnu arm aarch64/bin/../lib/gcc/aarch64-elf/8.2.1\libc.a(lib_a-malloc.o)
 .debug_abbrev  0x0000000000000653      0x330 c:/program files (x86)/gnu arm aarch64/bin/../lib/gcc/aarch64-elf/8.2.1\libc.a(lib_a-mallocr.o)
 .debug_abbrev  0x0000000000000983      0x388 c:/program files (x86)/gnu arm aarch64/bin/../lib/gcc/aarch64-elf/8.2.1\libc.a(lib_a-mbtowc_r.o)
 .debug_abbrev  0x0000000000000d0b       0x14 c:/program files (x86)/gnu arm aarch64/bin/../lib/gcc/aarch64-elf/8.2.1\libc.a(lib_a-memcpy.o)
 .debug_abbrev  0x0000000000000d1f       0x14 c:/program files (x86)/gnu arm aarch64/bin/../lib/gcc/aarch64-elf/8.2.1\libc.a(lib_a-memset.o)
 .debug_abbrev  0x0000000000000d33      0x20e c:/program files (x86)/gnu arm aarch64/bin/../lib/gcc/aarch64-elf/8.2.1\libc.a(lib_a-mlock.o)
 .debug_abbrev  0x0000000000000f41      0x2c9 c:/program files (x86)/gnu arm aarch64/bin/../lib/gcc/aarch64-elf/8.2.1\libc.a(lib_a-reent.o)
 .debug_abbrev  0x000000000000120a      0x25f c:/program files (x86)/gnu arm aarch64/bin/../lib/gcc/aarch64-elf/8.2.1\libc.a(lib_a-sbrkr.o)
 .debug_abbrev  0x0000000000001469      0x23b c:/program files (x86)/gnu arm aarch64/bin/../lib/gcc/aarch64-elf/8.2.1\libc.a(lib_a-strcat.o)
 .debug_abbrev  0x00000000000016a4       0x14 c:/program files (x86)/gnu arm aarch64/bin/../lib/gcc/aarch64-elf/8.2.1\libc.a(lib_a-strchr.o)
 .debug_abbrev  0x00000000000016b8       0x14 c:/program files (x86)/gnu arm aarch64/bin/../lib/gcc/aarch64-elf/8.2.1\libc.a(lib_a-strcmp.o)
 .debug_abbrev  0x00000000000016cc       0x14 c:/program files (x86)/gnu arm aarch64/bin/../lib/gcc/aarch64-elf/8.2.1\libc.a(lib_a-strcpy.o)
 .debug_abbrev  0x00000000000016e0       0x14 c:/program files (x86)/gnu arm aarch64/bin/../lib/gcc/aarch64-elf/8.2.1\libc.a(lib_a-strlen.o)
 .debug_abbrev  0x00000000000016f4       0x14 c:/program files (x86)/gnu arm aarch64/bin/../lib/gcc/aarch64-elf/8.2.1\libc.a(lib_a-strnlen.o)
 .debug_abbrev  0x0000000000001708      0x297 c:/program files (x86)/gnu arm aarch64/bin/../lib/gcc/aarch64-elf/8.2.1\libc.a(lib_a-wctob.o)
 .debug_abbrev  0x000000000000199f      0x2ce c:/program files (x86)/gnu arm aarch64/bin/../lib/gcc/aarch64-elf/8.2.1\libc.a(lib_a-wctomb_r.o)
 .debug_abbrev  0x0000000000001c6d      0x22d c:/program files (x86)/gnu arm aarch64/bin/../lib/gcc/aarch64-elf/8.2.1\libc.a(lib_a-ctype_.o)
 .debug_abbrev  0x0000000000001e9a      0x2d8 c:/program files (x86)/gnu arm aarch64/bin/../lib/gcc/aarch64-elf/8.2.1\libc.a(lib_a-freer.o)
 .debug_abbrev  0x0000000000002172      0x1c7 c:/program files (x86)/gnu arm aarch64/bin/../lib/gcc/aarch64-elf/8.2.1\libc.a(lib_a-impure.o)

.debug_loc      0x0000000000000000     0x65bd
 .debug_loc     0x0000000000000000     0x1506 c:/program files (x86)/gnu arm aarch64/bin/../lib/gcc/aarch64-elf/8.2.1\libc.a(lib_a-locale.o)
 .debug_loc     0x0000000000001506       0xa4 c:/program files (x86)/gnu arm aarch64/bin/../lib/gcc/aarch64-elf/8.2.1\libc.a(lib_a-malloc.o)
 .debug_loc     0x00000000000015aa     0x181b c:/program files (x86)/gnu arm aarch64/bin/../lib/gcc/aarch64-elf/8.2.1\libc.a(lib_a-mallocr.o)
 .debug_loc     0x0000000000002dc5     0x166d c:/program files (x86)/gnu arm aarch64/bin/../lib/gcc/aarch64-elf/8.2.1\libc.a(lib_a-mbtowc_r.o)
 .debug_loc     0x0000000000004432      0x24a c:/program files (x86)/gnu arm aarch64/bin/../lib/gcc/aarch64-elf/8.2.1\libc.a(lib_a-reent.o)
 .debug_loc     0x000000000000467c       0xe1 c:/program files (x86)/gnu arm aarch64/bin/../lib/gcc/aarch64-elf/8.2.1\libc.a(lib_a-sbrkr.o)
 .debug_loc     0x000000000000475d      0x12e c:/program files (x86)/gnu arm aarch64/bin/../lib/gcc/aarch64-elf/8.2.1\libc.a(lib_a-strcat.o)
 .debug_loc     0x000000000000488b       0xce c:/program files (x86)/gnu arm aarch64/bin/../lib/gcc/aarch64-elf/8.2.1\libc.a(lib_a-wctob.o)
 .debug_loc     0x0000000000004959     0x1157 c:/program files (x86)/gnu arm aarch64/bin/../lib/gcc/aarch64-elf/8.2.1\libc.a(lib_a-wctomb_r.o)
 .debug_loc     0x0000000000005ab0       0x81 c:/program files (x86)/gnu arm aarch64/bin/../lib/gcc/aarch64-elf/8.2.1\libc.a(lib_a-ctype_.o)
 .debug_loc     0x0000000000005b31      0xa8c c:/program files (x86)/gnu arm aarch64/bin/../lib/gcc/aarch64-elf/8.2.1\libc.a(lib_a-freer.o)

.debug_aranges  0x0000000000000000      0x4f0
 .debug_aranges
                0x0000000000000000       0xa0 c:/program files (x86)/gnu arm aarch64/bin/../lib/gcc/aarch64-elf/8.2.1\libc.a(lib_a-locale.o)
 .debug_aranges
                0x00000000000000a0       0x40 c:/program files (x86)/gnu arm aarch64/bin/../lib/gcc/aarch64-elf/8.2.1\libc.a(lib_a-malloc.o)
 .debug_aranges
                0x00000000000000e0       0x30 c:/program files (x86)/gnu arm aarch64/bin/../lib/gcc/aarch64-elf/8.2.1\libc.a(lib_a-mallocr.o)
 .debug_aranges
                0x0000000000000110       0x80 c:/program files (x86)/gnu arm aarch64/bin/../lib/gcc/aarch64-elf/8.2.1\libc.a(lib_a-mbtowc_r.o)
 .debug_aranges
                0x0000000000000190       0x30 c:/program files (x86)/gnu arm aarch64/bin/../lib/gcc/aarch64-elf/8.2.1\libc.a(lib_a-memcpy.o)
 .debug_aranges
                0x00000000000001c0       0x30 c:/program files (x86)/gnu arm aarch64/bin/../lib/gcc/aarch64-elf/8.2.1\libc.a(lib_a-memset.o)
 .debug_aranges
                0x00000000000001f0       0x30 c:/program files (x86)/gnu arm aarch64/bin/../lib/gcc/aarch64-elf/8.2.1\libc.a(lib_a-mlock.o)
 .debug_aranges
                0x0000000000000220       0x40 c:/program files (x86)/gnu arm aarch64/bin/../lib/gcc/aarch64-elf/8.2.1\libc.a(lib_a-reent.o)
 .debug_aranges
                0x0000000000000260       0x30 c:/program files (x86)/gnu arm aarch64/bin/../lib/gcc/aarch64-elf/8.2.1\libc.a(lib_a-sbrkr.o)
 .debug_aranges
                0x0000000000000290       0x30 c:/program files (x86)/gnu arm aarch64/bin/../lib/gcc/aarch64-elf/8.2.1\libc.a(lib_a-strcat.o)
 .debug_aranges
                0x00000000000002c0       0x30 c:/program files (x86)/gnu arm aarch64/bin/../lib/gcc/aarch64-elf/8.2.1\libc.a(lib_a-strchr.o)
 .debug_aranges
                0x00000000000002f0       0x30 c:/program files (x86)/gnu arm aarch64/bin/../lib/gcc/aarch64-elf/8.2.1\libc.a(lib_a-strcmp.o)
 .debug_aranges
                0x0000000000000320       0x30 c:/program files (x86)/gnu arm aarch64/bin/../lib/gcc/aarch64-elf/8.2.1\libc.a(lib_a-strcpy.o)
 .debug_aranges
                0x0000000000000350       0x30 c:/program files (x86)/gnu arm aarch64/bin/../lib/gcc/aarch64-elf/8.2.1\libc.a(lib_a-strlen.o)
 .debug_aranges
                0x0000000000000380       0x30 c:/program files (x86)/gnu arm aarch64/bin/../lib/gcc/aarch64-elf/8.2.1\libc.a(lib_a-strnlen.o)
 .debug_aranges
                0x00000000000003b0       0x30 c:/program files (x86)/gnu arm aarch64/bin/../lib/gcc/aarch64-elf/8.2.1\libc.a(lib_a-wctob.o)
 .debug_aranges
                0x00000000000003e0       0x80 c:/program files (x86)/gnu arm aarch64/bin/../lib/gcc/aarch64-elf/8.2.1\libc.a(lib_a-wctomb_r.o)
 .debug_aranges
                0x0000000000000460       0x30 c:/program files (x86)/gnu arm aarch64/bin/../lib/gcc/aarch64-elf/8.2.1\libc.a(lib_a-ctype_.o)
 .debug_aranges
                0x0000000000000490       0x40 c:/program files (x86)/gnu arm aarch64/bin/../lib/gcc/aarch64-elf/8.2.1\libc.a(lib_a-freer.o)
 .debug_aranges
                0x00000000000004d0       0x20 c:/program files (x86)/gnu arm aarch64/bin/../lib/gcc/aarch64-elf/8.2.1\libc.a(lib_a-impure.o)

.debug_ranges   0x0000000000000000      0x520
 .debug_ranges  0x0000000000000000      0x1c0 c:/program files (x86)/gnu arm aarch64/bin/../lib/gcc/aarch64-elf/8.2.1\libc.a(lib_a-locale.o)
 .debug_ranges  0x00000000000001c0       0x30 c:/program files (x86)/gnu arm aarch64/bin/../lib/gcc/aarch64-elf/8.2.1\libc.a(lib_a-malloc.o)
 .debug_ranges  0x00000000000001f0       0x80 c:/program files (x86)/gnu arm aarch64/bin/../lib/gcc/aarch64-elf/8.2.1\libc.a(lib_a-mallocr.o)
 .debug_ranges  0x0000000000000270      0x100 c:/program files (x86)/gnu arm aarch64/bin/../lib/gcc/aarch64-elf/8.2.1\libc.a(lib_a-mbtowc_r.o)
 .debug_ranges  0x0000000000000370       0x20 c:/program files (x86)/gnu arm aarch64/bin/../lib/gcc/aarch64-elf/8.2.1\libc.a(lib_a-mlock.o)
 .debug_ranges  0x0000000000000390       0x30 c:/program files (x86)/gnu arm aarch64/bin/../lib/gcc/aarch64-elf/8.2.1\libc.a(lib_a-reent.o)
 .debug_ranges  0x00000000000003c0       0x20 c:/program files (x86)/gnu arm aarch64/bin/../lib/gcc/aarch64-elf/8.2.1\libc.a(lib_a-sbrkr.o)
 .debug_ranges  0x00000000000003e0       0x20 c:/program files (x86)/gnu arm aarch64/bin/../lib/gcc/aarch64-elf/8.2.1\libc.a(lib_a-strcat.o)
 .debug_ranges  0x0000000000000400       0x60 c:/program files (x86)/gnu arm aarch64/bin/../lib/gcc/aarch64-elf/8.2.1\libc.a(lib_a-wctob.o)
 .debug_ranges  0x0000000000000460       0x70 c:/program files (x86)/gnu arm aarch64/bin/../lib/gcc/aarch64-elf/8.2.1\libc.a(lib_a-wctomb_r.o)
 .debug_ranges  0x00000000000004d0       0x20 c:/program files (x86)/gnu arm aarch64/bin/../lib/gcc/aarch64-elf/8.2.1\libc.a(lib_a-ctype_.o)
 .debug_ranges  0x00000000000004f0       0x30 c:/program files (x86)/gnu arm aarch64/bin/../lib/gcc/aarch64-elf/8.2.1\libc.a(lib_a-freer.o)

.debug_line     0x0000000000000000     0x4dd9
 .debug_line    0x0000000000000000      0xc84 c:/program files (x86)/gnu arm aarch64/bin/../lib/gcc/aarch64-elf/8.2.1\libc.a(lib_a-locale.o)
 .debug_line    0x0000000000000c84      0x2b8 c:/program files (x86)/gnu arm aarch64/bin/../lib/gcc/aarch64-elf/8.2.1\libc.a(lib_a-malloc.o)
 .debug_line    0x0000000000000f3c      0x99a c:/program files (x86)/gnu arm aarch64/bin/../lib/gcc/aarch64-elf/8.2.1\libc.a(lib_a-mallocr.o)
 .debug_line    0x00000000000018d6      0xb67 c:/program files (x86)/gnu arm aarch64/bin/../lib/gcc/aarch64-elf/8.2.1\libc.a(lib_a-mbtowc_r.o)
 .debug_line    0x000000000000243d      0x11f c:/program files (x86)/gnu arm aarch64/bin/../lib/gcc/aarch64-elf/8.2.1\libc.a(lib_a-memcpy.o)
 .debug_line    0x000000000000255c      0x139 c:/program files (x86)/gnu arm aarch64/bin/../lib/gcc/aarch64-elf/8.2.1\libc.a(lib_a-memset.o)
 .debug_line    0x0000000000002695      0x1ff c:/program files (x86)/gnu arm aarch64/bin/../lib/gcc/aarch64-elf/8.2.1\libc.a(lib_a-mlock.o)
 .debug_line    0x0000000000002894      0x37b c:/program files (x86)/gnu arm aarch64/bin/../lib/gcc/aarch64-elf/8.2.1\libc.a(lib_a-reent.o)
 .debug_line    0x0000000000002c0f      0x2d0 c:/program files (x86)/gnu arm aarch64/bin/../lib/gcc/aarch64-elf/8.2.1\libc.a(lib_a-sbrkr.o)
 .debug_line    0x0000000000002edf      0x2d1 c:/program files (x86)/gnu arm aarch64/bin/../lib/gcc/aarch64-elf/8.2.1\libc.a(lib_a-strcat.o)
 .debug_line    0x00000000000031b0       0xfc c:/program files (x86)/gnu arm aarch64/bin/../lib/gcc/aarch64-elf/8.2.1\libc.a(lib_a-strchr.o)
 .debug_line    0x00000000000032ac       0xf0 c:/program files (x86)/gnu arm aarch64/bin/../lib/gcc/aarch64-elf/8.2.1\libc.a(lib_a-strcmp.o)
 .debug_line    0x000000000000339c      0x12e c:/program files (x86)/gnu arm aarch64/bin/../lib/gcc/aarch64-elf/8.2.1\libc.a(lib_a-strcpy.o)
 .debug_line    0x00000000000034ca      0x119 c:/program files (x86)/gnu arm aarch64/bin/../lib/gcc/aarch64-elf/8.2.1\libc.a(lib_a-strlen.o)
 .debug_line    0x00000000000035e3       0xfe c:/program files (x86)/gnu arm aarch64/bin/../lib/gcc/aarch64-elf/8.2.1\libc.a(lib_a-strnlen.o)
 .debug_line    0x00000000000036e1      0x3ce c:/program files (x86)/gnu arm aarch64/bin/../lib/gcc/aarch64-elf/8.2.1\libc.a(lib_a-wctob.o)
 .debug_line    0x0000000000003aaf      0x781 c:/program files (x86)/gnu arm aarch64/bin/../lib/gcc/aarch64-elf/8.2.1\libc.a(lib_a-wctomb_r.o)
 .debug_line    0x0000000000004230      0x35a c:/program files (x86)/gnu arm aarch64/bin/../lib/gcc/aarch64-elf/8.2.1\libc.a(lib_a-ctype_.o)
 .debug_line    0x000000000000458a      0x66c c:/program files (x86)/gnu arm aarch64/bin/../lib/gcc/aarch64-elf/8.2.1\libc.a(lib_a-freer.o)
 .debug_line    0x0000000000004bf6      0x1e3 c:/program files (x86)/gnu arm aarch64/bin/../lib/gcc/aarch64-elf/8.2.1\libc.a(lib_a-impure.o)

.debug_str      0x0000000000000000     0x1b8e
 .debug_str     0x0000000000000000      0x9f6 c:/program files (x86)/gnu arm aarch64/bin/../lib/gcc/aarch64-elf/8.2.1\libc.a(lib_a-locale.o)
                                        0xb50 (size before relaxing)
 .debug_str     0x00000000000009f6      0x14a c:/program files (x86)/gnu arm aarch64/bin/../lib/gcc/aarch64-elf/8.2.1\libc.a(lib_a-malloc.o)
                                        0x640 (size before relaxing)
 .debug_str     0x0000000000000b40      0x298 c:/program files (x86)/gnu arm aarch64/bin/../lib/gcc/aarch64-elf/8.2.1\libc.a(lib_a-mallocr.o)
                                        0x877 (size before relaxing)
 .debug_str     0x0000000000000dd8      0x1d2 c:/program files (x86)/gnu arm aarch64/bin/../lib/gcc/aarch64-elf/8.2.1\libc.a(lib_a-mbtowc_r.o)
                                        0xada (size before relaxing)
 .debug_str     0x0000000000000faa      0x147 c:/program files (x86)/gnu arm aarch64/bin/../lib/gcc/aarch64-elf/8.2.1\libc.a(lib_a-memcpy.o)
 .debug_str     0x00000000000010f1       0x92 c:/program files (x86)/gnu arm aarch64/bin/../lib/gcc/aarch64-elf/8.2.1\libc.a(lib_a-memset.o)
                                        0x147 (size before relaxing)
 .debug_str     0x0000000000001183       0xa1 c:/program files (x86)/gnu arm aarch64/bin/../lib/gcc/aarch64-elf/8.2.1\libc.a(lib_a-mlock.o)
                                        0x63b (size before relaxing)
 .debug_str     0x0000000000001224      0x150 c:/program files (x86)/gnu arm aarch64/bin/../lib/gcc/aarch64-elf/8.2.1\libc.a(lib_a-reent.o)
                                        0x64b (size before relaxing)
 .debug_str     0x0000000000001374       0x9c c:/program files (x86)/gnu arm aarch64/bin/../lib/gcc/aarch64-elf/8.2.1\libc.a(lib_a-sbrkr.o)
                                        0x652 (size before relaxing)
 .debug_str     0x0000000000001410      0x132 c:/program files (x86)/gnu arm aarch64/bin/../lib/gcc/aarch64-elf/8.2.1\libc.a(lib_a-strcat.o)
                                        0x61e (size before relaxing)
 .debug_str     0x0000000000001542       0x92 c:/program files (x86)/gnu arm aarch64/bin/../lib/gcc/aarch64-elf/8.2.1\libc.a(lib_a-strchr.o)
                                        0x147 (size before relaxing)
 .debug_str     0x00000000000015d4       0x92 c:/program files (x86)/gnu arm aarch64/bin/../lib/gcc/aarch64-elf/8.2.1\libc.a(lib_a-strcmp.o)
                                        0x147 (size before relaxing)
 .debug_str     0x0000000000001666       0x92 c:/program files (x86)/gnu arm aarch64/bin/../lib/gcc/aarch64-elf/8.2.1\libc.a(lib_a-strcpy.o)
                                        0x147 (size before relaxing)
 .debug_str     0x00000000000016f8       0x92 c:/program files (x86)/gnu arm aarch64/bin/../lib/gcc/aarch64-elf/8.2.1\libc.a(lib_a-strlen.o)
                                        0x147 (size before relaxing)
 .debug_str     0x000000000000178a       0x93 c:/program files (x86)/gnu arm aarch64/bin/../lib/gcc/aarch64-elf/8.2.1\libc.a(lib_a-strnlen.o)
                                        0x148 (size before relaxing)
 .debug_str     0x000000000000181d       0x95 c:/program files (x86)/gnu arm aarch64/bin/../lib/gcc/aarch64-elf/8.2.1\libc.a(lib_a-wctob.o)
                                        0x986 (size before relaxing)
 .debug_str     0x00000000000018b2       0xef c:/program files (x86)/gnu arm aarch64/bin/../lib/gcc/aarch64-elf/8.2.1\libc.a(lib_a-wctomb_r.o)
                                        0x9fd (size before relaxing)
 .debug_str     0x00000000000019a1      0x125 c:/program files (x86)/gnu arm aarch64/bin/../lib/gcc/aarch64-elf/8.2.1\libc.a(lib_a-ctype_.o)
                                        0x93b (size before relaxing)
 .debug_str     0x0000000000001ac6       0x34 c:/program files (x86)/gnu arm aarch64/bin/../lib/gcc/aarch64-elf/8.2.1\libc.a(lib_a-freer.o)
                                        0x7f0 (size before relaxing)
 .debug_str     0x0000000000001afa       0x94 c:/program files (x86)/gnu arm aarch64/bin/../lib/gcc/aarch64-elf/8.2.1\libc.a(lib_a-impure.o)
                                        0x60f (size before relaxing)
